Component: ARM Compiler 5.05 update 1 (build 106) Tool: armlink [4d0efa]

==============================================================================

Section Cross References

    startup_stm32f40_41xxx.o(STACK) refers (Special) to heapauxi.o(.text) for __use_two_region_memory
    startup_stm32f40_41xxx.o(HEAP) refers (Special) to heapauxi.o(.text) for __use_two_region_memory
    startup_stm32f40_41xxx.o(RESET) refers (Special) to heapauxi.o(.text) for __use_two_region_memory
    startup_stm32f40_41xxx.o(RESET) refers to startup_stm32f40_41xxx.o(STACK) for __initial_sp
    startup_stm32f40_41xxx.o(RESET) refers to startup_stm32f40_41xxx.o(.text) for Reset_Handler
    startup_stm32f40_41xxx.o(RESET) refers to stm32f4xx_it.o(i.NMI_Handler) for NMI_Handler
    startup_stm32f40_41xxx.o(RESET) refers to cmb_fault.o(.text) for HardFault_Handler
    startup_stm32f40_41xxx.o(RESET) refers to stm32f4xx_it.o(i.MemManage_Handler) for MemManage_Handler
    startup_stm32f40_41xxx.o(RESET) refers to stm32f4xx_it.o(i.BusFault_Handler) for BusFault_Handler
    startup_stm32f40_41xxx.o(RESET) refers to stm32f4xx_it.o(i.UsageFault_Handler) for UsageFault_Handler
    startup_stm32f40_41xxx.o(RESET) refers to port.o(.emb_text) for SVC_Handler
    startup_stm32f40_41xxx.o(RESET) refers to stm32f4xx_it.o(i.DebugMon_Handler) for DebugMon_Handler
    startup_stm32f40_41xxx.o(RESET) refers to port.o(i.SysTick_Handler) for SysTick_Handler
    startup_stm32f40_41xxx.o(RESET) refers to usart.o(i.USART1_IRQHandler) for USART1_IRQHandler
    startup_stm32f40_41xxx.o(RESET) refers to ethernetif.o(i.ETH_IRQHandler) for ETH_IRQHandler
    startup_stm32f40_41xxx.o(RESET) refers to usart.o(i.DMA2_Stream7_IRQHandler) for DMA2_Stream7_IRQHandler
    startup_stm32f40_41xxx.o(.text) refers (Special) to heapauxi.o(.text) for __use_two_region_memory
    startup_stm32f40_41xxx.o(.text) refers to system_stm32f4xx.o(i.SystemInit) for SystemInit
    startup_stm32f40_41xxx.o(.text) refers to __main.o(!!!main) for __main
    startup_stm32f40_41xxx.o(.text) refers to startup_stm32f40_41xxx.o(HEAP) for Heap_Mem
    startup_stm32f40_41xxx.o(.text) refers to startup_stm32f40_41xxx.o(STACK) for Stack_Mem
    main.o(i.Delay) refers to tasks.o(i.vTaskDelay) for vTaskDelay
    main.o(i.__soft_reboot__) refers to main.o(i.__set_FAULTMASK) for __set_FAULTMASK
    main.o(i.init) refers to cli_task.o(i.cli_task_create) for cli_task_create
    main.o(i.init) refers to led_task.o(i.led_task_create) for led_task_create
    main.o(i.init) refers to net_tcp.o(i.tcp_task_create) for tcp_task_create
    main.o(i.main) refers to misc.o(i.NVIC_SetVectorTable) for NVIC_SetVectorTable
    main.o(i.main) refers to misc.o(i.NVIC_PriorityGroupConfig) for NVIC_PriorityGroupConfig
    main.o(i.main) refers to main.o(i.__set_FAULTMASK) for __set_FAULTMASK
    main.o(i.main) refers to main.o(i.init) for init
    main.o(i.main) refers to tasks.o(i.vTaskStartScheduler) for vTaskStartScheduler
    led_task.o(i.led_mainBoard_blink) refers to led.o(i.led_get_SYS_status) for led_get_SYS_status
    led_task.o(i.led_mainBoard_blink) refers to led.o(i.led_set_SYS_status) for led_set_SYS_status
    led_task.o(i.led_task) refers to tasks.o(i.xTaskGetTickCount) for xTaskGetTickCount
    led_task.o(i.led_task) refers to led_task.o(i.led_mainBoard_blink) for led_mainBoard_blink
    led_task.o(i.led_task) refers to tasks.o(i.vTaskDelayUntil) for vTaskDelayUntil
    led_task.o(i.led_task_create) refers to led.o(i.led_set_SYS_init) for led_set_SYS_init
    led_task.o(i.led_task_create) refers to tasks.o(i.xTaskCreate) for xTaskCreate
    led_task.o(i.led_task_create) refers to led_task.o(i.led_task) for led_task
    cli_task.o(i.cli_print_info) refers to queue.o(i.xQueueGenericSendFromISR) for xQueueGenericSendFromISR
    cli_task.o(i.cli_print_info) refers to cli_task.o(.bss) for cCliOutputString
    cli_task.o(i.cli_print_info) refers to cli_task.o(.data) for xCliSendCharsQueue
    cli_task.o(i.cli_receive_char_callback) refers to queue.o(i.xQueueGenericSendFromISR) for xQueueGenericSendFromISR
    cli_task.o(i.cli_receive_char_callback) refers to cli_task.o(.data) for xClilRecvCharsQueue
    cli_task.o(i.cli_send_frame_over_callback) refers to queue.o(i.xQueueGiveFromISR) for xQueueGiveFromISR
    cli_task.o(i.cli_send_frame_over_callback) refers to cli_task.o(.data) for xCliSerialSendCompleteBinary
    cli_task.o(i.cli_task_create) refers to queue.o(i.xQueueGenericCreate) for xQueueGenericCreate
    cli_task.o(i.cli_task_create) refers to queue.o(i.xQueueCreateMutex) for xQueueCreateMutex
    cli_task.o(i.cli_task_create) refers to serial.o(i.serial_cli_init) for serial_cli_init
    cli_task.o(i.cli_task_create) refers to serial.o(i.serial_cli_print_init) for serial_cli_print_init
    cli_task.o(i.cli_task_create) refers to tasks.o(i.xTaskCreate) for xTaskCreate
[...]
    sys_now                                  0x0800a023   Thumb Code     8  sys_arch.o(i.sys_now)
    sys_sem_free                             0x0800a02b   Thumb Code    12  sys_arch.o(i.sys_sem_free)
    sys_sem_new                              0x0800a037   Thumb Code    58  sys_arch.o(i.sys_sem_new)
    sys_sem_set_invalid                      0x0800a071   Thumb Code     6  sys_arch.o(i.sys_sem_set_invalid)
    sys_sem_signal                           0x0800a077   Thumb Code    18  sys_arch.o(i.sys_sem_signal)
    sys_sem_valid                            0x0800a089   Thumb Code    14  sys_arch.o(i.sys_sem_valid)
    sys_thread_new                           0x0800a099   Thumb Code    64  sys_arch.o(i.sys_thread_new)
    sys_timeout                              0x0800a0dd   Thumb Code   206  timeouts.o(i.sys_timeout)
    sys_timeouts_init                        0x0800a1b5   Thumb Code    38  timeouts.o(i.sys_timeouts_init)
    sys_timeouts_mbox_fetch                  0x0800a1e9   Thumb Code    58  timeouts.o(i.sys_timeouts_mbox_fetch)
    tcp_abandon                              0x0800a3fd   Thumb Code   230  tcp.o(i.tcp_abandon)
    tcp_abort                                0x0800a4f5   Thumb Code    14  tcp.o(i.tcp_abort)
    tcp_accept                               0x0800a503   Thumb Code    16  tcp.o(i.tcp_accept)
    tcp_alloc                                0x0800a529   Thumb Code   182  tcp.o(i.tcp_alloc)
    tcp_arg                                  0x0800a5f1   Thumb Code     6  tcp.o(i.tcp_arg)
    tcp_backlog_accepted                     0x0800a5f7   Thumb Code    40  tcp.o(i.tcp_backlog_accepted)
    tcp_backlog_delayed                      0x0800a61f   Thumb Code    40  tcp.o(i.tcp_backlog_delayed)
    tcp_bind                                 0x0800a649   Thumb Code   166  tcp.o(i.tcp_bind)
    tcp_cli_print                            0x0800a6fd   Thumb Code    14  net_tcp.o(i.tcp_cli_print)
    tcp_close                                0x0800ab89   Thumb Code    32  tcp.o(i.tcp_close)
    tcp_eff_send_mss_impl                    0x0800ae53   Thumb Code    58  tcp.o(i.tcp_eff_send_mss_impl)
    tcp_enqueue_flags                        0x0800ae8d   Thumb Code   288  tcp_out.o(i.tcp_enqueue_flags)
    tcp_err                                  0x0800afad   Thumb Code    12  tcp.o(i.tcp_err)
    tcp_fasttmr                              0x0800afb9   Thumb Code   138  tcp.o(i.tcp_fasttmr)
    tcp_init                                 0x0800b0a9   Thumb Code     2  tcp.o(i.tcp_init)
    tcp_input                                0x0800b0ad   Thumb Code  1250  tcp_in.o(i.tcp_input)
    tcp_keepalive                            0x0800b5fd   Thumb Code   114  tcp_out.o(i.tcp_keepalive)
    tcp_listen_with_backlog_and_err          0x0800b8f9   Thumb Code   218  tcp.o(i.tcp_listen_with_backlog_and_err)
    tcp_netif_ip_addr_changed                0x0800b9e1   Thumb Code    70  tcp.o(i.tcp_netif_ip_addr_changed)
    tcp_new_ip_type                          0x0800ba63   Thumb Code    16  tcp.o(i.tcp_new_ip_type)
    tcp_next_iss                             0x0800bb31   Thumb Code    22  tcp.o(i.tcp_next_iss)
    tcp_output                               0x0800bb51   Thumb Code   594  tcp_out.o(i.tcp_output)
    tcp_pcb_purge                            0x0800c021   Thumb Code    94  tcp.o(i.tcp_pcb_purge)
    tcp_pcb_remove                           0x0800c07f   Thumb Code   120  tcp.o(i.tcp_pcb_remove)
    tcp_poll                                 0x0800c0f7   Thumb Code    12  tcp.o(i.tcp_poll)
    tcp_process_refused_data                 0x0800c6e9   Thumb Code   154  tcp.o(i.tcp_process_refused_data)
    tcp_recv                                 0x0800cdcd   Thumb Code    10  tcp.o(i.tcp_recv)
    tcp_recv_null                            0x0800cdd7   Thumb Code    46  tcp.o(i.tcp_recv_null)
    tcp_recved                               0x0800ce05   Thumb Code   100  tcp.o(i.tcp_recved)
    tcp_rexmit                               0x0800ce81   Thumb Code    98  tcp_out.o(i.tcp_rexmit)
    tcp_rexmit_fast                          0x0800cee3   Thumb Code   118  tcp_out.o(i.tcp_rexmit_fast)
    tcp_rexmit_rto                           0x0800cf59   Thumb Code    76  tcp_out.o(i.tcp_rexmit_rto)
    tcp_rst                                  0x0800cfa5   Thumb Code   144  tcp_out.o(i.tcp_rst)
    tcp_seg_free                             0x0800d035   Thumb Code    26  tcp.o(i.tcp_seg_free)
    tcp_segs_free                            0x0800d04f   Thumb Code    24  tcp.o(i.tcp_segs_free)
    tcp_send_empty_ack                       0x0800d067   Thumb Code   126  tcp_out.o(i.tcp_send_empty_ack)
    tcp_send_fin                             0x0800d0e5   Thumb Code    74  tcp_out.o(i.tcp_send_fin)
    tcp_sent                                 0x0800d12f   Thumb Code    10  tcp.o(i.tcp_sent)
    tcp_shutdown                             0x0800da11   Thumb Code    98  tcp.o(i.tcp_shutdown)
    tcp_slowtmr                              0x0800da75   Thumb Code   882  tcp.o(i.tcp_slowtmr)
    tcp_task_create                          0x0800de09   Thumb Code   126  net_tcp.o(i.tcp_task_create)
    tcp_timer_needed                         0x0800de95   Thumb Code    38  timeouts.o(i.tcp_timer_needed)
    tcp_tmr                                  0x0800df71   Thumb Code    30  tcp.o(i.tcp_tmr)
    tcp_trigger_input_pcb_close              0x0800df95   Thumb Code    14  tcp_in.o(i.tcp_trigger_input_pcb_close)
    tcp_update_rcv_ann_wnd                   0x0800dfa9   Thumb Code    78  tcp.o(i.tcp_update_rcv_ann_wnd)
    tcp_write                                0x0800dff7   Thumb Code  1164  tcp_out.o(i.tcp_write)
    tcp_zero_window_probe                    0x0800e503   Thumb Code   246  tcp_out.o(i.tcp_zero_window_probe)
    tcpip_init                               0x0800e5f9   Thumb Code    66  tcpip.o(i.tcpip_init)
    tcpip_inpkt                              0x0800e659   Thumb Code    76  tcpip.o(i.tcpip_inpkt)
    tcpip_input                              0x0800e6a9   Thumb Code    40  tcpip.o(i.tcpip_input)
    tcpip_send_msg_wait_sem                  0x0800e6d9   Thumb Code    30  tcpip.o(i.tcpip_send_msg_wait_sem)
    udp_bind                                 0x0800e811   Thumb Code   170  udp.o(i.udp_bind)
    udp_init                                 0x0800e8c5   Thumb Code     2  udp.o(i.udp_init)
    udp_input                                0x0800e8c9   Thumb Code   366  udp.o(i.udp_input)
    udp_netif_ip_addr_changed                0x0800ea89   Thumb Code    42  udp.o(i.udp_netif_ip_addr_changed)
    udp_new                                  0x0800eab9   Thumb Code    28  udp.o(i.udp_new)
    udp_new_ip_type                          0x0800ead5   Thumb Code    14  udp.o(i.udp_new_ip_type)
    udp_recv                                 0x0800eb3d   Thumb Code     6  udp.o(i.udp_recv)
    udp_remove                               0x0800eb45   Thumb Code    64  udp.o(i.udp_remove)
    udp_send                                 0x0800eb89   Thumb Code    30  udp.o(i.udp_send)
    udp_sendto                               0x0800eba7   Thumb Code    76  udp.o(i.udp_sendto)
    udp_sendto_if                            0x0800ebf3   Thumb Code    82  udp.o(i.udp_sendto_if)
    udp_sendto_if_src                        0x0800ec45   Thumb Code   224  udp.o(i.udp_sendto_if_src)
    usart_debug_DMA_init                     0x0800ed25   Thumb Code   178  usart.o(i.usart_debug_DMA_init)
    usart_debug_RX_ISR_enable                0x0800ede5   Thumb Code    16  usart.o(i.usart_debug_RX_ISR_enable)
    usart_debug_init                         0x0800edf9   Thumb Code   216  usart.o(i.usart_debug_init)
    usart_send_data_by_DMA                   0x0800eedd   Thumb Code    42  usart.o(i.usart_send_data_by_DMA)
    uxListRemove                             0x0800ef11   Thumb Code    40  list.o(i.uxListRemove)
    uxQueueMessagesWaiting                   0x0800ef39   Thumb Code    42  queue.o(i.uxQueueMessagesWaiting)
    uxTaskGetSystemState                     0x0800ef65   Thumb Code   134  tasks.o(i.uxTaskGetSystemState)
    vApplicationStackOverflowHook            0x0800f001   Thumb Code    16  cli_register.o(i.vApplicationStackOverflowHook)
    vListInitialise                          0x0800f031   Thumb Code    26  list.o(i.vListInitialise)
    vListInitialiseItem                      0x0800f04b   Thumb Code     6  list.o(i.vListInitialiseItem)
    vListInsert                              0x0800f051   Thumb Code    52  list.o(i.vListInsert)
    vListInsertEnd                           0x0800f085   Thumb Code    24  list.o(i.vListInsertEnd)
    vPortEnterCritical                       0x0800f09d   Thumb Code    76  port.o(i.vPortEnterCritical)
    vPortExitCritical                        0x0800f0f1   Thumb Code    56  port.o(i.vPortExitCritical)
    vPortFree                                0x0800f12d   Thumb Code   140  heap_4.o(i.vPortFree)
    vPortSetupTimerInterrupt                 0x0800f1c1   Thumb Code    20  port.o(i.vPortSetupTimerInterrupt)
    vPortValidateInterruptPriority           0x0800f1d9   Thumb Code   106  port.o(i.vPortValidateInterruptPriority)
    vQueueDelete                             0x0800f251   Thumb Code    38  queue.o(i.vQueueDelete)
    vTaskDelay                               0x0800f279   Thumb Code    82  tasks.o(i.vTaskDelay)
    vTaskDelayUntil                          0x0800f2d5   Thumb Code   200  tasks.o(i.vTaskDelayUntil)
    vTaskGetInfo                             0x0800f3a9   Thumb Code   126  tasks.o(i.vTaskGetInfo)
    vTaskInternalSetTimeOutState             0x0800f42d   Thumb Code    14  tasks.o(i.vTaskInternalSetTimeOutState)
    vTaskList                                0x0800f445   Thumb Code   204  tasks.o(i.vTaskList)
    vTaskMissedYield                         0x0800f525   Thumb Code     8  tasks.o(i.vTaskMissedYield)
    vTaskName                                0x0800f531   Thumb Code     8  tasks.o(i.vTaskName)
    vTaskPlaceOnEventList                    0x0800f53d   Thumb Code    52  tasks.o(i.vTaskPlaceOnEventList)
    vTaskPriorityDisinheritAfterTimeout      0x0800f575   Thumb Code   230  tasks.o(i.vTaskPriorityDisinheritAfterTimeout)
    vTaskStackAddr                           0x0800f669   Thumb Code     8  tasks.o(i.vTaskStackAddr)
    vTaskStackSize                           0x0800f675   Thumb Code     8  tasks.o(i.vTaskStackSize)
    vTaskStartScheduler                      0x0800f681   Thumb Code   108  tasks.o(i.vTaskStartScheduler)
    vTaskSuspendAll                          0x0800f709   Thumb Code    12  tasks.o(i.vTaskSuspendAll)
    vTaskSwitchContext                       0x0800f719   Thumb Code   148  tasks.o(i.vTaskSwitchContext)
    xPortGetFreeHeapSize                     0x0800f7c1   Thumb Code     6  heap_4.o(i.xPortGetFreeHeapSize)
    xPortGetMinimumEverFreeHeapSize          0x0800f7cd   Thumb Code     6  heap_4.o(i.xPortGetMinimumEverFreeHeapSize)
    xPortStartScheduler                      0x0800f7d9   Thumb Code   330  port.o(i.xPortStartScheduler)
    xQueueCreateMutex                        0x0800f941   Thumb Code    34  queue.o(i.xQueueCreateMutex)
    xQueueGenericCreate                      0x0800f963   Thumb Code    88  queue.o(i.xQueueGenericCreate)
    xQueueGenericReset                       0x0800f9bd   Thumb Code   146  queue.o(i.xQueueGenericReset)
    xQueueGenericSend                        0x0800fa55   Thumb Code   380  queue.o(i.xQueueGenericSend)
    xQueueGenericSendFromISR                 0x0800fbd5   Thumb Code   248  queue.o(i.xQueueGenericSendFromISR)
    xQueueGiveFromISR                        0x0800fccd   Thumb Code   224  queue.o(i.xQueueGiveFromISR)
    xQueueReceive                            0x0800fdad   Thumb Code   316  queue.o(i.xQueueReceive)
    xQueueSemaphoreTake                      0x0800feed   Thumb Code   394  queue.o(i.xQueueSemaphoreTake)
    xTaskCheckForTimeOut                     0x0801007d   Thumb Code   132  tasks.o(i.xTaskCheckForTimeOut)
    xTaskCreate                              0x08010109   Thumb Code    96  tasks.o(i.xTaskCreate)
    xTaskGetTickCount                        0x08010169   Thumb Code     6  tasks.o(i.xTaskGetTickCount)
    xTaskIncrementTick                       0x08010175   Thumb Code   282  tasks.o(i.xTaskIncrementTick)
    xTaskPriorityDisinherit                  0x080102bd   Thumb Code   188  tasks.o(i.xTaskPriorityDisinherit)
    xTaskPriorityInherit                     0x08010385   Thumb Code   186  tasks.o(i.xTaskPriorityInherit)
    xTaskRemoveFromEventList                 0x0801044d   Thumb Code   128  tasks.o(i.xTaskRemoveFromEventList)
    xTaskResumeAll                           0x080104e5   Thumb Code   224  tasks.o(i.xTaskResumeAll)
    _get_lc_ctype                            0x080105e9   Thumb Code    44  lc_ctype_c.o(locale$$code)
    _fp_init                                 0x08010615   Thumb Code    10  fpinit.o(x$fpl$fpinit)
    __fplib_config_fpu_vfp                   0x0801061d   Thumb Code     0  fpinit.o(x$fpl$fpinit)
    __fplib_config_pureend_doubles           0x0801061d   Thumb Code     0  fpinit.o(x$fpl$fpinit)
    memp_UDP_PCB                             0x08010738   Data          16  memp.o(.constdata)
    memp_TCP_PCB                             0x08010748   Data          16  memp.o(.constdata)
    memp_TCP_PCB_LISTEN                      0x08010758   Data          16  memp.o(.constdata)
    memp_TCP_SEG                             0x08010768   Data          16  memp.o(.constdata)
    memp_NETBUF                              0x08010778   Data          16  memp.o(.constdata)
    memp_NETCONN                             0x08010788   Data          16  memp.o(.constdata)
    memp_TCPIP_MSG_API                       0x08010798   Data          16  memp.o(.constdata)
    memp_TCPIP_MSG_INPKT                     0x080107a8   Data          16  memp.o(.constdata)
    memp_SYS_TIMEOUT                         0x080107b8   Data          16  memp.o(.constdata)
    memp_PBUF                                0x080107c8   Data          16  memp.o(.constdata)
    memp_PBUF_POOL                           0x080107d8   Data          16  memp.o(.constdata)
    memp_pools                               0x080107e8   Data          44  memp.o(.constdata)
    tcp_pcb_lists                            0x08010854   Data          16  tcp.o(.constdata)
    ip_addr_any                              0x08010864   Data           4  ip4_addr.o(.constdata)
    ip_addr_broadcast                        0x08010868   Data           4  ip4_addr.o(.constdata)
    ethbroadcast                             0x0801086c   Data           6  ethernet.o(.constdata)
    ethzero                                  0x08010872   Data           6  ethernet.o(.constdata)
    lwip_cyclic_timers                       0x08010878   Data          32  timeouts.o(.constdata)
    Region$$Table$$Base                      0x08011af0   Number         0  anon$$obj.o(Region$$Table)
    Region$$Table$$Limit                     0x08011b30   Number         0  anon$$obj.o(Region$$Table)
    __ctype                                  0x08011b3d   Data           0  lc_ctype_c.o(locale$$data)
    Image$$ER_IROM1$$Limit                   0x08011c40   Number         0  anon$$obj.o ABSOLUTE
    pxCurrentTCB                             0x10000000   Data           4  tasks.o(.data)
    xClilRecvCharsQueue                      0x20000000   Data           4  cli_task.o(.data)
    pcMenuNameString                         0x20000010   Data           4  cli_task.o(.data)
    xCliDebugStatus                          0x20000014   Data           4  cli_task.o(.data)
    __stdout                                 0x20000140   Data           4  usart.o(.data)
    EthStatus                                0x20000144   Data           4  stm32f4x7_eth_bsp.o(.data)
    ETH_link_xSemaphore                      0x20000148   Data           4  stm32f4x7_eth_bsp.o(.data)
    netconn_aborted                          0x2000014c   Data           1  api_msg.o(.data)
    lock_tcpip_core                          0x20000164   Data           4  tcpip.o(.data)
    dhcp_rx_options_given                    0x20000168   Data           8  dhcp.o(.data)
    netif_list                               0x200001bc   Data           4  netif.o(.data)
    netif_default                            0x200001c0   Data           4  netif.o(.data)
    tcp_ticks                                0x200001cc   Data           4  tcp.o(.data)
    tcp_bound_pcbs                           0x200001d0   Data           4  tcp.o(.data)
    tcp_listen_pcbs                          0x200001d4   Data           4  tcp.o(.data)
    tcp_active_pcbs                          0x200001d8   Data           4  tcp.o(.data)
    tcp_tw_pcbs                              0x200001dc   Data           4  tcp.o(.data)
    tcp_active_pcbs_changed                  0x200001e0   Data           1  tcp.o(.data)
    tcp_input_pcb                            0x2000020c   Data           4  tcp_in.o(.data)
    udp_pcbs                                 0x20000214   Data           4  udp.o(.data)
    s_xSemaphore                             0x20000220   Data           4  ethernetif.o(.data)
    DMATxDescToSet                           0x20000238   Data           4  stm32f4x7_eth.o(.data)
    DMARxDescToGet                           0x2000023c   Data           4  stm32f4x7_eth.o(.data)
    DMA_RX_FRAME_infos                       0x20000240   Data           4  stm32f4x7_eth.o(.data)
    Frame_Rx_index                           0x20000244   Data           4  stm32f4x7_eth.o(.data)
    cCliOutputString                         0x20000304   Data         200  cli_task.o(.bss)
    xnetif                                   0x20000750   Data          56  network.o(.bss)
    ETH_InitStructure                        0x20000788   Data         188  stm32f4x7_eth_bsp.o(.bss)
    ram_heap                                 0x20000894   Data        5139  mem.o(.bss)
    memp_memory_UDP_PCB_base                 0x20001ca7   Data         195  memp.o(.bss)
    memp_memory_TCP_PCB_base                 0x20001d6a   Data        1483  memp.o(.bss)
    memp_memory_TCP_PCB_LISTEN_base          0x20002335   Data         163  memp.o(.bss)
    memp_memory_TCP_SEG_base                 0x200023d8   Data         403  memp.o(.bss)
    memp_memory_NETBUF_base                  0x2000256b   Data          35  memp.o(.bss)
    memp_memory_NETCONN_base                 0x2000258e   Data         179  memp.o(.bss)
    memp_memory_TCPIP_MSG_API_base           0x20002641   Data         131  memp.o(.bss)
    memp_memory_TCPIP_MSG_INPKT_base         0x200026c4   Data         131  memp.o(.bss)
    memp_memory_SYS_TIMEOUT_base             0x20002747   Data         163  memp.o(.bss)
    memp_memory_PBUF_base                    0x200027ea   Data        1603  memp.o(.bss)
    memp_memory_PBUF_POOL_base               0x20002e2d   Data       10323  memp.o(.bss)
    ip_data                                  0x20005694   Data          24  ip.o(.bss)
    DMARxDscrTab                             0x200057ac   Data         160  stm32f4x7_eth.o(.bss)
    DMATxDscrTab                             0x2000584c   Data         160  stm32f4x7_eth.o(.bss)
    Rx_Buff                                  0x200058ec   Data        7620  stm32f4x7_eth.o(.bss)
    Tx_Buff                                  0x200076b0   Data        7620  stm32f4x7_eth.o(.bss)
    RX_Frame_Descriptor                      0x20009474   Data          12  stm32f4x7_eth.o(.bss)
    __libspace_start                         0x200095b4   Data          96  libspace.o(.bss)
    __temporary_stack_top$libspace           0x20009614   Data           0  libspace.o(.bss)
    STACK$$Base                              0x20009818   Number         0  startup_stm32f40_41xxx.o(STACK)
    STACK$$Limit                             0x20009c18   Number         0  startup_stm32f40_41xxx.o(STACK)



==============================================================================

Memory Map of the image

  Image Entry point : 0x08000189

  Load Region LR_IROM1 (Base: 0x08000000, Size: 0x00011fa0, Max: 0x00100000, ABSOLUTE, COMPRESSED[0x00011d78])

    Execution Region ER_IROM1 (Base: 0x08000000, Size: 0x00011c40, Max: 0x00100000, ABSOLUTE)

    Base Addr    Size         Type   Attr      Idx    E Section Name        Object

    0x08000000   0x00000188   Data   RO            3    RESET               startup_stm32f40_41xxx.o
    0x08000188   0x00000008   Code   RO         6632  * !!!main             c_w.l(__main.o)
    0x08000190   0x00000034   Code   RO         6833    !!!scatter          c_w.l(__scatter.o)
    0x080001c4   0x0000005a   Code   RO         6831    !!dczerorl2         c_w.l(__dczerorl2.o)
    0x0800021e   0x00000002   PAD
    0x08000220   0x0000001a   Code   RO         6835    !!handler_copy      c_w.l(__scatter_copy.o)
    0x0800023a   0x00000002   PAD
    0x0800023c   0x0000001c   Code   RO         6837    !!handler_zi        c_w.l(__scatter_zi.o)
    0x08000258   0x00000000   Code   RO         6602    .ARM.Collect$$_printf_percent$$00000000  c_w.l(_printf_percent.o)
    0x08000258   0x00000006   Code   RO         6595    .ARM.Collect$$_printf_percent$$00000001  c_w.l(_printf_n.o)
    0x0800025e   0x00000006   Code   RO         6597    .ARM.Collect$$_printf_percent$$00000002  c_w.l(_printf_p.o)
    0x08000264   0x00000006   Code   RO         6599    .ARM.Collect$$_printf_percent$$00000008  c_w.l(_printf_i.o)
    0x0800026a   0x00000006   Code   RO         6600    .ARM.Collect$$_printf_percent$$00000009  c_w.l(_printf_d.o)
    0x08000270   0x00000006   Code   RO         6601    .ARM.Collect$$_printf_percent$$0000000A  c_w.l(_printf_u.o)
    0x08000276   0x00000006   Code   RO         6598    .ARM.Collect$$_printf_percent$$0000000B  c_w.l(_printf_o.o)
    0x0800027c   0x00000006   Code   RO         6596    .ARM.Collect$$_printf_percent$$0000000C  c_w.l(_printf_x.o)
    0x08000282   0x0000000a   Code   RO         6659    .ARM.Collect$$_printf_percent$$00000012  c_w.l(_printf_l.o)
    0x0800028c   0x00000006   Code   RO         6593    .ARM.Collect$$_printf_percent$$00000013  c_w.l(_printf_c.o)
    0x08000292   0x00000006   Code   RO         6594    .ARM.Collect$$_printf_percent$$00000014  c_w.l(_printf_s.o)
    0x08000298   0x00000006   Code   RO         6603    .ARM.Collect$$_printf_percent$$00000015  c_w.l(_printf_lc.o)
    0x0800029e   0x00000004   Code   RO         6658    .ARM.Collect$$_printf_percent$$00000017  c_w.l(_printf_percent_end.o)
    0x080002a2   0x00000002   Code   RO         6709    .ARM.Collect$$libinit$$00000000  c_w.l(libinit.o)
    0x080002a4   0x00000004   Code   RO         6710    .ARM.Collect$$libinit$$00000001  c_w.l(libinit2.o)
    0x080002a8   0x00000000   Code   RO         6713    .ARM.Collect$$libinit$$00000004  c_w.l(libinit2.o)
    0x080002a8   0x00000000   Code   RO         6716    .ARM.Collect$$libinit$$0000000A  c_w.l(libinit2.o)
    0x080002a8   0x00000000   Code   RO         6718    .ARM.Collect$$libinit$$0000000C  c_w.l(libinit2.o)
    0x080002a8   0x00000000   Code   RO         6720    .ARM.Collect$$libinit$$0000000E  c_w.l(libinit2.o)
    0x080002a8   0x00000006   Code   RO         6721    .ARM.Collect$$libinit$$0000000F  c_w.l(libinit2.o)
    0x080002ae   0x00000000   Code   RO         6723    .ARM.Collect$$libinit$$00000011  c_w.l(libinit2.o)
    0x080002ae   0x0000000c   Code   RO         6724    .ARM.Collect$$libinit$$00000012  c_w.l(libinit2.o)
    0x080002ba   0x00000000   Code   RO         6725    .ARM.Collect$$libinit$$00000013  c_w.l(libinit2.o)
    0x080002ba   0x00000000   Code   RO         6727    .ARM.Collect$$libinit$$00000015  c_w.l(libinit2.o)
    0x080002ba   0x00000000   Code   RO         6729    .ARM.Collect$$libinit$$00000017  c_w.l(libinit2.o)
    0x080002ba   0x00000000   Code   RO         6731    .ARM.Collect$$libinit$$00000019  c_w.l(libinit2.o)
    0x080002ba   0x00000000   Code   RO         6733    .ARM.Collect$$libinit$$0000001B  c_w.l(libinit2.o)
    0x080002ba   0x00000000   Code   RO         6735    .ARM.Collect$$libinit$$0000001D  c_w.l(libinit2.o)
    0x080002ba   0x00000000   Code   RO         6737    .ARM.Collect$$libinit$$0000001F  c_w.l(libinit2.o)
    0x080002ba   0x00000000   Code   RO         6739    .ARM.Collect$$libinit$$00000021  c_w.l(libinit2.o)
    0x080002ba   0x00000000   Code   RO         6741    .ARM.Collect$$libinit$$00000023  c_w.l(libinit2.o)
    0x080002ba   0x00000000   Code   RO         6743    .ARM.Collect$$libinit$$00000025  c_w.l(libinit2.o)
    0x080002ba   0x00000000   Code   RO         6747    .ARM.Collect$$libinit$$0000002C  c_w.l(libinit2.o)
    0x080002ba   0x00000000   Code   RO         6749    .ARM.Collect$$libinit$$0000002E  c_w.l(libinit2.o)
    0x080002ba   0x00000000   Code   RO         6751    .ARM.Collect$$libinit$$00000030  c_w.l(libinit2.o)
    0x080002ba   0x00000000   Code   RO         6753    .ARM.Collect$$libinit$$00000032  c_w.l(libinit2.o)
    0x080002ba   0x00000002   Code   RO         6754    .ARM.Collect$$libinit$$00000033  c_w.l(libinit2.o)
    0x080002bc   0x00000002   Code   RO         6782    .ARM.Collect$$libshutdown$$00000000  c_w.l(libshutdown.o)
    0x080002be   0x00000000   Code   RO         6792    .ARM.Collect$$libshutdown$$00000003  c_w.l(libshutdown2.o)
    0x080002be   0x00000000   Code   RO         6795    .ARM.Collect$$libshutdown$$00000006  c_w.l(libshutdown2.o)
    0x080002be   0x00000000   Code   RO         6798    .ARM.Collect$$libshutdown$$00000009  c_w.l(libshutdown2.o)
    0x080002be   0x00000000   Code   RO         6800    .ARM.Collect$$libshutdown$$0000000B  c_w.l(libshutdown2.o)
    0x080002be   0x00000000   Code   RO         6803    .ARM.Collect$$libshutdown$$0000000E  c_w.l(libshutdown2.o)
    0x080002be   0x00000002   Code   RO         6804    .ARM.Collect$$libshutdown$$0000000F  c_w.l(libshutdown2.o)
    0x080002c0   0x00000000   Code   RO         6636    .ARM.Collect$$rtentry$$00000000  c_w.l(__rtentry.o)
    0x080002c0   0x00000000   Code   RO         6668    .ARM.Collect$$rtentry$$00000002  c_w.l(__rtentry2.o)
    0x080002c0   0x00000006   Code   RO         6680    .ARM.Collect$$rtentry$$00000004  c_w.l(__rtentry4.o)
    0x080002c6   0x00000000   Code   RO         6670    .ARM.Collect$$rtentry$$00000009  c_w.l(__rtentry2.o)
    0x080002c6   0x00000004   Code   RO         6671    .ARM.Collect$$rtentry$$0000000A  c_w.l(__rtentry2.o)
    0x080002ca   0x00000000   Code   RO         6673    .ARM.Collect$$rtentry$$0000000C  c_w.l(__rtentry2.o)
    0x080002ca   0x00000008   Code   RO         6674    .ARM.Collect$$rtentry$$0000000D  c_w.l(__rtentry2.o)
    0x080002d2   0x00000002   Code   RO         6755    .ARM.Collect$$rtexit$$00000000  c_w.l(rtexit.o)
    0x080002d4   0x00000000   Code   RO         6762    .ARM.Collect$$rtexit$$00000002  c_w.l(rtexit2.o)
    0x080002d4   0x00000004   Code   RO         6763    .ARM.Collect$$rtexit$$00000003  c_w.l(rtexit2.o)
    0x080002d8   0x00000006   Code   RO         6764    .ARM.Collect$$rtexit$$00000004  c_w.l(rtexit2.o)
    0x080002de   0x00000002   PAD
    0x080002e0   0x000000be   Code   RO         1413    .emb_text           port.o
    0x0800039e   0x00000002   PAD
    0x080003a0   0x00000010   Code   RO         6423    .emb_text           cm_backtrace.o
    0x080003b0   0x00000040   Code   RO            4    .text               startup_stm32f40_41xxx.o
    0x080003f0   0x0000000c   Code   RO         6511    .text               cmb_fault.o
    0x080003fc   0x00000002   Code   RO         6517    .text               c_w.l(use_no_semi_2.o)
    0x080003fe   0x00000002   PAD
    0x08000400   0x00000018   Code   RO         6519    .text               c_w.l(__2printf.o)
    0x08000418   0x0000002c   Code   RO         6521    .text               c_w.l(__2sprintf.o)
    0x08000444   0x00000038   Code   RO         6523    .text               c_w.l(__2snprintf.o)
    0x0800047c   0x0000004e   Code   RO         6533    .text               c_w.l(_printf_pad.o)
    0x080004ca   0x00000024   Code   RO         6535    .text               c_w.l(_printf_truncate.o)
    0x080004ee   0x00000052   Code   RO         6537    .text               c_w.l(_printf_str.o)
    0x08000540   0x00000078   Code   RO         6539    .text               c_w.l(_printf_dec.o)
    0x080005b8   0x00000028   Code   RO         6541    .text               c_w.l(_printf_charcount.o)
    0x080005e0   0x000000bc   Code   RO         6543    .text               c_w.l(_printf_wctomb.o)
    0x0800069c   0x00000054   Code   RO         6548    .text               c_w.l(_printf_oct_int.o)
    0x080006f0   0x0000007c   Code   RO         6564    .text               c_w.l(_printf_hex_int_ptr.o)
    0x0800076c   0x00000188   Code   RO         6590    .text               c_w.l(__printf_flags_ss_wp.o)
    0x080008f4   0x00000070   Code   RO         6604    .text               c_w.l(strtol.o)
    0x08000964   0x00000072   Code   RO         6606    .text               c_w.l(strtoul.o)
    0x080009d6   0x00000058   Code   RO         6608    .text               c_w.l(memcmp.o)
    0x08000a2e   0x00000048   Code   RO         6610    .text               c_w.l(strcpy.o)
    0x08000a76   0x0000003e   Code   RO         6612    .text               c_w.l(strlen.o)
    0x08000ab4   0x00000096   Code   RO         6614    .text               c_w.l(strncmp.o)
    0x08000b4a   0x00000018   Code   RO         6616    .text               c_w.l(strcat.o)
    0x08000b62   0x0000008a   Code   RO         6618    .text               c_w.l(rt_memcpy_v6.o)
    0x08000bec   0x00000064   Code   RO         6620    .text               c_w.l(rt_memcpy_w.o)
    0x08000c50   0x00000010   Code   RO         6622    .text               c_w.l(aeabi_memset.o)
    0x08000c60   0x00000044   Code   RO         6624    .text               c_w.l(rt_memclr.o)
    0x08000ca4   0x0000004e   Code   RO         6626    .text               c_w.l(rt_memclr_w.o)
    0x08000cf2   0x00000006   Code   RO         6630    .text               c_w.l(heapauxi.o)
    0x08000cf8   0x00000002   Code   RO         6634    .text               c_w.l(use_no_semi.o)
    0x08000cfa   0x00000002   PAD
    0x08000cfc   0x00000010   Code   RO         6637    .text               c_w.l(rt_ctype_table.o)
    0x08000d0c   0x00000008   Code   RO         6642    .text               c_w.l(rt_errno_addr_intlibspace.o)
    0x08000d14   0x000000b2   Code   RO         6644    .text               c_w.l(_printf_intcommon.o)
    0x08000dc6   0x00000002   PAD
    0x08000dc8   0x00000030   Code   RO         6646    .text               c_w.l(_printf_char_common.o)
    0x08000df8   0x0000000a   Code   RO         6648    .text               c_w.l(_sputc.o)
    0x08000e02   0x00000010   Code   RO         6650    .text               c_w.l(_snputc.o)
    0x08000e12   0x0000002c   Code   RO         6652    .text               c_w.l(_printf_char.o)
    0x08000e3e   0x00000002   PAD
    0x08000e40   0x00000024   Code   RO         6654    .text               c_w.l(_printf_char_file.o)
    0x08000e64   0x0000002c   Code   RO         6656    .text               c_w.l(_printf_wchar.o)
    0x08000e90   0x0000009e   Code   RO         6660    .text               c_w.l(_strtoul.o)
    0x08000f2e   0x00000040   Code   RO         6662    .text               c_w.l(_wcrtomb.o)
    0x08000f6e   0x00000002   PAD
    0x08000f70   0x00000008   Code   RO         6664    .text               c_w.l(libspace.o)
    0x08000f78   0x00000008   Code   RO         6685    .text               c_w.l(rt_locale_intlibspace.o)
    0x08000f80   0x0000001c   Code   RO         6689    .text               c_w.l(_chval.o)
    0x08000f9c   0x00000008   Code   RO         6691    .text               c_w.l(ferror.o)
    0x08000fa4   0x0000004a   Code   RO         6698    .text               c_w.l(sys_stackheap_outer.o)
    0x08000fee   0x0000000c   Code   RO         6700    .text               c_w.l(exit.o)
    0x08000ffa   0x00000002   PAD
    0x08000ffc   0x00000080   Code   RO         6702    .text               c_w.l(strcmpv7m.o)
    0x0800107c   0x00000004   Code   RO         4298    i.BusFault_Handler  stm32f4xx_it.o
    0x08001080   0x00000030   Code   RO          668    i.DMA2_Stream7_IRQHandler  usart.o
    0x080010b0   0x00000034   Code   RO         4967    i.DMA_ClearFlag     stm32f4xx_dma.o
    0x080010e4   0x00000034   Code   RO         4968    i.DMA_ClearITPendingBit  stm32f4xx_dma.o
    0x08001118   0x00000016   Code   RO         4969    i.DMA_Cmd           stm32f4xx_dma.o
    0x0800112e   0x00000002   PAD
    0x08001130   0x00000158   Code   RO         4970    i.DMA_DeInit        stm32f4xx_dma.o
    0x08001288   0x00000014   Code   RO         4974    i.DMA_GetCmdStatus  stm32f4xx_dma.o
    0x0800129c   0x00000064   Code   RO         4979    i.DMA_GetITStatus   stm32f4xx_dma.o
    0x08001300   0x0000003a   Code   RO         4980    i.DMA_ITConfig      stm32f4xx_dma.o
    0x0800133a   0x00000002   PAD
    0x0800133c   0x00000058   Code   RO         4981    i.DMA_Init          stm32f4xx_dma.o
    0x08001394   0x00000002   Code   RO         4299    i.DebugMon_Handler  stm32f4xx_it.o
    0x08001396   0x0000000c   Code   RO           13    i.Delay             main.o
    0x080013a2   0x00000010   Code   RO          768    i.ETH_BSP_Config    stm32f4x7_eth_bsp.o
    0x080013b2   0x00000002   PAD
    0x080013b4   0x0000000c   Code   RO         4393    i.ETH_DMAClearITPendingBit  stm32f4x7_eth.o
    0x080013c0   0x00000020   Code   RO         4394    i.ETH_DMAITConfig   stm32f4x7_eth.o
    0x080013e0   0x00000024   Code   RO         4395    i.ETH_DMAReceptionCmd  stm32f4x7_eth.o
    0x08001404   0x00000064   Code   RO         4396    i.ETH_DMARxDescChainInit  stm32f4x7_eth.o
    0x08001468   0x00000016   Code   RO         4397    i.ETH_DMARxDescReceiveITConfig  stm32f4x7_eth.o
    0x0800147e   0x00000002   PAD
    0x08001480   0x00000024   Code   RO         4398    i.ETH_DMATransmissionCmd  stm32f4x7_eth.o
    0x080014a4   0x00000050   Code   RO         4401    i.ETH_DMATxDescChainInit  stm32f4x7_eth.o
    0x080014f4   0x00000008   Code   RO         4402    i.ETH_DMATxDescChecksumInsertionConfig  stm32f4x7_eth.o
    0x080014fc   0x00000016   Code   RO         4407    i.ETH_DeInit        stm32f4x7_eth.o
    0x08001512   0x00000002   PAD
    0x08001514   0x0000002c   Code   RO         4409    i.ETH_FlushTransmitFIFO  stm32f4x7_eth.o
    0x08001540   0x0000015c   Code   RO          769    i.ETH_GPIO_Config   stm32f4x7_eth_bsp.o
    0x0800169c   0x00000018   Code   RO         4415    i.ETH_GetDMAFlagStatus  stm32f4x7_eth.o
    0x080016b4   0x00000018   Code   RO         4435    i.ETH_GetSoftwareResetStatus  stm32f4x7_eth.o
    0x080016cc   0x00000118   Code   RO         4438    i.ETH_Get_Received_Frame_interrupt  stm32f4x7_eth.o
    0x080017e4   0x0000004c   Code   RO         3998    i.ETH_IRQHandler    ethernetif.o
    0x08001830   0x0000032c   Code   RO         4440    i.ETH_Init          stm32f4x7_eth.o
    0x08001b5c   0x00000034   Code   RO         4442    i.ETH_MACAddressConfig  stm32f4x7_eth.o
    0x08001b90   0x000000b8   Code   RO          770    i.ETH_MACDMA_Config  stm32f4x7_eth_bsp.o
    0x08001c48   0x0000003c   Code   RO         4447    i.ETH_MACReceptionCmd  stm32f4x7_eth.o
    0x08001c84   0x0000003c   Code   RO         4448    i.ETH_MACTransmissionCmd  stm32f4x7_eth.o
    0x08001cc0   0x00000022   Code   RO          771    i.ETH_NVIC_Config   stm32f4x7_eth_bsp.o
    0x08001ce2   0x00000002   PAD
    0x08001ce4   0x000000cc   Code   RO         4459    i.ETH_Prepare_Transmit_Descriptors  stm32f4x7_eth.o
    0x08001db0   0x0000006c   Code   RO         4460    i.ETH_ReadPHYRegister  stm32f4x7_eth.o
    0x08001e1c   0x00000014   Code   RO         4468    i.ETH_SoftwareReset  stm32f4x7_eth.o
    0x08001e30   0x00000020   Code   RO         4469    i.ETH_Start         stm32f4x7_eth.o
    0x08001e50   0x000000b2   Code   RO         4471    i.ETH_StructInit    stm32f4x7_eth.o
    0x08001f02   0x00000002   PAD
    0x08001f04   0x00000068   Code   RO         4473    i.ETH_WritePHYRegister  stm32f4x7_eth.o
    0x08001f6c   0x00000090   Code   RO         5166    i.GPIO_Init         stm32f4xx_gpio.o
    0x08001ffc   0x00000046   Code   RO         5167    i.GPIO_PinAFConfig  stm32f4xx_gpio.o
    0x08002042   0x00000012   Code   RO         5172    i.GPIO_ReadOutputDataBit  stm32f4xx_gpio.o
    0x08002054   0x00000004   Code   RO         5173    i.GPIO_ResetBits    stm32f4xx_gpio.o
    0x08002058   0x00000004   Code   RO         5174    i.GPIO_SetBits      stm32f4xx_gpio.o
    0x0800205c   0x00000004   Code   RO         4300    i.MemManage_Handler  stm32f4xx_it.o
    0x08002060   0x00000002   Code   RO         4301    i.NMI_Handler       stm32f4xx_it.o
    0x08002062   0x00000002   PAD
    0x08002064   0x00000078   Code   RO         4919    i.NVIC_Init         misc.o
    0x080020dc   0x00000014   Code   RO         4920    i.NVIC_PriorityGroupConfig  misc.o
    0x080020f0   0x00000014   Code   RO         4921    i.NVIC_SetVectorTable  misc.o
    0x08002104   0x00000020   Code   RO         5267    i.RCC_AHB1PeriphClockCmd  stm32f4xx_rcc.o
    0x08002124   0x00000020   Code   RO         5269    i.RCC_AHB1PeriphResetCmd  stm32f4xx_rcc.o
    0x08002144   0x00000020   Code   RO         5279    i.RCC_APB2PeriphClockCmd  stm32f4xx_rcc.o
    0x08002164   0x000000e8   Code   RO         5288    i.RCC_GetClocksFreq  stm32f4xx_rcc.o
    0x0800224c   0x0000000c   Code   RO         6368    i.SYSCFG_ETH_MediaInterfaceConfig  stm32f4xx_syscfg.o
    0x08002258   0x000000ec   Code   RO         4349    i.SetSysClock       system_stm32f4xx.o
    0x08002344   0x00000034   Code   RO         1414    i.SysTick_Handler   port.o
    0x08002378   0x00000068   Code   RO         4351    i.SystemInit        system_stm32f4xx.o
    0x080023e0   0x00000050   Code   RO          669    i.USART1_IRQHandler  usart.o
    0x08002430   0x00000012   Code   RO         6174    i.USART_ClearFlag   stm32f4xx_usart.o
    0x08002442   0x0000001e   Code   RO         6175    i.USART_ClearITPendingBit  stm32f4xx_usart.o
    0x08002460   0x00000018   Code   RO         6178    i.USART_Cmd         stm32f4xx_usart.o
    0x08002478   0x00000012   Code   RO         6179    i.USART_DMACmd      stm32f4xx_usart.o
    0x0800248a   0x0000001a   Code   RO         6181    i.USART_GetFlagStatus  stm32f4xx_usart.o
    0x080024a4   0x00000054   Code   RO         6182    i.USART_GetITStatus  stm32f4xx_usart.o
    0x080024f8   0x0000004a   Code   RO         6184    i.USART_ITConfig    stm32f4xx_usart.o
    0x08002542   0x00000002   PAD
    0x08002544   0x000000d4   Code   RO         6185    i.USART_Init        stm32f4xx_usart.o
    0x08002618   0x0000000a   Code   RO         6192    i.USART_ReceiveData  stm32f4xx_usart.o
    0x08002622   0x00000008   Code   RO         6195    i.USART_SendData    stm32f4xx_usart.o
    0x0800262a   0x00000004   Code   RO         4302    i.UsageFault_Handler  stm32f4xx_it.o
    0x0800262e   0x0000000a   Code   RO           14    i.__set_FAULTMASK   main.o
    0x08002638   0x0000000e   Code   RO         6583    i._is_digit         c_w.l(__printf_wp.o)
    0x08002646   0x00000004   Code   RO          670    i._sys_exit         usart.o
    0x0800264a   0x00000002   PAD
    0x0800264c   0x00000100   Code   RO         1735    i.accept_function   api_msg.o
    0x0800274c   0x0000009c   Code   RO         2031    i.alloc_socket      sockets.o
    0x080027e8   0x0000010c   Code   RO          274    i.cli_interpret_command  cli_register.o
    0x080028f4   0x00000058   Code   RO          177    i.cli_print_info    cli_task.o
    0x0800294c   0x00000038   Code   RO          178    i.cli_receive_char_callback  cli_task.o
    0x08002984   0x00000030   Code   RO          179    i.cli_send_frame_over_callback  cli_task.o
    0x080029b4   0x00000140   Code   RO          180    i.cli_task_create   cli_task.o
    0x08002af4   0x000001cc   Code   RO          181    i.cli_task_receive  cli_task.o
    0x08002cc0   0x00000040   Code   RO          182    i.cli_task_send     cli_task.o
    0x08002d00   0x00000120   Code   RO         6425    i.cm_backtrace_call_stack  cm_backtrace.o
    0x08002e20   0x000002c4   Code   RO         6426    i.cm_backtrace_fault  cm_backtrace.o
    0x080030e4   0x0000002c   Code   RO         6427    i.cm_backtrace_firmware_info  cm_backtrace.o
    0x08003110   0x0000001c   Code   RO         4226    i.cyclic_timer      timeouts.o
    0x0800312c   0x0000031c   Code   RO          275    i.debugPrintOnOff   cli_register.o
    0x08003448   0x00000036   Code   RO         2353    i.dhcp_arp_reply    dhcp.o
    0x0800347e   0x00000122   Code   RO         2354    i.dhcp_bind         dhcp.o
    0x080035a0   0x0000004c   Code   RO         2355    i.dhcp_check        dhcp.o
    0x080035ec   0x00000078   Code   RO         2357    i.dhcp_coarse_tmr   dhcp.o
    0x08003664   0x00000160   Code   RO         2358    i.dhcp_create_msg   dhcp.o
    0x080037c4   0x000000a8   Code   RO         2360    i.dhcp_decline      dhcp.o
    0x0800386c   0x00000028   Code   RO         2361    i.dhcp_delete_msg   dhcp.o
    0x08003894   0x000000f4   Code   RO         2362    i.dhcp_discover     dhcp.o
    0x08003988   0x00000040   Code   RO         2363    i.dhcp_fine_tmr     dhcp.o
    0x080039c8   0x00000020   Code   RO         2370    i.dhcp_option       dhcp.o
    0x080039e8   0x00000012   Code   RO         2371    i.dhcp_option_byte  dhcp.o
    0x080039fa   0x00000042   Code   RO         2372    i.dhcp_option_long  dhcp.o
    0x08003a3c   0x00000022   Code   RO         2373    i.dhcp_option_short  dhcp.o
    0x08003a5e   0x00000046   Code   RO         2374    i.dhcp_option_trailer  dhcp.o
    0x08003aa4   0x000000d0   Code   RO         2376    i.dhcp_rebind       dhcp.o
    0x08003b74   0x000000ec   Code   RO         2377    i.dhcp_reboot       dhcp.o
    0x08003c60   0x000000b8   Code   RO         2379    i.dhcp_release      dhcp.o
    0x08003d18   0x000000d0   Code   RO         2380    i.dhcp_renew        dhcp.o
    0x08003de8   0x00000114   Code   RO         2381    i.dhcp_select       dhcp.o
    0x08003efc   0x00000010   Code   RO         2382    i.dhcp_set_state    dhcp.o
    0x08003f0c   0x00000028   Code   RO         2386    i.dhcp_supplied_address  dhcp.o
    0x08003f34   0x0000004a   Code   RO         2387    i.dhcp_t1_timeout   dhcp.o
    0x08003f7e   0x00000050   Code   RO         2388    i.dhcp_t2_timeout   dhcp.o
    0x08003fce   0x00000088   Code   RO         2389    i.dhcp_timeout      dhcp.o
    0x08004056   0x00000014   Code   RO         2699    i.do_memp_free_pool  memp.o
    0x0800406a   0x0000001e   Code   RO         2700    i.do_memp_malloc_pool  memp.o
    0x08004088   0x000000d0   Code   RO         6429    i.dump_stack        cm_backtrace.o
    0x08004158   0x00000074   Code   RO          848    i.eTaskGetState     tasks.o
    0x080041cc   0x000000ee   Code   RO         1736    i.err_tcp           api_msg.o
    0x080042ba   0x00000002   PAD
    0x080042bc   0x00000020   Code   RO         1921    i.err_to_errno      err.o
    0x080042dc   0x0000017c   Code   RO         3880    i.etharp_find_entry  etharp.o
    0x08004458   0x00000078   Code   RO         3881    i.etharp_free_entry  etharp.o
    0x080044d0   0x000000d8   Code   RO         3883    i.etharp_input      etharp.o
    0x080045a8   0x00000134   Code   RO         3884    i.etharp_output     etharp.o
    0x080046dc   0x000000b8   Code   RO         3885    i.etharp_output_to_arp_index  etharp.o
    0x08004794   0x0000018c   Code   RO         3886    i.etharp_query      etharp.o
    0x08004920   0x000000a0   Code   RO         3887    i.etharp_raw        etharp.o
    0x080049c0   0x0000001c   Code   RO         3888    i.etharp_request    etharp.o
    0x080049dc   0x0000002c   Code   RO         3889    i.etharp_request_dst  etharp.o
    0x08004a08   0x000000e4   Code   RO         3890    i.etharp_tmr        etharp.o
    0x08004aec   0x000000cc   Code   RO         3891    i.etharp_update_arp_entry  etharp.o
    0x08004bb8   0x000000dc   Code   RO         3968    i.ethernet_input    ethernet.o
    0x08004c94   0x0000005e   Code   RO         3969    i.ethernet_output   ethernet.o
    0x08004cf2   0x00000002   PAD
    0x08004cf4   0x00000030   Code   RO         3999    i.ethernetif_init   ethernetif.o
    0x08004d24   0x00000044   Code   RO         4000    i.ethernetif_input  ethernetif.o
    0x08004d68   0x0000017c   Code   RO         2032    i.event_callback    sockets.o
    0x08004ee4   0x00000308   Code   RO         6430    i.fault_diagnosis   cm_backtrace.o
    0x080051ec   0x00000024   Code   RO          671    i.fputc             usart.o
    0x08005210   0x0000002a   Code   RO         2033    i.free_socket       sockets.o
    0x0800523a   0x00000008   Code   RO         6431    i.get_cur_thread_name  cm_backtrace.o
    0x08005242   0x00000002   PAD
    0x08005244   0x00000080   Code   RO         6432    i.get_cur_thread_stack_info  cm_backtrace.o
    0x080052c4   0x00000028   Code   RO          276    i.get_long_value    cli_register.o
    0x080052ec   0x00000034   Code   RO         2034    i.get_socket        sockets.o
    0x08005320   0x00000028   Code   RO          277    i.get_ulong_value   cli_register.o
    0x08005348   0x00000038   Code   RO          744    i.gpio_system_led_init  gpio.o
    0x08005380   0x000002ec   Code   RO          278    i.help              cli_register.o
    0x0800566c   0x00000012   Code   RO         3673    i.icmp_dest_unreach  icmp.o
    0x0800567e   0x00000002   PAD
    0x08005680   0x000001cc   Code   RO         3674    i.icmp_input        icmp.o
    0x0800584c   0x0000008c   Code   RO         3675    i.icmp_send_response  icmp.o
    0x080058d8   0x00000052   Code   RO         3706    i.inet_chksum_pbuf  inet_chksum.o
    0x0800592a   0x00000002   PAD
    0x0800592c   0x000002d8   Code   RO          279    i.info_system_version  cli_register.o
    0x08005c04   0x00000010   Code   RO           16    i.init              main.o
    0x08005c14   0x0000004e   Code   RO         3816    i.ip4_addr_isbroadcast_u32  ip4_addr.o
    0x08005c62   0x00000002   PAD
    0x08005c64   0x00000234   Code   RO         3778    i.ip4_input         ip4.o
    0x08005e98   0x00000036   Code   RO         3780    i.ip4_output_if     ip4.o
    0x08005ece   0x00000002   PAD
    0x08005ed0   0x000000bc   Code   RO         3781    i.ip4_output_if_src  ip4.o
    0x08005f8c   0x00000094   Code   RO         3782    i.ip4_route         ip4.o
    0x08006020   0x00000014   Code   RO         3819    i.ip4addr_ntoa      ip4_addr.o
    0x08006034   0x000000a8   Code   RO         3820    i.ip4addr_ntoa_r    ip4_addr.o
    0x080060dc   0x00000010   Code   RO          533    i.led_get_SYS_status  led.o
    0x080060ec   0x00000018   Code   RO          134    i.led_mainBoard_blink  led_task.o
    0x08006104   0x00000008   Code   RO          534    i.led_set_SYS_init  led.o
    0x0800610c   0x00000020   Code   RO          535    i.led_set_SYS_status  led.o
    0x0800612c   0x0000001a   Code   RO          135    i.led_task          led_task.o
    0x08006146   0x00000002   PAD
    0x08006148   0x00000028   Code   RO          136    i.led_task_create   led_task.o
    0x08006170   0x000000d0   Code   RO          280    i.list_show_all_commond  cli_register.o
    0x08006240   0x000000f4   Code   RO         4001    i.low_level_init    ethernetif.o
    0x08006334   0x000000f0   Code   RO         4002    i.low_level_input   ethernetif.o
    0x08006424   0x000000f8   Code   RO         4003    i.low_level_output  ethernetif.o
    0x0800651c   0x0000018c   Code   RO         2035    i.lwip_accept       sockets.o
    0x080066a8   0x0000009e   Code   RO         2036    i.lwip_bind         sockets.o
    0x08006746   0x00000066   Code   RO         2037    i.lwip_close        sockets.o
    0x080067ac   0x0000001a   Code   RO         4183    i.lwip_htonl        def.o
    0x080067c6   0x0000000c   Code   RO         4184    i.lwip_htons        def.o
    0x080067d2   0x0000002a   Code   RO         2603    i.lwip_init         init.o
    0x080067fc   0x0000008c   Code   RO         2046    i.lwip_listen       sockets.o
    0x08006888   0x00000040   Code   RO         1737    i.lwip_netconn_do_accepted  api_msg.o
    0x080068c8   0x00000074   Code   RO         1738    i.lwip_netconn_do_bind  api_msg.o
    0x0800693c   0x000000ac   Code   RO         1739    i.lwip_netconn_do_close  api_msg.o
    0x080069e8   0x000001b8   Code   RO         1740    i.lwip_netconn_do_close_internal  api_msg.o
    0x08006ba0   0x000000fc   Code   RO         1743    i.lwip_netconn_do_delconn  api_msg.o
    0x08006c9c   0x000000c4   Code   RO         1745    i.lwip_netconn_do_getaddr  api_msg.o
    0x08006d60   0x0000011c   Code   RO         1746    i.lwip_netconn_do_listen  api_msg.o
    0x08006e7c   0x00000032   Code   RO         1747    i.lwip_netconn_do_newconn  api_msg.o
    0x08006eae   0x00000062   Code   RO         1748    i.lwip_netconn_do_recv  api_msg.o
    0x08006f10   0x0000007e   Code   RO         1749    i.lwip_netconn_do_send  api_msg.o
    0x08006f8e   0x00000002   PAD
    0x08006f90   0x000000ac   Code   RO         1750    i.lwip_netconn_do_write  api_msg.o
    0x0800703c   0x000001b4   Code   RO         1751    i.lwip_netconn_do_writemore  api_msg.o
    0x080071f0   0x00000022   Code   RO         2048    i.lwip_recv         sockets.o
    0x08007212   0x0000025e   Code   RO         2049    i.lwip_recvfrom     sockets.o
    0x08007470   0x00000334   Code   RO         2050    i.lwip_select       sockets.o
    0x080077a4   0x000002ec   Code   RO         2051    i.lwip_selscan      sockets.o
    0x08007a90   0x00000098   Code   RO         2052    i.lwip_send         sockets.o
    0x08007b28   0x000000e0   Code   RO         2054    i.lwip_sendto       sockets.o
    0x08007c08   0x0000006c   Code   RO         2055    i.lwip_setsockopt   sockets.o
    0x08007c74   0x00000228   Code   RO         2056    i.lwip_setsockopt_impl  sockets.o
    0x08007e9c   0x000000aa   Code   RO         2057    i.lwip_shutdown     sockets.o
    0x08007f46   0x00000002   PAD
    0x08007f48   0x00000098   Code   RO         2058    i.lwip_socket       sockets.o
    0x08007fe0   0x0000005e   Code   RO         3713    i.lwip_standard_chksum  inet_chksum.o
    0x0800803e   0x00000024   Code   RO           17    i.main              main.o
    0x08008062   0x00000002   PAD
    0x08008064   0x0000006c   Code   RO         2645    i.mem_free          mem.o
    0x080080d0   0x00000070   Code   RO         2646    i.mem_init          mem.o
    0x08008140   0x00000114   Code   RO         2647    i.mem_malloc        mem.o
    0x08008254   0x00000120   Code   RO         2648    i.mem_trim          mem.o
    0x08008374   0x00000028   Code   RO         2701    i.memp_free         memp.o
    0x0800839c   0x00000020   Code   RO         2703    i.memp_init         memp.o
    0x080083bc   0x0000002c   Code   RO         2704    i.memp_init_pool    memp.o
    0x080083e8   0x00000024   Code   RO         2705    i.memp_malloc       memp.o
    0x0800840c   0x00000020   Code   RO         1956    i.netbuf_delete     netbuf.o
    0x0800842c   0x00000020   Code   RO         1958    i.netbuf_free       netbuf.o
    0x0800844c   0x0000004a   Code   RO         1961    i.netbuf_ref        netbuf.o
    0x08008496   0x00000002   PAD
    0x08008498   0x000000a4   Code   RO         1566    i.netconn_accept    api_lib.o
    0x0800853c   0x0000008e   Code   RO         1752    i.netconn_alloc     api_msg.o
    0x080085ca   0x00000026   Code   RO         1567    i.netconn_apimsg    api_lib.o
    0x080085f0   0x0000003c   Code   RO         1568    i.netconn_bind      api_lib.o
    0x0800862c   0x00000034   Code   RO         1570    i.netconn_close_shutdown  api_lib.o
    0x08008660   0x00000034   Code   RO         1572    i.netconn_delete    api_lib.o
    0x08008694   0x000000b4   Code   RO         1753    i.netconn_drain     api_msg.o
    0x08008748   0x0000003a   Code   RO         1754    i.netconn_free      api_msg.o
    0x08008782   0x00000002   PAD
    0x08008784   0x00000054   Code   RO         1574    i.netconn_getaddr   api_lib.o
    0x080087d8   0x00000030   Code   RO         1575    i.netconn_listen_with_backlog  api_lib.o
    0x08008808   0x00000084   Code   RO         1576    i.netconn_new_with_proto_and_callback  api_lib.o
    0x0800888c   0x0000007a   Code   RO         1577    i.netconn_recv      api_lib.o
    0x08008906   0x00000002   PAD
    0x08008908   0x0000010c   Code   RO         1578    i.netconn_recv_data  api_lib.o
    0x08008a14   0x00000026   Code   RO         1579    i.netconn_recv_tcp_pbuf  api_lib.o
    0x08008a3a   0x00000002   PAD
    0x08008a3c   0x00000030   Code   RO         1580    i.netconn_send      api_lib.o
    0x08008a6c   0x00000024   Code   RO         1582    i.netconn_shutdown  api_lib.o
    0x08008a90   0x00000094   Code   RO         1583    i.netconn_write_partly  api_lib.o
    0x08008b24   0x00000098   Code   RO         2791    i.netif_add         netif.o
    0x08008bbc   0x00000002   Code   RO         2793    i.netif_init        netif.o
    0x08008bbe   0x00000024   Code   RO         2795    i.netif_issue_reports  netif.o
    0x08008be2   0x00000048   Code   RO         2797    i.netif_set_addr    netif.o
    0x08008c2a   0x00000002   PAD
    0x08008c2c   0x00000010   Code   RO         2798    i.netif_set_default  netif.o
    0x08008c3c   0x00000010   Code   RO         2800    i.netif_set_gw      netif.o
    0x08008c4c   0x00000054   Code   RO         2801    i.netif_set_ipaddr  netif.o
    0x08008ca0   0x00000010   Code   RO         2805    i.netif_set_netmask  netif.o
    0x08008cb0   0x0000002c   Code   RO         2806    i.netif_set_up      netif.o
    0x08008cdc   0x0000000c   Code   RO          569    i.network_init      network.o
    0x08008ce8   0x00000058   Code   RO          570    i.network_lwip_init  network.o
    0x08008d40   0x000001b0   Code   RO         2912    i.pbuf_alloc        pbuf.o
    0x08008ef0   0x00000038   Code   RO         2913    i.pbuf_cat          pbuf.o
    0x08008f28   0x0000001a   Code   RO         2914    i.pbuf_chain        pbuf.o
    0x08008f42   0x00000012   Code   RO         2915    i.pbuf_clen         pbuf.o
    0x08008f54   0x000000c8   Code   RO         2917    i.pbuf_copy         pbuf.o
    0x0800901c   0x00000092   Code   RO         2918    i.pbuf_copy_partial  pbuf.o
    0x080090ae   0x0000007e   Code   RO         2920    i.pbuf_free         pbuf.o
    0x0800912c   0x00000012   Code   RO         2922    i.pbuf_header       pbuf.o
    0x0800913e   0x00000012   Code   RO         2923    i.pbuf_header_force  pbuf.o
    0x08009150   0x00000096   Code   RO         2924    i.pbuf_header_impl  pbuf.o
    0x080091e6   0x00000078   Code   RO         2928    i.pbuf_realloc      pbuf.o
    0x0800925e   0x00000012   Code   RO         2929    i.pbuf_ref          pbuf.o
    0x08009270   0x00000078   Code   RO         1755    i.pcb_new           api_msg.o
    0x080092e8   0x00000088   Code   RO         2649    i.plug_holes        mem.o
    0x08009370   0x0000007e   Code   RO         1756    i.poll_tcp          api_msg.o
    0x080093ee   0x00000002   PAD
    0x080093f0   0x00000098   Code   RO         6433    i.print_call_stack  cm_backtrace.o
    0x08009488   0x00000098   Code   RO          850    i.prvAddCurrentTaskToDelayedList  tasks.o
    0x08009520   0x000000b8   Code   RO          851    i.prvAddNewTaskToReadyList  tasks.o
    0x080095d8   0x00000002   Code   RO          852    i.prvCheckTasksWaitingTermination  tasks.o
    0x080095da   0x0000002a   Code   RO         1208    i.prvCopyDataFromQueue  queue.o
    0x08009604   0x0000007c   Code   RO         1209    i.prvCopyDataToQueue  queue.o
    0x08009680   0x00000014   Code   RO         1210    i.prvGetDisinheritPriorityAfterTimeout  queue.o
    0x08009694   0x0000007c   Code   RO         1505    i.prvHeapInit       heap_4.o
    0x08009710   0x00000008   Code   RO          853    i.prvIdleTask       tasks.o
    0x08009718   0x0000001c   Code   RO         1211    i.prvInitialiseMutex  queue.o
    0x08009734   0x0000002a   Code   RO         1212    i.prvInitialiseNewQueue  queue.o
    0x0800975e   0x000000b6   Code   RO          854    i.prvInitialiseNewTask  tasks.o
    0x08009814   0x0000005c   Code   RO          855    i.prvInitialiseTaskLists  tasks.o
    0x08009870   0x00000068   Code   RO         1506    i.prvInsertBlockIntoFreeList  heap_4.o
    0x080098d8   0x0000001a   Code   RO         1213    i.prvIsQueueEmpty   queue.o
    0x080098f2   0x0000001e   Code   RO         1214    i.prvIsQueueFull    queue.o
    0x08009910   0x0000006a   Code   RO          856    i.prvListTasksWithinSingleList  tasks.o
    0x0800997a   0x00000002   PAD
    0x0800997c   0x00000034   Code   RO          857    i.prvResetNextTaskUnblockTime  tasks.o
    0x080099b0   0x00000016   Code   RO          858    i.prvTaskCheckFreeStackSpace  tasks.o
    0x080099c6   0x00000002   PAD
    0x080099c8   0x00000040   Code   RO         1415    i.prvTaskExitError  port.o
    0x08009a08   0x0000007e   Code   RO         1215    i.prvUnlockQueue    queue.o
    0x08009a86   0x0000002a   Code   RO          860    i.prvWriteNameToBuffer  tasks.o
    0x08009ab0   0x0000013c   Code   RO         1507    i.pvPortMalloc      heap_4.o
    0x08009bec   0x00000020   Code   RO          861    i.pvTaskIncrementMutexHeldCount  tasks.o
    0x08009c0c   0x0000002c   Code   RO         1416    i.pxPortInitialiseStack  port.o
    0x08009c38   0x00000086   Code   RO         1757    i.recv_tcp          api_msg.o
    0x08009cbe   0x00000090   Code   RO         1758    i.recv_udp          api_msg.o
    0x08009d4e   0x00000068   Code   RO         1759    i.sent_tcp          api_msg.o
    0x08009db6   0x00000010   Code   RO          488    i.serial_cli_init   serial.o
    0x08009dc6   0x00000002   PAD
    0x08009dc8   0x00000018   Code   RO          489    i.serial_cli_print  serial.o
    0x08009de0   0x0000000c   Code   RO          490    i.serial_cli_print_init  serial.o
    0x08009dec   0x00000008   Code   RO          491    i.serial_cli_receive_enable  serial.o
    0x08009df4   0x00000044   Code   RO         1760    i.setup_tcp         api_msg.o
    0x08009e38   0x00000024   Code   RO         6434    i.statck_del_fpu_regs  cm_backtrace.o
    0x08009e5c   0x00000060   Code   RO         4052    i.sys_arch_mbox_fetch  sys_arch.o
    0x08009ebc   0x00000022   Code   RO         4053    i.sys_arch_mbox_tryfetch  sys_arch.o
    0x08009ede   0x00000050   Code   RO         4055    i.sys_arch_sem_wait  sys_arch.o
    0x08009f2e   0x00000002   PAD
    0x08009f30   0x00000080   Code   RO         4227    i.sys_check_timeouts  timeouts.o
    0x08009fb0   0x0000000c   Code   RO         4058    i.sys_init          sys_arch.o
    0x08009fbc   0x00000012   Code   RO         4059    i.sys_mbox_free     sys_arch.o
    0x08009fce   0x00000020   Code   RO         4060    i.sys_mbox_new      sys_arch.o
    0x08009fee   0x00000006   Code   RO         4062    i.sys_mbox_set_invalid  sys_arch.o
    0x08009ff4   0x00000020   Code   RO         4063    i.sys_mbox_trypost  sys_arch.o
    0x0800a014   0x0000000e   Code   RO         4064    i.sys_mbox_valid    sys_arch.o
    0x0800a022   0x00000008   Code   RO         4065    i.sys_now           sys_arch.o
    0x0800a02a   0x0000000c   Code   RO         4066    i.sys_sem_free      sys_arch.o
    0x0800a036   0x0000003a   Code   RO         4067    i.sys_sem_new       sys_arch.o
    0x0800a070   0x00000006   Code   RO         4068    i.sys_sem_set_invalid  sys_arch.o
    0x0800a076   0x00000012   Code   RO         4069    i.sys_sem_signal    sys_arch.o
    0x0800a088   0x0000000e   Code   RO         4070    i.sys_sem_valid     sys_arch.o
    0x0800a096   0x00000002   PAD
    0x0800a098   0x00000044   Code   RO         4071    i.sys_thread_new    sys_arch.o
    0x0800a0dc   0x000000d8   Code   RO         4229    i.sys_timeout       timeouts.o
    0x0800a1b4   0x00000034   Code   RO         4230    i.sys_timeouts_init  timeouts.o
    0x0800a1e8   0x00000040   Code   RO         4231    i.sys_timeouts_mbox_fetch  timeouts.o
    0x0800a228   0x00000038   Code   RO         4232    i.sys_timeouts_sleeptime  timeouts.o
    0x0800a260   0x000000c4   Code   RO          281    i.systemStackStatsShow  cli_register.o
    0x0800a324   0x000000d8   Code   RO          282    i.taskStackStatsShow  cli_register.o
    0x0800a3fc   0x000000f8   Code   RO         3087    i.tcp_abandon       tcp.o
    0x0800a4f4   0x0000000e   Code   RO         3088    i.tcp_abort         tcp.o
    0x0800a502   0x00000010   Code   RO         3089    i.tcp_accept        tcp.o
    0x0800a512   0x00000014   Code   RO         3090    i.tcp_accept_null   tcp.o
    0x0800a526   0x00000002   PAD
    0x0800a528   0x000000c8   Code   RO         3091    i.tcp_alloc         tcp.o
    0x0800a5f0   0x00000006   Code   RO         3092    i.tcp_arg           tcp.o
    0x0800a5f6   0x00000028   Code   RO         3093    i.tcp_backlog_accepted  tcp.o
    0x0800a61e   0x00000028   Code   RO         3094    i.tcp_backlog_delayed  tcp.o
    0x0800a646   0x00000002   PAD
    0x0800a648   0x000000b4   Code   RO         3095    i.tcp_bind          tcp.o
    0x0800a6fc   0x00000014   Code   RO          342    i.tcp_cli_print     net_tcp.o
    0x0800a710   0x0000017c   Code   RO          343    i.tcp_client_add_handle  net_tcp.o
    0x0800a88c   0x000000ec   Code   RO          344    i.tcp_client_close_handle  net_tcp.o
    0x0800a978   0x00000104   Code   RO          345    i.tcp_client_connect_handle  net_tcp.o
    0x0800aa7c   0x0000010c   Code   RO          346    i.tcp_client_news_handle  net_tcp.o
    0x0800ab88   0x00000020   Code   RO         3096    i.tcp_close         tcp.o
    0x0800aba8   0x00000168   Code   RO         3097    i.tcp_close_shutdown  tcp.o
    0x0800ad10   0x00000072   Code   RO         3098    i.tcp_close_shutdown_fin  tcp.o
    0x0800ad82   0x000000d0   Code   RO         3448    i.tcp_create_segment  tcp_out.o
    0x0800ae52   0x0000003a   Code   RO         3101    i.tcp_eff_send_mss_impl  tcp.o
    0x0800ae8c   0x00000120   Code   RO         3449    i.tcp_enqueue_flags  tcp_out.o
    0x0800afac   0x0000000c   Code   RO         3102    i.tcp_err           tcp.o
    0x0800afb8   0x00000098   Code   RO         3103    i.tcp_fasttmr       tcp.o
    0x0800b050   0x00000058   Code   RO         3381    i.tcp_getoptbyte    tcp_in.o
    0x0800b0a8   0x00000002   Code   RO         3104    i.tcp_init          tcp.o
    0x0800b0aa   0x00000002   PAD
    0x0800b0ac   0x00000504   Code   RO         3382    i.tcp_input         tcp_in.o
    0x0800b5b0   0x0000004c   Code   RO         3383    i.tcp_input_delayed_close  tcp_in.o
    0x0800b5fc   0x00000072   Code   RO         3450    i.tcp_keepalive     tcp_out.o
    0x0800b66e   0x00000002   PAD
    0x0800b670   0x0000005c   Code   RO         3105    i.tcp_kill_prio     tcp.o
    0x0800b6cc   0x00000050   Code   RO         3106    i.tcp_kill_state    tcp.o
    0x0800b71c   0x00000040   Code   RO         3107    i.tcp_kill_timewait  tcp.o
    0x0800b75c   0x0000002c   Code   RO         3108    i.tcp_listen_closed  tcp.o
    0x0800b788   0x00000170   Code   RO         3384    i.tcp_listen_input  tcp_in.o
    0x0800b8f8   0x000000e8   Code   RO         3110    i.tcp_listen_with_backlog_and_err  tcp.o
    0x0800b9e0   0x00000054   Code   RO         3111    i.tcp_netif_ip_addr_changed  tcp.o
    0x0800ba34   0x0000002e   Code   RO         3112    i.tcp_netif_ip_addr_changed_pcblist  tcp.o
    0x0800ba62   0x00000010   Code   RO         3114    i.tcp_new_ip_type   tcp.o
    0x0800ba72   0x00000002   PAD
    0x0800ba74   0x00000068   Code   RO         3115    i.tcp_new_port      tcp.o
    0x0800badc   0x00000020   Code   RO          347    i.tcp_news_receive  net_tcp.o
    0x0800bafc   0x00000034   Code   RO          348    i.tcp_news_send     net_tcp.o
    0x0800bb30   0x00000020   Code   RO         3116    i.tcp_next_iss      tcp.o
    0x0800bb50   0x00000258   Code   RO         3451    i.tcp_output        tcp_out.o
    0x0800bda8   0x0000007c   Code   RO         3452    i.tcp_output_alloc_header  tcp_out.o
    0x0800be24   0x000000cc   Code   RO         3453    i.tcp_output_segment  tcp_out.o
    0x0800bef0   0x000000b8   Code   RO         3385    i.tcp_parseopt      tcp_in.o
    0x0800bfa8   0x00000078   Code   RO         3454    i.tcp_pbuf_prealloc  tcp_out.o
    0x0800c020   0x0000005e   Code   RO         3117    i.tcp_pcb_purge     tcp.o
    0x0800c07e   0x00000078   Code   RO         3118    i.tcp_pcb_remove    tcp.o
    0x0800c0f6   0x0000000c   Code   RO         3119    i.tcp_poll          tcp.o
    0x0800c102   0x00000002   PAD
    0x0800c104   0x000005e4   Code   RO         3386    i.tcp_process       tcp_in.o
    0x0800c6e8   0x0000009a   Code   RO         3120    i.tcp_process_refused_data  tcp.o
    0x0800c782   0x00000002   PAD
    0x0800c784   0x00000648   Code   RO         3387    i.tcp_receive       tcp_in.o
    0x0800cdcc   0x0000000a   Code   RO         3121    i.tcp_recv          tcp.o
    0x0800cdd6   0x0000002e   Code   RO         3122    i.tcp_recv_null     tcp.o
    0x0800ce04   0x00000064   Code   RO         3123    i.tcp_recved        tcp.o
    0x0800ce68   0x00000018   Code   RO         3124    i.tcp_remove_listener  tcp.o
    0x0800ce80   0x00000062   Code   RO         3455    i.tcp_rexmit        tcp_out.o
    0x0800cee2   0x00000076   Code   RO         3456    i.tcp_rexmit_fast   tcp_out.o
    0x0800cf58   0x0000004c   Code   RO         3457    i.tcp_rexmit_rto    tcp_out.o
    0x0800cfa4   0x00000090   Code   RO         3458    i.tcp_rst           tcp_out.o
    0x0800d034   0x0000001a   Code   RO         3125    i.tcp_seg_free      tcp.o
    0x0800d04e   0x00000018   Code   RO         3126    i.tcp_segs_free     tcp.o
    0x0800d066   0x0000007e   Code   RO         3459    i.tcp_send_empty_ack  tcp_out.o
    0x0800d0e4   0x0000004a   Code   RO         3460    i.tcp_send_fin      tcp_out.o
    0x0800d12e   0x0000000a   Code   RO         3127    i.tcp_sent          tcp.o
    0x0800d138   0x00000220   Code   RO          349    i.tcp_server_connect_init  net_tcp.o
    0x0800d358   0x000001d8   Code   RO          350    i.tcp_server_data_init  net_tcp.o
    0x0800d530   0x00000016   Code   RO          351    i.tcp_server_news_add  net_tcp.o
    0x0800d546   0x00000002   PAD
    0x0800d548   0x000002e4   Code   RO          352    i.tcp_server_receive_task  net_tcp.o
    0x0800d82c   0x000001e4   Code   RO          353    i.tcp_server_send_task  net_tcp.o
    0x0800da10   0x00000062   Code   RO         3129    i.tcp_shutdown      tcp.o
    0x0800da72   0x00000002   PAD
    0x0800da74   0x00000394   Code   RO         3130    i.tcp_slowtmr       tcp.o
    0x0800de08   0x0000008c   Code   RO          354    i.tcp_task_create   net_tcp.o
    0x0800de94   0x00000038   Code   RO         4234    i.tcp_timer_needed  timeouts.o
    0x0800decc   0x000000a4   Code   RO         3388    i.tcp_timewait_input  tcp_in.o
    0x0800df70   0x00000024   Code   RO         3131    i.tcp_tmr           tcp.o
    0x0800df94   0x00000014   Code   RO         3389    i.tcp_trigger_input_pcb_close  tcp_in.o
    0x0800dfa8   0x0000004e   Code   RO         3133    i.tcp_update_rcv_ann_wnd  tcp.o
    0x0800dff6   0x0000048c   Code   RO         3461    i.tcp_write         tcp_out.o
    0x0800e482   0x00000080   Code   RO         3462    i.tcp_write_checks  tcp_out.o
    0x0800e502   0x000000f6   Code   RO         3463    i.tcp_zero_window_probe  tcp_out.o
    0x0800e5f8   0x00000060   Code   RO         2249    i.tcpip_init        tcpip.o
    0x0800e658   0x00000050   Code   RO         2250    i.tcpip_inpkt       tcpip.o
    0x0800e6a8   0x00000030   Code   RO         2251    i.tcpip_input       tcpip.o
    0x0800e6d8   0x00000024   Code   RO         2252    i.tcpip_send_msg_wait_sem  tcpip.o
    0x0800e6fc   0x00000038   Code   RO         4235    i.tcpip_tcp_timer   timeouts.o
    0x0800e734   0x000000ac   Code   RO         2253    i.tcpip_thread      tcpip.o
    0x0800e7e0   0x00000030   Code   RO         2063    i.tryget_socket     sockets.o
    0x0800e810   0x000000b4   Code   RO         3552    i.udp_bind          udp.o
    0x0800e8c4   0x00000002   Code   RO         3555    i.udp_init          udp.o
    0x0800e8c6   0x00000002   PAD
    0x0800e8c8   0x00000178   Code   RO         3556    i.udp_input         udp.o
    0x0800ea40   0x00000048   Code   RO         3557    i.udp_input_local_match  udp.o
    0x0800ea88   0x00000030   Code   RO         3558    i.udp_netif_ip_addr_changed  udp.o
    0x0800eab8   0x0000001c   Code   RO         3559    i.udp_new           udp.o
    0x0800ead4   0x0000000e   Code   RO         3560    i.udp_new_ip_type   udp.o
    0x0800eae2   0x00000002   PAD
    0x0800eae4   0x00000058   Code   RO         3561    i.udp_new_port      udp.o
    0x0800eb3c   0x00000006   Code   RO         3562    i.udp_recv          udp.o
    0x0800eb42   0x00000002   PAD
    0x0800eb44   0x00000044   Code   RO         3563    i.udp_remove        udp.o
    0x0800eb88   0x0000001e   Code   RO         3564    i.udp_send          udp.o
    0x0800eba6   0x0000004c   Code   RO         3565    i.udp_sendto        udp.o
    0x0800ebf2   0x00000052   Code   RO         3566    i.udp_sendto_if     udp.o
    0x0800ec44   0x000000e0   Code   RO         3567    i.udp_sendto_if_src  udp.o
    0x0800ed24   0x000000c0   Code   RO          672    i.usart_debug_DMA_init  usart.o
    0x0800ede4   0x00000014   Code   RO          673    i.usart_debug_RX_ISR_enable  usart.o
    0x0800edf8   0x000000e4   Code   RO          674    i.usart_debug_init  usart.o
    0x0800eedc   0x00000034   Code   RO          675    i.usart_send_data_by_DMA  usart.o
    0x0800ef10   0x00000028   Code   RO         1374    i.uxListRemove      list.o
    0x0800ef38   0x0000002a   Code   RO         1218    i.uxQueueMessagesWaiting  queue.o
    0x0800ef62   0x00000002   PAD
    0x0800ef64   0x0000009c   Code   RO          864    i.uxTaskGetSystemState  tasks.o
    0x0800f000   0x00000030   Code   RO          283    i.vApplicationStackOverflowHook  cli_register.o
    0x0800f030   0x0000001a   Code   RO         1375    i.vListInitialise   list.o
    0x0800f04a   0x00000006   Code   RO         1376    i.vListInitialiseItem  list.o
    0x0800f050   0x00000034   Code   RO         1377    i.vListInsert       list.o
    0x0800f084   0x00000018   Code   RO         1378    i.vListInsertEnd    list.o
    0x0800f09c   0x00000054   Code   RO         1418    i.vPortEnterCritical  port.o
    0x0800f0f0   0x0000003c   Code   RO         1419    i.vPortExitCritical  port.o
    0x0800f12c   0x00000094   Code   RO         1508    i.vPortFree         heap_4.o
    0x0800f1c0   0x00000018   Code   RO         1420    i.vPortSetupTimerInterrupt  port.o
    0x0800f1d8   0x00000078   Code   RO         1421    i.vPortValidateInterruptPriority  port.o
    0x0800f250   0x00000026   Code   RO         1221    i.vQueueDelete      queue.o
    0x0800f276   0x00000002   PAD
    0x0800f278   0x0000005c   Code   RO          867    i.vTaskDelay        tasks.o
    0x0800f2d4   0x000000d4   Code   RO          868    i.vTaskDelayUntil   tasks.o
    0x0800f3a8   0x00000084   Code   RO          870    i.vTaskGetInfo      tasks.o
    0x0800f42c   0x00000018   Code   RO          871    i.vTaskInternalSetTimeOutState  tasks.o
    0x0800f444   0x000000e0   Code   RO          872    i.vTaskList         tasks.o
    0x0800f524   0x0000000c   Code   RO          873    i.vTaskMissedYield  tasks.o
    0x0800f530   0x0000000c   Code   RO          874    i.vTaskName         tasks.o
    0x0800f53c   0x00000038   Code   RO          876    i.vTaskPlaceOnEventList  tasks.o
    0x0800f574   0x000000f4   Code   RO          878    i.vTaskPriorityDisinheritAfterTimeout  tasks.o
    0x0800f668   0x0000000c   Code   RO          883    i.vTaskStackAddr    tasks.o
    0x0800f674   0x0000000c   Code   RO          884    i.vTaskStackSize    tasks.o
    0x0800f680   0x00000088   Code   RO          885    i.vTaskStartScheduler  tasks.o
    0x0800f708   0x00000010   Code   RO          887    i.vTaskSuspendAll   tasks.o
    0x0800f718   0x000000a8   Code   RO          888    i.vTaskSwitchContext  tasks.o
    0x0800f7c0   0x0000000c   Code   RO         1510    i.xPortGetFreeHeapSize  heap_4.o
    0x0800f7cc   0x0000000c   Code   RO         1511    i.xPortGetMinimumEverFreeHeapSize  heap_4.o
    0x0800f7d8   0x00000168   Code   RO         1422    i.xPortStartScheduler  port.o
    0x0800f940   0x00000022   Code   RO         1223    i.xQueueCreateMutex  queue.o
    0x0800f962   0x00000058   Code   RO         1224    i.xQueueGenericCreate  queue.o
    0x0800f9ba   0x00000002   PAD
    0x0800f9bc   0x00000098   Code   RO         1225    i.xQueueGenericReset  queue.o
    0x0800fa54   0x00000180   Code   RO         1226    i.xQueueGenericSend  queue.o
    0x0800fbd4   0x000000f8   Code   RO         1227    i.xQueueGenericSendFromISR  queue.o
    0x0800fccc   0x000000e0   Code   RO         1228    i.xQueueGiveFromISR  queue.o
    0x0800fdac   0x00000140   Code   RO         1233    i.xQueueReceive     queue.o
    0x0800feec   0x00000190   Code   RO         1235    i.xQueueSemaphoreTake  queue.o
    0x0801007c   0x0000008c   Code   RO          889    i.xTaskCheckForTimeOut  tasks.o
    0x08010108   0x00000060   Code   RO          890    i.xTaskCreate       tasks.o
    0x08010168   0x0000000c   Code   RO          894    i.xTaskGetTickCount  tasks.o
    0x08010174   0x00000148   Code   RO          896    i.xTaskIncrementTick  tasks.o
    0x080102bc   0x000000c8   Code   RO          899    i.xTaskPriorityDisinherit  tasks.o
    0x08010384   0x000000c8   Code   RO          900    i.xTaskPriorityInherit  tasks.o
    0x0801044c   0x00000098   Code   RO          901    i.xTaskRemoveFromEventList  tasks.o
    0x080104e4   0x00000104   Code   RO          902    i.xTaskResumeAll    tasks.o
    0x080105e8   0x0000002c   Code   RO         6696    locale$$code        c_w.l(lc_ctype_c.o)
    0x08010614   0x0000000a   Code   RO         6759    x$fpl$fpinit        fz_wm.l(fpinit.o)
    0x0801061e   0x00000002   PAD
    0x08010620   0x00000014   Data   RO          184    .constdata          cli_task.o
    0x08010634   0x000000bc   Data   RO          285    .constdata          cli_register.o
    0x080106f0   0x00000004   Data   RO          356    .constdata          net_tcp.o
    0x080106f4   0x00000044   Data   RO         1923    .constdata          err.o
    0x08010738   0x000000dc   Data   RO         2708    .constdata          memp.o
    0x08010814   0x00000050   Data   RO         3134    .constdata          tcp.o
    0x08010864   0x00000008   Data   RO         3823    .constdata          ip4_addr.o
    0x0801086c   0x0000000c   Data   RO         3970    .constdata          ethernet.o
    0x08010878   0x00000020   Data   RO         4236    .constdata          timeouts.o
    0x08010898   0x00000064   Data   RO         6436    .constdata          cm_backtrace.o
    0x080108fc   0x00000008   Data   RO         6544    .constdata          c_w.l(_printf_wctomb.o)
    0x08010904   0x00000028   Data   RO         6565    .constdata          c_w.l(_printf_hex_int_ptr.o)
    0x0801092c   0x00000011   Data   RO         6591    .constdata          c_w.l(__printf_flags_ss_wp.o)
    0x0801093d   0x00000003   PAD
    0x08010940   0x000000e5   Data   RO          185    .conststring        cli_task.o
    0x08010a25   0x00000003   PAD
    0x08010a28   0x00000791   Data   RO          286    .conststring        cli_register.o
    0x080111b9   0x00000003   PAD
    0x080111bc   0x0000002a   Data   RO          357    .conststring        net_tcp.o
    0x080111e6   0x00000002   PAD
    0x080111e8   0x00000080   Data   RO         2709    .conststring        memp.o
    0x08011268   0x0000006d   Data   RO         3135    .conststring        tcp.o
    0x080112d5   0x00000003   PAD
    0x080112d8   0x00000815   Data   RO         6437    .conststring        cm_backtrace.o
    0x08011aed   0x00000003   PAD
    0x08011af0   0x00000040   Data   RO         6829    Region$$Table       anon$$obj.o
    0x08011b30   0x00000110   Data   RO         6695    locale$$data        c_w.l(lc_ctype_c.o)


    Execution Region RW_CCM_IRAM2 (Base: 0x10000000, Size: 0x0000f1ec, Max: 0x00010000, ABSOLUTE)

    Base Addr    Size         Type   Attr      Idx    E Section Name        Object

    0x10000000   0x00000038   Data   RW          905    .data               tasks.o
    0x10000038   0x0000000c   Data   RW         1423    .data               port.o
    0x10000044   0x00000018   Data   RW         1513    .data               heap_4.o
    0x1000005c   0x00000190   Zero   RW          904    .bss                tasks.o
    0x100001ec   0x0000f000   Zero   RW         1512    .bss                heap_4.o


    Execution Region RW_IRAM1 (Base: 0x20000000, Size: 0x00009c18, Max: 0x00020000, ABSOLUTE, COMPRESSED[0x000000dc])

    Base Addr    Size         Type   Attr      Idx    E Section Name        Object

    0x20000000   0x0000004c   Data   RW          186    .data               cli_task.o
    0x2000004c   0x00000020   Data   RW          287    .data               cli_register.o
    0x2000006c   0x000000cc   Data   RW          358    .data               net_tcp.o
    0x20000138   0x0000000c   Data   RW          676    .data               usart.o
    0x20000144   0x00000008   Data   RW          773    .data               stm32f4x7_eth_bsp.o
    0x2000014c   0x00000001   Data   RW         1761    .data               api_msg.o
    0x2000014d   0x00000003   PAD
    0x20000150   0x00000008   Data   RW         2065    .data               sockets.o
    0x20000158   0x00000010   Data   RW         2255    .data               tcpip.o
    0x20000168   0x00000018   Data   RW         2391    .data               dhcp.o
    0x20000180   0x00000010   Data   RW         2651    .data               mem.o
    0x20000190   0x0000002c   Data   RW         2710    .data               memp.o
    0x200001bc   0x00000009   Data   RW         2807    .data               netif.o
    0x200001c5   0x00000003   PAD
    0x200001c8   0x00000020   Data   RW         3136    .data               tcp.o
    0x200001e8   0x00000028   Data   RW         3391    .data               tcp_in.o
    0x20000210   0x00000008   Data   RW         3568    .data               udp.o
    0x20000218   0x00000002   Data   RW         3783    .data               ip4.o
    0x2000021a   0x00000001   Data   RW         3893    .data               etharp.o
    0x2000021b   0x00000001   PAD
    0x2000021c   0x0000000c   Data   RW         4004    .data               ethernetif.o
    0x20000228   0x00000002   Data   RW         4072    .data               sys_arch.o
    0x2000022a   0x00000002   PAD
    0x2000022c   0x0000000c   Data   RW         4237    .data               timeouts.o
    0x20000238   0x00000010   Data   RW         4475    .data               stm32f4x7_eth.o
    0x20000248   0x00000010   Data   RW         5320    .data               stm32f4xx_rcc.o
    0x20000258   0x000000a9   Data   RW         6438    .data               cm_backtrace.o
    0x20000301   0x00000003   PAD
    0x20000304   0x000001c2   Zero   RW          183    .bss                cli_task.o
    0x200004c6   0x00000190   Zero   RW          284    .bss                cli_register.o
    0x20000656   0x000000fa   Zero   RW          355    .bss                net_tcp.o
    0x20000750   0x00000038   Zero   RW          571    .bss                network.o
    0x20000788   0x000000bc   Zero   RW          772    .bss                stm32f4x7_eth_bsp.o
    0x20000844   0x00000050   Zero   RW         2064    .bss                sockets.o
    0x20000894   0x00001413   Zero   RW         2650    .bss                mem.o
    0x20001ca7   0x000039d9   Zero   RW         2707    .bss                memp.o
    0x20005680   0x00000014   Zero   RW         3390    .bss                tcp_in.o
    0x20005694   0x00000018   Zero   RW         3766    .bss                ip.o
    0x200056ac   0x00000010   Zero   RW         3822    .bss                ip4_addr.o
    0x200056bc   0x000000f0   Zero   RW         3892    .bss                etharp.o
    0x200057ac   0x00003cd4   Zero   RW         4474    .bss                stm32f4x7_eth.o
    0x20009480   0x00000134   Zero   RW         6435    .bss                cm_backtrace.o
    0x200095b4   0x00000060   Zero   RW         6665    .bss                c_w.l(libspace.o)
    0x20009614   0x00000004   PAD
    0x20009618   0x00000200   Zero   RW            2    HEAP                startup_stm32f40_41xxx.o
    0x20009818   0x00000400   Zero   RW            1    STACK               startup_stm32f40_41xxx.o


==============================================================================

Image component sizes


      Code (inc. data)   RO Data    RW Data    ZI Data      Debug   Object Name

      1290         60          0          0          0      35610   api_lib.o
      3976         66          0          1          0      33380   api_msg.o
      3288        666       2125         32        400       8635   cli_register.o
      1036        194        249         76        450      15283   cli_task.o
      2364        474       2169        169        308      13366   cm_backtrace.o
        12          0          0          0          0        440   cmb_fault.o
        38          0          0          0          0       1042   def.o
      3086        110          0         24          0      25449   dhcp.o
        32          6         68          0          0       3631   err.o
      2268         64          0          1        240      10580   etharp.o
       314          4         12          0          0       2530   ethernet.o
       924         84          0         12          0       5719   ethernetif.o
        56          4          0          0          0        547   gpio.o
       716         74          0         24      61440       8156   heap_4.o
       618          4          0          0          0       3913   icmp.o
       176          0          0          0          0       2022   inet_chksum.o
        42          0          0          0          0        536   init.o
         0          0          0          0         24       2970   ip.o
       954         28          0          2          0       4960   ip4.o
       266          4          8          0         16       8666   ip4_addr.o
        56         10          0          0          0       1553   led.o
        90         12          0          0          0       6234   led_task.o
       148          0          0          0          0       3298   list.o
        74          0          0          0          0     299423   main.o
       920         88          0         16       5139       6077   mem.o
       202         14        348         44      14809      10140   memp.o
       160         32          0          0          0       2677   misc.o
      3650        656         46        204        250      28854   net_tcp.o
       138          0          0          0          0       3183   netbuf.o
       438         18          0          9          0       8834   netif.o
       100         22          0          0         56      13831   network.o
      1328          6          0          0          0      10773   pbuf.o
       998         92          0         12          0      11625   port.o
      2368         20          0          0          0      17484   queue.o
        60          6          0          0          0       2565   serial.o
      5040         54          0          8         80      36336   sockets.o
        64         26        392          0       1536       1048   startup_stm32f40_41xxx.o
      2350        166          0         16      15572      19434   stm32f4x7_eth.o
       582         40          0          8        188      43635   stm32f4x7_eth_bsp.o
       736         72          0          0          0       7578   stm32f4xx_dma.o
       240          0          0          0          0       4348   stm32f4xx_gpio.o
        16          0          0          0          0       2717   stm32f4xx_it.o
       328         36          0         16          0       5427   stm32f4xx_rcc.o
        12          6          0          0          0        706   stm32f4xx_syscfg.o
       504          8          0          0          0       8732   stm32f4xx_usart.o
       508          8          0          2          0      10491   sys_arch.o
       340         32          0          0          0       2109   system_stm32f4xx.o
      3886        434          0         56        400      31170   tasks.o
      4036        210        189         32          0      37517   tcp.o
      5300        332          0         40         20      18795   tcp_in.o
      3832         10          0          0          0      24938   tcp_out.o
       432         64          0         16          0       8349   tcpip.o
       656         92         32         12          0       6820   timeouts.o
      1294         44          0          8          0      12109   udp.o
       660         68          0         12          0       6943   usart.o

    ----------------------------------------------------------------------
     63098       4520       5716        864     100928     903188   Object Totals
         0          0         64          0          0          0   (incl. Generated)
        96          0         14         12          0          0   (incl. Padding)

    ----------------------------------------------------------------------

      Code (inc. data)   RO Data    RW Data    ZI Data      Debug   Library Member Name

        24          4          0          0          0         84   __2printf.o
        56          6          0          0          0         88   __2snprintf.o
        44          6          0          0          0         84   __2sprintf.o
        90          0          0          0          0          0   __dczerorl2.o
         8          0          0          0          0         68   __main.o
       392          4         17          0          0         92   __printf_flags_ss_wp.o
        14          0          0          0          0         68   __printf_wp.o
         0          0          0          0          0          0   __rtentry.o
        12          0          0          0          0          0   __rtentry2.o
         6          0          0          0          0          0   __rtentry4.o
        52          8          0          0          0          0   __scatter.o
        26          0          0          0          0          0   __scatter_copy.o
        28          0          0          0          0          0   __scatter_zi.o
        28          0          0          0          0         68   _chval.o
         6          0          0          0          0          0   _printf_c.o
        44          0          0          0          0        108   _printf_char.o
        48          6          0          0          0         96   _printf_char_common.o
        36          4          0          0          0         80   _printf_char_file.o
        40          0          0          0          0         68   _printf_charcount.o
         6          0          0          0          0          0   _printf_d.o
       120         16          0          0          0         92   _printf_dec.o
       124          4         40          0          0        144   _printf_hex_int_ptr.o
         6          0          0          0          0          0   _printf_i.o
       178          0          0          0          0         88   _printf_intcommon.o
        10          0          0          0          0          0   _printf_l.o
         6          0          0          0          0          0   _printf_lc.o
         6          0          0          0          0          0   _printf_n.o
         6          0          0          0          0          0   _printf_o.o
        84         10          0          0          0         88   _printf_oct_int.o
         6          0          0          0          0          0   _printf_p.o
        78          0          0          0          0        108   _printf_pad.o
         0          0          0          0          0          0   _printf_percent.o
         4          0          0          0          0          0   _printf_percent_end.o
         6          0          0          0          0          0   _printf_s.o
        82          0          0          0          0         80   _printf_str.o
        36          0          0          0          0         84   _printf_truncate.o
         6          0          0          0          0          0   _printf_u.o
        44          0          0          0          0        108   _printf_wchar.o
       188          6          8          0          0         92   _printf_wctomb.o
         6          0          0          0          0          0   _printf_x.o
        16          0          0          0          0         68   _snputc.o
        10          0          0          0          0         68   _sputc.o
       158          0          0          0          0         92   _strtoul.o
        64          0          0          0          0         92   _wcrtomb.o
        16          0          0          0          0         68   aeabi_memset.o
        12          0          0          0          0         72   exit.o
         8          0          0          0          0         68   ferror.o
         6          0          0          0          0        152   heapauxi.o
        44         10        272          0          0         76   lc_ctype_c.o
         2          0          0          0          0          0   libinit.o
        24          0          0          0          0          0   libinit2.o
         2          0          0          0          0          0   libshutdown.o
         2          0          0          0          0          0   libshutdown2.o
         8          4          0          0         96         68   libspace.o
        88          0          0          0          0         76   memcmp.o
        16          4          0          0          0         76   rt_ctype_table.o
         8          4          0          0          0         68   rt_errno_addr_intlibspace.o
         8          4          0          0          0         68   rt_locale_intlibspace.o
        68          0          0          0          0         68   rt_memclr.o
        78          0          0          0          0         80   rt_memclr_w.o
       138          0          0          0          0         68   rt_memcpy_v6.o
       100          0          0          0          0         80   rt_memcpy_w.o
         2          0          0          0          0          0   rtexit.o
        10          0          0          0          0          0   rtexit2.o
        24          0          0          0          0         68   strcat.o
       128          0          0          0          0         68   strcmpv7m.o
        72          0          0          0          0         80   strcpy.o
        62          0          0          0          0         76   strlen.o
       150          0          0          0          0         80   strncmp.o
       112          0          0          0          0         88   strtol.o
       114          0          0          0          0         92   strtoul.o
        74          0          0          0          0         80   sys_stackheap_outer.o
         2          0          0          0          0         68   use_no_semi.o
         2          0          0          0          0         68   use_no_semi_2.o
        10          0          0          0          0        116   fpinit.o

    ----------------------------------------------------------------------
      3614        100        340          0        100       4080   Library Totals
        20          0          3          0          4          0   (incl. Padding)

    ----------------------------------------------------------------------

      Code (inc. data)   RO Data    RW Data    ZI Data      Debug   Library Name

      3584        100        337          0         96       3964   c_w.l
        10          0          0          0          0        116   fz_wm.l

    ----------------------------------------------------------------------
      3614        100        340          0        100       4080   Library Totals

    ----------------------------------------------------------------------

==============================================================================


      Code (inc. data)   RO Data    RW Data    ZI Data      Debug   

     66712       4620       6056        864     101028     859448   Grand Totals
     66712       4620       6056        312     101028     859448   ELF Image Totals (compressed)
     66712       4620       6056        312          0          0   ROM Totals

==============================================================================

    Total RO  Size (Code + RO Data)                72768 (  71.06kB)
    Total RW  Size (RW Data + ZI Data)            101892 (  99.50kB)
    Total ROM Size (Code + RO Data + RW Data)      73080 (  71.37kB)

==============================================================================

