Component: ARM Compiler 5.05 update 1 (build 106) Tool: armlink [4d0efa]

==============================================================================

Section Cross References

    startup_stm32f40_41xxx.o(STACK) refers (Special) to heapauxi.o(.text) for __use_two_region_memory
    startup_stm32f40_41xxx.o(HEAP) refers (Special) to heapauxi.o(.text) for __use_two_region_memory
    startup_stm32f40_41xxx.o(RESET) refers (Special) to heapauxi.o(.text) for __use_two_region_memory
    startup_stm32f40_41xxx.o(RESET) refers to startup_stm32f40_41xxx.o(STACK) for __initial_sp
    startup_stm32f40_41xxx.o(RESET) refers to startup_stm32f40_41xxx.o(.text) for Reset_Handler
    startup_stm32f40_41xxx.o(RESET) refers to stm32f4xx_it.o(i.NMI_Handler) for NMI_Handler
    startup_stm32f40_41xxx.o(RESET) refers to stm32f4xx_it.o(i.MemManage_Handler) for MemManage_Handler
    startup_stm32f40_41xxx.o(RESET) refers to stm32f4xx_it.o(i.BusFault_Handler) for BusFault_Handler
    startup_stm32f40_41xxx.o(RESET) refers to stm32f4xx_it.o(i.UsageFault_Handler) for UsageFault_Handler
    startup_stm32f40_41xxx.o(RESET) refers to port.o(.emb_text) for SVC_Handler
    startup_stm32f40_41xxx.o(RESET) refers to stm32f4xx_it.o(i.DebugMon_Handler) for DebugMon_Handler
    startup_stm32f40_41xxx.o(RESET) refers to port.o(i.SysTick_Handler) for SysTick_Handler
    startup_stm32f40_41xxx.o(RESET) refers to usart.o(i.USART1_IRQHandler) for USART1_IRQHandler
    startup_stm32f40_41xxx.o(RESET) refers to usart.o(i.DMA2_Stream7_IRQHandler) for DMA2_Stream7_IRQHandler
    startup_stm32f40_41xxx.o(.text) refers (Special) to heapauxi.o(.text) for __use_two_region_memory
    startup_stm32f40_41xxx.o(.text) refers to system_stm32f4xx.o(i.SystemInit) for SystemInit
    startup_stm32f40_41xxx.o(.text) refers to __main.o(!!!main) for __main
    startup_stm32f40_41xxx.o(.text) refers to startup_stm32f40_41xxx.o(HEAP) for Heap_Mem
    startup_stm32f40_41xxx.o(.text) refers to startup_stm32f40_41xxx.o(STACK) for Stack_Mem
    main.o(i.main) refers to misc.o(i.NVIC_SetVectorTable) for NVIC_SetVectorTable
    main.o(i.main) refers to misc.o(i.NVIC_PriorityGroupConfig) for NVIC_PriorityGroupConfig
    main.o(i.main) refers to cli_task.o(i.cli_task_create) for cli_task_create
    main.o(i.main) refers to tasks.o(i.vTaskStartScheduler) for vTaskStartScheduler
    cli_task.o(i.cli_print_info) refers to queue.o(i.xQueueGenericSendFromISR) for xQueueGenericSendFromISR
    cli_task.o(i.cli_print_info) refers to cli_task.o(.bss) for cCliOutputString
    cli_task.o(i.cli_print_info) refers to cli_task.o(.data) for xSerialSendCharsQueue
    cli_task.o(i.cli_receive_char_callback) refers to queue.o(i.xQueueGenericSendFromISR) for xQueueGenericSendFromISR
    cli_task.o(i.cli_receive_char_callback) refers to cli_task.o(.data) for xSerialRecvCharsQueue
    cli_task.o(i.cli_send_frame_over_callback) refers to queue.o(i.xQueueGiveFromISR) for xQueueGiveFromISR
    cli_task.o(i.cli_send_frame_over_callback) refers to cli_task.o(.data) for xSerialSendCompleteBinary
    cli_task.o(i.cli_task_create) refers to queue.o(i.xQueueGenericCreate) for xQueueGenericCreate
    cli_task.o(i.cli_task_create) refers to queue.o(i.xQueueCreateMutex) for xQueueCreateMutex
    cli_task.o(i.cli_task_create) refers to serial.o(i.serial_cli_init) for serial_cli_init
    cli_task.o(i.cli_task_create) refers to serial.o(i.serial_cli_printInfo_init) for serial_cli_printInfo_init
    cli_task.o(i.cli_task_create) refers to tasks.o(i.xTaskCreate) for xTaskCreate
    cli_task.o(i.cli_task_create) refers to cli_task.o(.data) for xSerialRecvCharsQueue
    cli_task.o(i.cli_task_create) refers to cli_task.o(i.cli_receive_char_callback) for cli_receive_char_callback
    cli_task.o(i.cli_task_create) refers to cli_task.o(i.cli_send_frame_over_callback) for cli_send_frame_over_callback
    cli_task.o(i.cli_task_create) refers to cli_task.o(i.cli_task_send) for cli_task_send
    cli_task.o(i.cli_task_create) refers to cli_task.o(i.cli_task_receive) for cli_task_receive
    cli_task.o(i.cli_task_receive) refers to _printf_percent.o(.ARM.Collect$$_printf_percent$$00000000) for _printf_percent
    cli_task.o(i.cli_task_receive) refers to _printf_s.o(.ARM.Collect$$_printf_percent$$00000014) for _printf_s
    cli_task.o(i.cli_task_receive) refers to _printf_str.o(.text) for _printf_str
    cli_task.o(i.cli_task_receive) refers to __2snprintf.o(.text) for __2snprintf
    cli_task.o(i.cli_task_receive) refers to cli_task.o(i.cli_print_info) for cli_print_info
    cli_task.o(i.cli_task_receive) refers to __2sprintf.o(.text) for __2sprintf
    cli_task.o(i.cli_task_receive) refers to stm32f4xx_usart.o(i.USART_ITConfig) for USART_ITConfig
    cli_task.o(i.cli_task_receive) refers to queue.o(i.xQueueReceive) for xQueueReceive
    cli_task.o(i.cli_task_receive) refers to queue.o(i.xQueueSemaphoreTake) for xQueueSemaphoreTake
[...]
    .text                                    0x08010806   Section        0  strcat.o(.text)
    .text                                    0x0801081e   Section      138  rt_memcpy_v6.o(.text)
    .text                                    0x080108a8   Section       16  aeabi_memset.o(.text)
    .text                                    0x080108b8   Section       68  rt_memclr.o(.text)
    .text                                    0x080108fc   Section        0  heapauxi.o(.text)
    .text                                    0x08010904   Section       16  rt_ctype_table.o(.text)
    .text                                    0x08010914   Section        8  rt_errno_addr_intlibspace.o(.text)
    .text                                    0x0801091c   Section        0  _printf_intcommon.o(.text)
    .text                                    0x080109d0   Section        0  _printf_char_common.o(.text)
    _printf_input_char                       0x080109d1   Thumb Code    10  _printf_char_common.o(.text)
    .text                                    0x08010a00   Section        0  _sputc.o(.text)
    .text                                    0x08010a0a   Section        0  _snputc.o(.text)
    .text                                    0x08010a1a   Section        0  _printf_char.o(.text)
    .text                                    0x08010a46   Section        0  _strtoul.o(.text)
    .text                                    0x08010ae4   Section      100  rt_memcpy_w.o(.text)
    .text                                    0x08010b48   Section       78  rt_memclr_w.o(.text)
    .text                                    0x08010b98   Section        8  libspace.o(.text)
    .text                                    0x08010ba0   Section        8  rt_locale_intlibspace.o(.text)
    .text                                    0x08010ba8   Section        0  _chval.o(.text)
    .text                                    0x08010bc4   Section       74  sys_stackheap_outer.o(.text)
    .text                                    0x08010c0e   Section        0  exit.o(.text)
    .text                                    0x08010c1c   Section      128  strcmpv7m.o(.text)
    .text                                    0x08010c9c   Section        0  sys_exit.o(.text)
    .text                                    0x08010ca8   Section        2  use_no_semi.o(.text)
    .text                                    0x08010caa   Section        0  indicate_semi.o(.text)
    i.BusFault_Handler                       0x08010caa   Section        0  stm32f4xx_it.o(i.BusFault_Handler)
    i.DMA2_Stream7_IRQHandler                0x08010cb0   Section        0  usart.o(i.DMA2_Stream7_IRQHandler)
    i.DMA_ClearFlag                          0x08010ce0   Section        0  stm32f4xx_dma.o(i.DMA_ClearFlag)
    i.DMA_ClearITPendingBit                  0x08010d14   Section        0  stm32f4xx_dma.o(i.DMA_ClearITPendingBit)
    i.DMA_Cmd                                0x08010d48   Section        0  stm32f4xx_dma.o(i.DMA_Cmd)
    i.DMA_DeInit                             0x08010d60   Section        0  stm32f4xx_dma.o(i.DMA_DeInit)
    i.DMA_GetCmdStatus                       0x08010eb8   Section        0  stm32f4xx_dma.o(i.DMA_GetCmdStatus)
    i.DMA_GetITStatus                        0x08010ecc   Section        0  stm32f4xx_dma.o(i.DMA_GetITStatus)
    i.DMA_ITConfig                           0x08010f30   Section        0  stm32f4xx_dma.o(i.DMA_ITConfig)
    i.DMA_Init                               0x08010f6c   Section        0  stm32f4xx_dma.o(i.DMA_Init)
    i.DebugMon_Handler                       0x08010fc4   Section        0  stm32f4xx_it.o(i.DebugMon_Handler)
    i.GPIO_Init                              0x08010fc6   Section        0  stm32f4xx_gpio.o(i.GPIO_Init)
    i.GPIO_PinAFConfig                       0x08011056   Section        0  stm32f4xx_gpio.o(i.GPIO_PinAFConfig)
    i.MemManage_Handler                      0x0801109c   Section        0  stm32f4xx_it.o(i.MemManage_Handler)
    i.NMI_Handler                            0x080110a0   Section        0  stm32f4xx_it.o(i.NMI_Handler)
    i.NVIC_Init                              0x080110a4   Section        0  misc.o(i.NVIC_Init)
    i.NVIC_PriorityGroupConfig               0x0801111c   Section        0  misc.o(i.NVIC_PriorityGroupConfig)
    i.NVIC_SetVectorTable                    0x08011130   Section        0  misc.o(i.NVIC_SetVectorTable)
    i.RCC_AHB1PeriphClockCmd                 0x08011144   Section        0  stm32f4xx_rcc.o(i.RCC_AHB1PeriphClockCmd)
    i.RCC_APB2PeriphClockCmd                 0x08011164   Section        0  stm32f4xx_rcc.o(i.RCC_APB2PeriphClockCmd)
    i.RCC_GetClocksFreq                      0x08011184   Section        0  stm32f4xx_rcc.o(i.RCC_GetClocksFreq)
    i.SetSysClock                            0x0801126c   Section        0  system_stm32f4xx.o(i.SetSysClock)
    SetSysClock                              0x0801126d   Thumb Code   220  system_stm32f4xx.o(i.SetSysClock)
    i.SysTick_Handler                        0x08011358   Section        0  port.o(i.SysTick_Handler)
    i.SystemInit                             0x0801138c   Section        0  system_stm32f4xx.o(i.SystemInit)
    i.USART1_IRQHandler                      0x080113f4   Section        0  usart.o(i.USART1_IRQHandler)
    i.USART_ClearFlag                        0x08011444   Section        0  stm32f4xx_usart.o(i.USART_ClearFlag)
    i.USART_ClearITPendingBit                0x08011456   Section        0  stm32f4xx_usart.o(i.USART_ClearITPendingBit)
    i.USART_Cmd                              0x08011474   Section        0  stm32f4xx_usart.o(i.USART_Cmd)
    i.USART_DMACmd                           0x0801148c   Section        0  stm32f4xx_usart.o(i.USART_DMACmd)
    i.USART_GetITStatus                      0x0801149e   Section        0  stm32f4xx_usart.o(i.USART_GetITStatus)
    i.USART_ITConfig                         0x080114f2   Section        0  stm32f4xx_usart.o(i.USART_ITConfig)
    i.USART_Init                             0x0801153c   Section        0  stm32f4xx_usart.o(i.USART_Init)
    i.USART_ReceiveData                      0x08011610   Section        0  stm32f4xx_usart.o(i.USART_ReceiveData)
    i.UsageFault_Handler                     0x0801161a   Section        0  stm32f4xx_it.o(i.UsageFault_Handler)
    i._is_digit                              0x0801161e   Section        0  __printf_wp.o(i._is_digit)
    i.cli_interpret_command                  0x0801162c   Section        0  cli_register.o(i.cli_interpret_command)
    i.cli_print_info                         0x08011738   Section        0  cli_task.o(i.cli_print_info)
    i.cli_receive_char_callback              0x08011790   Section        0  cli_task.o(i.cli_receive_char_callback)
    cli_receive_char_callback                0x08011791   Thumb Code    48  cli_task.o(i.cli_receive_char_callback)
    i.cli_send_frame_over_callback           0x080117c8   Section        0  cli_task.o(i.cli_send_frame_over_callback)
    cli_send_frame_over_callback             0x080117c9   Thumb Code    38  cli_task.o(i.cli_send_frame_over_callback)
    i.cli_task_create                        0x080117f8   Section        0  cli_task.o(i.cli_task_create)
    i.cli_task_receive                       0x08011938   Section        0  cli_task.o(i.cli_task_receive)
    cli_task_receive                         0x08011939   Thumb Code   342  cli_task.o(i.cli_task_receive)
    i.cli_task_send                          0x08011ae0   Section        0  cli_task.o(i.cli_task_send)
    cli_task_send                            0x08011ae1   Thumb Code    46  cli_task.o(i.cli_task_send)
    i.debugPrintOnOff                        0x08011b1c   Section        0  cli_register.o(i.debugPrintOnOff)
    debugPrintOnOff                          0x08011b1d   Thumb Code   562  cli_register.o(i.debugPrintOnOff)
    i.eTaskGetState                          0x08011e24   Section        0  tasks.o(i.eTaskGetState)
    i.getLongValue                           0x08011e98   Section        0  cli_register.o(i.getLongValue)
    getLongValue                             0x08011e99   Thumb Code    36  cli_register.o(i.getLongValue)
    i.getULongValue                          0x08011ec0   Section        0  cli_register.o(i.getULongValue)
    getULongValue                            0x08011ec1   Thumb Code    36  cli_register.o(i.getULongValue)
    i.help                                   0x08011ee8   Section        0  cli_register.o(i.help)
    help                                     0x08011ee9   Thumb Code   636  cli_register.o(i.help)
    i.infoSysVersion                         0x080121a0   Section        0  cli_register.o(i.infoSysVersion)
    infoSysVersion                           0x080121a1   Thumb Code   506  cli_register.o(i.infoSysVersion)
    i.listShowAllCommond                     0x08012450   Section        0  cli_register.o(i.listShowAllCommond)
    listShowAllCommond                       0x08012451   Thumb Code   172  cli_register.o(i.listShowAllCommond)
    i.main                                   0x08012514   Section        0  main.o(i.main)
    i.prvAddCurrentTaskToDelayedList         0x0801253c   Section        0  tasks.o(i.prvAddCurrentTaskToDelayedList)
    prvAddCurrentTaskToDelayedList           0x0801253d   Thumb Code   124  tasks.o(i.prvAddCurrentTaskToDelayedList)
    i.prvAddNewTaskToReadyList               0x080125d4   Section        0  tasks.o(i.prvAddNewTaskToReadyList)
    prvAddNewTaskToReadyList                 0x080125d5   Thumb Code   156  tasks.o(i.prvAddNewTaskToReadyList)
    i.prvCheckTasksWaitingTermination        0x0801268c   Section        0  tasks.o(i.prvCheckTasksWaitingTermination)
    prvCheckTasksWaitingTermination          0x0801268d   Thumb Code     2  tasks.o(i.prvCheckTasksWaitingTermination)
    i.prvCopyDataFromQueue                   0x0801268e   Section        0  queue.o(i.prvCopyDataFromQueue)
    prvCopyDataFromQueue                     0x0801268f   Thumb Code    42  queue.o(i.prvCopyDataFromQueue)
    i.prvCopyDataToQueue                     0x080126b8   Section        0  queue.o(i.prvCopyDataToQueue)
    prvCopyDataToQueue                       0x080126b9   Thumb Code   124  queue.o(i.prvCopyDataToQueue)
    i.prvGetDisinheritPriorityAfterTimeout   0x08012734   Section        0  queue.o(i.prvGetDisinheritPriorityAfterTimeout)
    prvGetDisinheritPriorityAfterTimeout     0x08012735   Thumb Code    20  queue.o(i.prvGetDisinheritPriorityAfterTimeout)
    i.prvIdleTask                            0x08012748   Section        0  tasks.o(i.prvIdleTask)
    prvIdleTask                              0x08012749   Thumb Code     8  tasks.o(i.prvIdleTask)
    i.prvInitialiseMutex                     0x08012750   Section        0  queue.o(i.prvInitialiseMutex)
    prvInitialiseMutex                       0x08012751   Thumb Code    28  queue.o(i.prvInitialiseMutex)
    i.prvInitialiseNewQueue                  0x0801276c   Section        0  queue.o(i.prvInitialiseNewQueue)
    prvInitialiseNewQueue                    0x0801276d   Thumb Code    42  queue.o(i.prvInitialiseNewQueue)
    i.prvInitialiseNewTask                   0x08012796   Section        0  tasks.o(i.prvInitialiseNewTask)
    prvInitialiseNewTask                     0x08012797   Thumb Code   182  tasks.o(i.prvInitialiseNewTask)
    i.prvInitialiseTaskLists                 0x0801284c   Section        0  tasks.o(i.prvInitialiseTaskLists)
    prvInitialiseTaskLists                   0x0801284d   Thumb Code    64  tasks.o(i.prvInitialiseTaskLists)
    i.prvInsertBlockIntoFreeList             0x080128a8   Section        0  heap_5.o(i.prvInsertBlockIntoFreeList)
    prvInsertBlockIntoFreeList               0x080128a9   Thumb Code    96  heap_5.o(i.prvInsertBlockIntoFreeList)
    i.prvIsQueueEmpty                        0x08012910   Section        0  queue.o(i.prvIsQueueEmpty)
    prvIsQueueEmpty                          0x08012911   Thumb Code    26  queue.o(i.prvIsQueueEmpty)
    i.prvIsQueueFull                         0x0801292a   Section        0  queue.o(i.prvIsQueueFull)
    prvIsQueueFull                           0x0801292b   Thumb Code    30  queue.o(i.prvIsQueueFull)
    i.prvListTasksWithinSingleList           0x08012948   Section        0  tasks.o(i.prvListTasksWithinSingleList)
    prvListTasksWithinSingleList             0x08012949   Thumb Code   106  tasks.o(i.prvListTasksWithinSingleList)
    i.prvResetNextTaskUnblockTime            0x080129b4   Section        0  tasks.o(i.prvResetNextTaskUnblockTime)
    prvResetNextTaskUnblockTime              0x080129b5   Thumb Code    42  tasks.o(i.prvResetNextTaskUnblockTime)
    i.prvTaskCheckFreeStackSpace             0x080129e8   Section        0  tasks.o(i.prvTaskCheckFreeStackSpace)
    prvTaskCheckFreeStackSpace               0x080129e9   Thumb Code    22  tasks.o(i.prvTaskCheckFreeStackSpace)
    i.prvTaskExitError                       0x08012a00   Section        0  port.o(i.prvTaskExitError)
    prvTaskExitError                         0x08012a01   Thumb Code    60  port.o(i.prvTaskExitError)
    i.prvUnlockQueue                         0x08012a40   Section        0  queue.o(i.prvUnlockQueue)
    prvUnlockQueue                           0x08012a41   Thumb Code   126  queue.o(i.prvUnlockQueue)
    i.prvWriteNameToBuffer                   0x08012abe   Section        0  tasks.o(i.prvWriteNameToBuffer)
    prvWriteNameToBuffer                     0x08012abf   Thumb Code    42  tasks.o(i.prvWriteNameToBuffer)
    i.pvPortMalloc                           0x08012ae8   Section        0  heap_5.o(i.pvPortMalloc)
    i.pvTaskIncrementMutexHeldCount          0x08012bcc   Section        0  tasks.o(i.pvTaskIncrementMutexHeldCount)
    i.pxPortInitialiseStack                  0x08012bec   Section        0  port.o(i.pxPortInitialiseStack)
    i.serial_cli_init                        0x08012c18   Section        0  serial.o(i.serial_cli_init)
    i.serial_cli_printInfo_init              0x08012c28   Section        0  serial.o(i.serial_cli_printInfo_init)
    i.serial_cli_print_info                  0x08012c34   Section        0  serial.o(i.serial_cli_print_info)
    i.systemStackStatsShow                   0x08012c4c   Section        0  cli_register.o(i.systemStackStatsShow)
    systemStackStatsShow                     0x08012c4d   Thumb Code   116  cli_register.o(i.systemStackStatsShow)
    i.taskStackStatsShow                     0x08012d00   Section        0  cli_register.o(i.taskStackStatsShow)
    taskStackStatsShow                       0x08012d01   Thumb Code   162  cli_register.o(i.taskStackStatsShow)
    i.uart_debug_DMA_init                    0x08012dc4   Section        0  usart.o(i.uart_debug_DMA_init)
    i.uart_debug_init                        0x08012e84   Section        0  usart.o(i.uart_debug_init)
    i.uart_send_data_by_DMA                  0x08012f68   Section        0  usart.o(i.uart_send_data_by_DMA)
    i.uxListRemove                           0x08012f9c   Section        0  list.o(i.uxListRemove)
    i.uxTaskGetSystemState                   0x08012fc4   Section        0  tasks.o(i.uxTaskGetSystemState)
    i.vListInitialise                        0x08013060   Section        0  list.o(i.vListInitialise)
    i.vListInitialiseItem                    0x0801307a   Section        0  list.o(i.vListInitialiseItem)
    i.vListInsert                            0x08013080   Section        0  list.o(i.vListInsert)
    i.vListInsertEnd                         0x080130b4   Section        0  list.o(i.vListInsertEnd)
    i.vPortEnterCritical                     0x080130cc   Section        0  port.o(i.vPortEnterCritical)
    i.vPortExitCritical                      0x08013120   Section        0  port.o(i.vPortExitCritical)
    i.vPortFree                              0x0801315c   Section        0  heap_5.o(i.vPortFree)
    i.vPortSetupTimerInterrupt               0x080131f0   Section        0  port.o(i.vPortSetupTimerInterrupt)
    i.vPortValidateInterruptPriority         0x08013208   Section        0  port.o(i.vPortValidateInterruptPriority)
    i.vTaskGetInfo                           0x08013280   Section        0  tasks.o(i.vTaskGetInfo)
    i.vTaskInternalSetTimeOutState           0x08013304   Section        0  tasks.o(i.vTaskInternalSetTimeOutState)
    i.vTaskList                              0x0801331c   Section        0  tasks.o(i.vTaskList)
    i.vTaskMissedYield                       0x080133fc   Section        0  tasks.o(i.vTaskMissedYield)
    i.vTaskPlaceOnEventList                  0x08013408   Section        0  tasks.o(i.vTaskPlaceOnEventList)
    i.vTaskPriorityDisinheritAfterTimeout    0x08013440   Section        0  tasks.o(i.vTaskPriorityDisinheritAfterTimeout)
    i.vTaskStartScheduler                    0x08013534   Section        0  tasks.o(i.vTaskStartScheduler)
    i.vTaskSuspendAll                        0x080135bc   Section        0  tasks.o(i.vTaskSuspendAll)
    i.vTaskSwitchContext                     0x080135cc   Section        0  tasks.o(i.vTaskSwitchContext)
    i.xPortGetFreeHeapSize                   0x08013658   Section        0  heap_5.o(i.xPortGetFreeHeapSize)
    i.xPortGetMinimumEverFreeHeapSize        0x08013664   Section        0  heap_5.o(i.xPortGetMinimumEverFreeHeapSize)
    i.xPortStartScheduler                    0x08013670   Section        0  port.o(i.xPortStartScheduler)
    i.xQueueCreateMutex                      0x080137d8   Section        0  queue.o(i.xQueueCreateMutex)
    i.xQueueGenericCreate                    0x080137fa   Section        0  queue.o(i.xQueueGenericCreate)
    i.xQueueGenericReset                     0x08013854   Section        0  queue.o(i.xQueueGenericReset)
    i.xQueueGenericSend                      0x080138ec   Section        0  queue.o(i.xQueueGenericSend)
    i.xQueueGenericSendFromISR               0x08013a6c   Section        0  queue.o(i.xQueueGenericSendFromISR)
    i.xQueueGiveFromISR                      0x08013b64   Section        0  queue.o(i.xQueueGiveFromISR)
    i.xQueueReceive                          0x08013c44   Section        0  queue.o(i.xQueueReceive)
    i.xQueueSemaphoreTake                    0x08013d84   Section        0  queue.o(i.xQueueSemaphoreTake)
    i.xTaskCheckForTimeOut                   0x08013f14   Section        0  tasks.o(i.xTaskCheckForTimeOut)
    i.xTaskCreate                            0x08013fa0   Section        0  tasks.o(i.xTaskCreate)
    i.xTaskIncrementTick                     0x08014000   Section        0  tasks.o(i.xTaskIncrementTick)
    i.xTaskPriorityDisinherit                0x08014148   Section        0  tasks.o(i.xTaskPriorityDisinherit)
    i.xTaskPriorityInherit                   0x08014210   Section        0  tasks.o(i.xTaskPriorityInherit)
    i.xTaskRemoveFromEventList               0x080142d8   Section        0  tasks.o(i.xTaskRemoveFromEventList)
    i.xTaskResumeAll                         0x08014370   Section        0  tasks.o(i.xTaskResumeAll)
    locale$$code                             0x08014474   Section       44  lc_ctype_c.o(locale$$code)
    x$fpl$fpinit                             0x080144a0   Section       10  fpinit.o(x$fpl$fpinit)
    $v0                                      0x080144a0   Number         0  fpinit.o(x$fpl$fpinit)
    .constdata                               0x080144ac   Section       20  cli_task.o(.constdata)
    pcCmdLineString                          0x080144ac   Data           4  cli_task.o(.constdata)
    pcWarningMessageString                   0x080144b0   Data           4  cli_task.o(.constdata)
    pcWelcomeMessageString                   0x080144b4   Data           4  cli_task.o(.constdata)
    pcNULLLineString                         0x080144b8   Data           4  cli_task.o(.constdata)
    pcNewLineString                          0x080144bc   Data           4  cli_task.o(.constdata)
    .constdata                               0x080144c0   Section      188  cli_register.o(.constdata)
    pcCmdLineString                          0x080144c0   Data           4  cli_register.o(.constdata)
    pcWarningMessageString                   0x080144c4   Data           4  cli_register.o(.constdata)
    xRegisteredCommands                      0x080144c8   Data          64  cli_register.o(.constdata)
    xSysCommandSubMenu                       0x08014508   Data          64  cli_register.o(.constdata)
    xTestCommandSubMenu                      0x08014548   Data          32  cli_register.o(.constdata)
    CLI_Commond_Return_Main_Menu             0x08014568   Data           4  cli_register.o(.constdata)
    CLI_Commond_List_All_Commond             0x0801456c   Data           4  cli_register.o(.constdata)
    CLI_Commond_Help_Info                    0x08014570   Data           4  cli_register.o(.constdata)
    pcHeader                                 0x08014574   Data           4  cli_register.o(.constdata)
    pcHeader                                 0x08014578   Data           4  cli_register.o(.constdata)
    .constdata                               0x0801457c   Section       17  __printf_flags_wp.o(.constdata)
    maptable                                 0x0801457c   Data          17  __printf_flags_wp.o(.constdata)
    .conststring                             0x08014590   Section      229  cli_task.o(.conststring)
    .conststring                             0x08014678   Section     1913  cli_register.o(.conststring)
    locale$$data                             0x08014e14   Section      272  lc_ctype_c.o(locale$$data)
    __lcctype_c_name                         0x08014e18   Data           2  lc_ctype_c.o(locale$$data)
    __lcctype_c_start                        0x08014e20   Data           0  lc_ctype_c.o(locale$$data)
    __lcctype_c_end                          0x08014f24   Data           0  lc_ctype_c.o(locale$$data)
    .data                                    0x20000000   Section       75  cli_task.o(.data)
    xSerialRecvCharsQueue                    0x20000000   Data           4  cli_task.o(.data)
    xSerialSendCharsQueue                    0x20000004   Data           4  cli_task.o(.data)
    xSerialSendCompleteBinary                0x20000008   Data           4  cli_task.o(.data)
    xSerialSendMutex                         0x2000000c   Data           4  cli_task.o(.data)
    cRxedChar                                0x20000018   Data           1  cli_task.o(.data)
    cLastInputString                         0x20000019   Data          50  cli_task.o(.data)
    .data                                    0x2000004c   Section       28  cli_register.o(.data)
    pcCommondParamExtract                    0x2000004c   Data           4  cli_register.o(.data)
    psCommand                                0x20000050   Data           4  cli_register.o(.data)
    debugName                                0x20000054   Data          20  cli_register.o(.data)
    .data                                    0x20000068   Section        8  usart.o(.data)
    uart_debug_recv_one_byte_callback_isr    0x20000068   Data           4  usart.o(.data)
    uart_debug_DMA_send_over_callback_isr    0x2000006c   Data           4  usart.o(.data)
    .data                                    0x20000070   Section       56  tasks.o(.data)
    pxDelayedTaskList                        0x20000074   Data           4  tasks.o(.data)
    pxOverflowDelayedTaskList                0x20000078   Data           4  tasks.o(.data)
    uxCurrentNumberOfTasks                   0x2000007c   Data           4  tasks.o(.data)
    xTickCount                               0x20000080   Data           4  tasks.o(.data)
    uxTopReadyPriority                       0x20000084   Data           4  tasks.o(.data)
    xSchedulerRunning                        0x20000088   Data           4  tasks.o(.data)
    uxPendedTicks                            0x2000008c   Data           4  tasks.o(.data)
    xYieldPending                            0x20000090   Data           4  tasks.o(.data)
    xNumOfOverflows                          0x20000094   Data           4  tasks.o(.data)
    uxTaskNumber                             0x20000098   Data           4  tasks.o(.data)
    xNextTaskUnblockTime                     0x2000009c   Data           4  tasks.o(.data)
    xIdleTaskHandle                          0x200000a0   Data           4  tasks.o(.data)
    uxSchedulerSuspended                     0x200000a4   Data           4  tasks.o(.data)
    .data                                    0x200000a8   Section       12  port.o(.data)
    uxCriticalNesting                        0x200000a8   Data           4  port.o(.data)
    ucMaxSysCallPriority                     0x200000ac   Data           1  port.o(.data)
    ulMaxPRIGROUPValue                       0x200000b0   Data           4  port.o(.data)
    .data                                    0x200000b4   Section       24  heap_5.o(.data)
    xStart                                   0x200000b4   Data           8  heap_5.o(.data)
    pxEnd                                    0x200000bc   Data           4  heap_5.o(.data)
    xFreeBytesRemaining                      0x200000c0   Data           4  heap_5.o(.data)
    xMinimumEverFreeBytesRemaining           0x200000c4   Data           4  heap_5.o(.data)
    xBlockAllocatedBit                       0x200000c8   Data           4  heap_5.o(.data)
    .data                                    0x200000cc   Section       16  stm32f4xx_rcc.o(.data)
    APBAHBPrescTable                         0x200000cc   Data          16  stm32f4xx_rcc.o(.data)
    .bss                                     0x200000dc   Section      450  cli_task.o(.bss)
    cInputString                             0x200001a4   Data          50  cli_task.o(.bss)
    cOutputQueuePop                          0x200001d6   Data         200  cli_task.o(.bss)
    .bss                                     0x2000029e   Section      400  cli_register.o(.bss)
    pcWriteBuffer                            0x2000029e   Data         400  cli_register.o(.bss)
    .bss                                     0x20000430   Section      400  tasks.o(.bss)
    pxReadyTasksLists                        0x20000430   Data         320  tasks.o(.bss)
    xDelayedTaskList1                        0x20000570   Data          20  tasks.o(.bss)
    xDelayedTaskList2                        0x20000584   Data          20  tasks.o(.bss)
    xPendingReadyList                        0x20000598   Data          20  tasks.o(.bss)
    xSuspendedTaskList                       0x200005ac   Data          20  tasks.o(.bss)
    .bss                                     0x200005c0   Section       96  libspace.o(.bss)
    HEAP                                     0x20000620   Section      512  startup_stm32f40_41xxx.o(HEAP)
    Heap_Mem                                 0x20000620   Data         512  startup_stm32f40_41xxx.o(HEAP)
    STACK                                    0x20000820   Section     1024  startup_stm32f40_41xxx.o(STACK)
    Stack_Mem                                0x20000820   Data        1024  startup_stm32f40_41xxx.o(STACK)
    __initial_sp                             0x20000c20   Data           0  startup_stm32f40_41xxx.o(STACK)

    Global Symbols

    Symbol Name                              Value     Ov Type        Size  Object(Section)

    BuildAttributes$$THM_ISAv4$E$P$D$K$B$S$7EM$VFPi3$EXTD16$VFPS$VFMA$PE$A:L22UL41UL21$X:L11$S22US41US21$IEEE1$IW$USESV6$~STKCKD$USESV7$~SHL$OSPACE$ROPI$EBA8$UX$STANDARDLIB$REQ8$PRES8$EABIv2 0x00000000   Number         0  anon$$obj.o ABSOLUTE
    __ARM_use_no_argv                        0x00000000   Number         0  main.o ABSOLUTE
    _printf_flags                            0x00000000   Number         0  printf_stubs.o ABSOLUTE
    _printf_return_value                     0x00000000   Number         0  printf_stubs.o ABSOLUTE
    _printf_sizespec                         0x00000000   Number         0  printf_stubs.o ABSOLUTE
    _printf_widthprec                        0x00000000   Number         0  printf_stubs.o ABSOLUTE
    __ARM_exceptions_init                     - Undefined Weak Reference
    __alloca_initialize                       - Undefined Weak Reference
    __arm_preinit_                            - Undefined Weak Reference
    __cpp_initialize__aeabi_                  - Undefined Weak Reference
    __cxa_finalize                            - Undefined Weak Reference
    __sigvec_lookup                           - Undefined Weak Reference
    _atexit_init                              - Undefined Weak Reference
    _call_atexit_fns                          - Undefined Weak Reference
    _clock_init                               - Undefined Weak Reference
    _fp_trap_init                             - Undefined Weak Reference
    _fp_trap_shutdown                         - Undefined Weak Reference
    _get_lc_collate                           - Undefined Weak Reference
    _get_lc_monetary                          - Undefined Weak Reference
    _get_lc_numeric                           - Undefined Weak Reference
    _get_lc_time                              - Undefined Weak Reference
    _getenv_init                              - Undefined Weak Reference
    _handle_redirection                       - Undefined Weak Reference
    _init_alloc                               - Undefined Weak Reference
    _init_user_alloc                          - Undefined Weak Reference
    _initio                                   - Undefined Weak Reference
    _printf_mbtowc                            - Undefined Weak Reference
    _printf_truncate_signed                   - Undefined Weak Reference
    _printf_truncate_unsigned                 - Undefined Weak Reference
    _rand_init                                - Undefined Weak Reference
    _signal_finish                            - Undefined Weak Reference
    _signal_init                              - Undefined Weak Reference
    _terminate_alloc                          - Undefined Weak Reference
    _terminate_user_alloc                     - Undefined Weak Reference
    _terminateio                              - Undefined Weak Reference
    __Vectors_Size                           0x00000188   Number         0  startup_stm32f40_41xxx.o ABSOLUTE
    __Vectors                                0x08010000   Data           4  startup_stm32f40_41xxx.o(RESET)
    __Vectors_End                            0x08010188   Data           0  startup_stm32f40_41xxx.o(RESET)
    __main                                   0x08010189   Thumb Code     8  __main.o(!!!main)
    __scatterload                            0x08010191   Thumb Code     0  __scatter.o(!!!scatter)
    __scatterload_rt2                        0x08010191   Thumb Code    44  __scatter.o(!!!scatter)
    __scatterload_rt2_thumb_only             0x08010191   Thumb Code     0  __scatter.o(!!!scatter)
    __scatterload_null                       0x0801019f   Thumb Code     0  __scatter.o(!!!scatter)
    __scatterload_copy                       0x080101c5   Thumb Code    26  __scatter_copy.o(!!handler_copy)
    __scatterload_zeroinit                   0x080101e1   Thumb Code    28  __scatter_zi.o(!!handler_zi)
    _printf_d                                0x080101fd   Thumb Code     0  _printf_d.o(.ARM.Collect$$_printf_percent$$00000009)
    _printf_percent                          0x080101fd   Thumb Code     0  _printf_percent.o(.ARM.Collect$$_printf_percent$$00000000)
    _printf_u                                0x08010203   Thumb Code     0  _printf_u.o(.ARM.Collect$$_printf_percent$$0000000A)
    _printf_c                                0x08010209   Thumb Code     0  _printf_c.o(.ARM.Collect$$_printf_percent$$00000013)
    _printf_s                                0x0801020f   Thumb Code     0  _printf_s.o(.ARM.Collect$$_printf_percent$$00000014)
    _printf_percent_end                      0x08010215   Thumb Code     0  _printf_percent_end.o(.ARM.Collect$$_printf_percent$$00000017)
    __rt_lib_init                            0x08010219   Thumb Code     0  libinit.o(.ARM.Collect$$libinit$$00000000)
    __rt_lib_init_fp_1                       0x0801021b   Thumb Code     0  libinit2.o(.ARM.Collect$$libinit$$00000001)
    __rt_lib_init_heap_1                     0x0801021f   Thumb Code     0  libinit2.o(.ARM.Collect$$libinit$$0000000A)
    __rt_lib_init_lc_common                  0x0801021f   Thumb Code     0  libinit2.o(.ARM.Collect$$libinit$$0000000F)
    __rt_lib_init_preinit_1                  0x0801021f   Thumb Code     0  libinit2.o(.ARM.Collect$$libinit$$00000004)
    __rt_lib_init_rand_1                     0x0801021f   Thumb Code     0  libinit2.o(.ARM.Collect$$libinit$$0000000E)
    __rt_lib_init_user_alloc_1               0x0801021f   Thumb Code     0  libinit2.o(.ARM.Collect$$libinit$$0000000C)
    __rt_lib_init_lc_collate_1               0x08010225   Thumb Code     0  libinit2.o(.ARM.Collect$$libinit$$00000011)
    __rt_lib_init_lc_ctype_2                 0x08010225   Thumb Code     0  libinit2.o(.ARM.Collect$$libinit$$00000012)
    __rt_lib_init_alloca_1                   0x08010231   Thumb Code     0  libinit2.o(.ARM.Collect$$libinit$$0000002E)
    __rt_lib_init_argv_1                     0x08010231   Thumb Code     0  libinit2.o(.ARM.Collect$$libinit$$0000002C)
    __rt_lib_init_atexit_1                   0x08010231   Thumb Code     0  libinit2.o(.ARM.Collect$$libinit$$0000001B)
    __rt_lib_init_clock_1                    0x08010231   Thumb Code     0  libinit2.o(.ARM.Collect$$libinit$$00000021)
    __rt_lib_init_cpp_1                      0x08010231   Thumb Code     0  libinit2.o(.ARM.Collect$$libinit$$00000032)
    __rt_lib_init_exceptions_1               0x08010231   Thumb Code     0  libinit2.o(.ARM.Collect$$libinit$$00000030)
    __rt_lib_init_fp_trap_1                  0x08010231   Thumb Code     0  libinit2.o(.ARM.Collect$$libinit$$0000001F)
    __rt_lib_init_getenv_1                   0x08010231   Thumb Code     0  libinit2.o(.ARM.Collect$$libinit$$00000023)
    __rt_lib_init_lc_ctype_1                 0x08010231   Thumb Code     0  libinit2.o(.ARM.Collect$$libinit$$00000013)
    __rt_lib_init_lc_monetary_1              0x08010231   Thumb Code     0  libinit2.o(.ARM.Collect$$libinit$$00000015)
    __rt_lib_init_lc_numeric_1               0x08010231   Thumb Code     0  libinit2.o(.ARM.Collect$$libinit$$00000017)
    __rt_lib_init_lc_time_1                  0x08010231   Thumb Code     0  libinit2.o(.ARM.Collect$$libinit$$00000019)
    __rt_lib_init_return                     0x08010231   Thumb Code     0  libinit2.o(.ARM.Collect$$libinit$$00000033)
    __rt_lib_init_signal_1                   0x08010231   Thumb Code     0  libinit2.o(.ARM.Collect$$libinit$$0000001D)
    __rt_lib_init_stdio_1                    0x08010231   Thumb Code     0  libinit2.o(.ARM.Collect$$libinit$$00000025)
    __rt_lib_shutdown                        0x08010233   Thumb Code     0  libshutdown.o(.ARM.Collect$$libshutdown$$00000000)
    __rt_lib_shutdown_fp_trap_1              0x08010235   Thumb Code     0  libshutdown2.o(.ARM.Collect$$libshutdown$$00000006)
    __rt_lib_shutdown_heap_1                 0x08010235   Thumb Code     0  libshutdown2.o(.ARM.Collect$$libshutdown$$0000000E)
    __rt_lib_shutdown_return                 0x08010235   Thumb Code     0  libshutdown2.o(.ARM.Collect$$libshutdown$$0000000F)
    __rt_lib_shutdown_signal_1               0x08010235   Thumb Code     0  libshutdown2.o(.ARM.Collect$$libshutdown$$00000009)
    __rt_lib_shutdown_stdio_1                0x08010235   Thumb Code     0  libshutdown2.o(.ARM.Collect$$libshutdown$$00000003)
    __rt_lib_shutdown_user_alloc_1           0x08010235   Thumb Code     0  libshutdown2.o(.ARM.Collect$$libshutdown$$0000000B)
    __rt_entry                               0x08010237   Thumb Code     0  __rtentry.o(.ARM.Collect$$rtentry$$00000000)
    __rt_entry_presh_1                       0x08010237   Thumb Code     0  __rtentry2.o(.ARM.Collect$$rtentry$$00000002)
    __rt_entry_sh                            0x08010237   Thumb Code     0  __rtentry4.o(.ARM.Collect$$rtentry$$00000004)
    __rt_entry_li                            0x0801023d   Thumb Code     0  __rtentry2.o(.ARM.Collect$$rtentry$$0000000A)
    __rt_entry_postsh_1                      0x0801023d   Thumb Code     0  __rtentry2.o(.ARM.Collect$$rtentry$$00000009)
    __rt_entry_main                          0x08010241   Thumb Code     0  __rtentry2.o(.ARM.Collect$$rtentry$$0000000D)
    __rt_entry_postli_1                      0x08010241   Thumb Code     0  __rtentry2.o(.ARM.Collect$$rtentry$$0000000C)
    __rt_exit                                0x08010249   Thumb Code     0  rtexit.o(.ARM.Collect$$rtexit$$00000000)
    __rt_exit_ls                             0x0801024b   Thumb Code     0  rtexit2.o(.ARM.Collect$$rtexit$$00000003)
    __rt_exit_prels_1                        0x0801024b   Thumb Code     0  rtexit2.o(.ARM.Collect$$rtexit$$00000002)
    __rt_exit_exit                           0x0801024f   Thumb Code     0  rtexit2.o(.ARM.Collect$$rtexit$$00000004)
    SVC_Handler                              0x08010255   Thumb Code    28  port.o(.emb_text)
    __asm___6_port_c_39a90d8d__prvStartFirstTask 0x08010275   Thumb Code    36  port.o(.emb_text)
    __asm___6_port_c_39a90d8d__prvEnableVFP  0x0801029d   Thumb Code    16  port.o(.emb_text)
    PendSV_Handler                           0x080102b1   Thumb Code    88  port.o(.emb_text)
    vPortGetIPSR                             0x0801030d   Thumb Code     6  port.o(.emb_text)
    Reset_Handler                            0x08010315   Thumb Code     8  startup_stm32f40_41xxx.o(.text)
    HardFault_Handler                        0x0801031f   Thumb Code     2  startup_stm32f40_41xxx.o(.text)
    ADC_IRQHandler                           0x0801032f   Thumb Code     0  startup_stm32f40_41xxx.o(.text)
    CAN1_RX0_IRQHandler                      0x0801032f   Thumb Code     0  startup_stm32f40_41xxx.o(.text)
    CAN1_RX1_IRQHandler                      0x0801032f   Thumb Code     0  startup_stm32f40_41xxx.o(.text)
    CAN1_SCE_IRQHandler                      0x0801032f   Thumb Code     0  startup_stm32f40_41xxx.o(.text)
    CAN1_TX_IRQHandler                       0x0801032f   Thumb Code     0  startup_stm32f40_41xxx.o(.text)
    CAN2_RX0_IRQHandler                      0x0801032f   Thumb Code     0  startup_stm32f40_41xxx.o(.text)
    CAN2_RX1_IRQHandler                      0x0801032f   Thumb Code     0  startup_stm32f40_41xxx.o(.text)
    CAN2_SCE_IRQHandler                      0x0801032f   Thumb Code     0  startup_stm32f40_41xxx.o(.text)
    CAN2_TX_IRQHandler                       0x0801032f   Thumb Code     0  startup_stm32f40_41xxx.o(.text)
    CRYP_IRQHandler                          0x0801032f   Thumb Code     0  startup_stm32f40_41xxx.o(.text)
    DCMI_IRQHandler                          0x0801032f   Thumb Code     0  startup_stm32f40_41xxx.o(.text)
    DMA1_Stream0_IRQHandler                  0x0801032f   Thumb Code     0  startup_stm32f40_41xxx.o(.text)
    DMA1_Stream1_IRQHandler                  0x0801032f   Thumb Code     0  startup_stm32f40_41xxx.o(.text)
    DMA1_Stream2_IRQHandler                  0x0801032f   Thumb Code     0  startup_stm32f40_41xxx.o(.text)
    DMA1_Stream3_IRQHandler                  0x0801032f   Thumb Code     0  startup_stm32f40_41xxx.o(.text)
    DMA1_Stream4_IRQHandler                  0x0801032f   Thumb Code     0  startup_stm32f40_41xxx.o(.text)
    DMA1_Stream5_IRQHandler                  0x0801032f   Thumb Code     0  startup_stm32f40_41xxx.o(.text)
    DMA1_Stream6_IRQHandler                  0x0801032f   Thumb Code     0  startup_stm32f40_41xxx.o(.text)
    DMA1_Stream7_IRQHandler                  0x0801032f   Thumb Code     0  startup_stm32f40_41xxx.o(.text)
    DMA2_Stream0_IRQHandler                  0x0801032f   Thumb Code     0  startup_stm32f40_41xxx.o(.text)
    DMA2_Stream1_IRQHandler                  0x0801032f   Thumb Code     0  startup_stm32f40_41xxx.o(.text)
    DMA2_Stream2_IRQHandler                  0x0801032f   Thumb Code     0  startup_stm32f40_41xxx.o(.text)
    DMA2_Stream3_IRQHandler                  0x0801032f   Thumb Code     0  startup_stm32f40_41xxx.o(.text)
    DMA2_Stream4_IRQHandler                  0x0801032f   Thumb Code     0  startup_stm32f40_41xxx.o(.text)
    DMA2_Stream5_IRQHandler                  0x0801032f   Thumb Code     0  startup_stm32f40_41xxx.o(.text)
    DMA2_Stream6_IRQHandler                  0x0801032f   Thumb Code     0  startup_stm32f40_41xxx.o(.text)
    ETH_IRQHandler                           0x0801032f   Thumb Code     0  startup_stm32f40_41xxx.o(.text)
    ETH_WKUP_IRQHandler                      0x0801032f   Thumb Code     0  startup_stm32f40_41xxx.o(.text)
    EXTI0_IRQHandler                         0x0801032f   Thumb Code     0  startup_stm32f40_41xxx.o(.text)
    EXTI15_10_IRQHandler                     0x0801032f   Thumb Code     0  startup_stm32f40_41xxx.o(.text)
    EXTI1_IRQHandler                         0x0801032f   Thumb Code     0  startup_stm32f40_41xxx.o(.text)
    EXTI2_IRQHandler                         0x0801032f   Thumb Code     0  startup_stm32f40_41xxx.o(.text)
    EXTI3_IRQHandler                         0x0801032f   Thumb Code     0  startup_stm32f40_41xxx.o(.text)
    EXTI4_IRQHandler                         0x0801032f   Thumb Code     0  startup_stm32f40_41xxx.o(.text)
    EXTI9_5_IRQHandler                       0x0801032f   Thumb Code     0  startup_stm32f40_41xxx.o(.text)
    FLASH_IRQHandler                         0x0801032f   Thumb Code     0  startup_stm32f40_41xxx.o(.text)
    FPU_IRQHandler                           0x0801032f   Thumb Code     0  startup_stm32f40_41xxx.o(.text)
    FSMC_IRQHandler                          0x0801032f   Thumb Code     0  startup_stm32f40_41xxx.o(.text)
    HASH_RNG_IRQHandler                      0x0801032f   Thumb Code     0  startup_stm32f40_41xxx.o(.text)
    I2C1_ER_IRQHandler                       0x0801032f   Thumb Code     0  startup_stm32f40_41xxx.o(.text)
    I2C1_EV_IRQHandler                       0x0801032f   Thumb Code     0  startup_stm32f40_41xxx.o(.text)
    I2C2_ER_IRQHandler                       0x0801032f   Thumb Code     0  startup_stm32f40_41xxx.o(.text)
    I2C2_EV_IRQHandler                       0x0801032f   Thumb Code     0  startup_stm32f40_41xxx.o(.text)
    I2C3_ER_IRQHandler                       0x0801032f   Thumb Code     0  startup_stm32f40_41xxx.o(.text)
    I2C3_EV_IRQHandler                       0x0801032f   Thumb Code     0  startup_stm32f40_41xxx.o(.text)
    OTG_FS_IRQHandler                        0x0801032f   Thumb Code     0  startup_stm32f40_41xxx.o(.text)
    OTG_FS_WKUP_IRQHandler                   0x0801032f   Thumb Code     0  startup_stm32f40_41xxx.o(.text)
    OTG_HS_EP1_IN_IRQHandler                 0x0801032f   Thumb Code     0  startup_stm32f40_41xxx.o(.text)
    OTG_HS_EP1_OUT_IRQHandler                0x0801032f   Thumb Code     0  startup_stm32f40_41xxx.o(.text)
    OTG_HS_IRQHandler                        0x0801032f   Thumb Code     0  startup_stm32f40_41xxx.o(.text)
    OTG_HS_WKUP_IRQHandler                   0x0801032f   Thumb Code     0  startup_stm32f40_41xxx.o(.text)
    PVD_IRQHandler                           0x0801032f   Thumb Code     0  startup_stm32f40_41xxx.o(.text)
    RCC_IRQHandler                           0x0801032f   Thumb Code     0  startup_stm32f40_41xxx.o(.text)
    RTC_Alarm_IRQHandler                     0x0801032f   Thumb Code     0  startup_stm32f40_41xxx.o(.text)
    RTC_WKUP_IRQHandler                      0x0801032f   Thumb Code     0  startup_stm32f40_41xxx.o(.text)
    SDIO_IRQHandler                          0x0801032f   Thumb Code     0  startup_stm32f40_41xxx.o(.text)
    SPI1_IRQHandler                          0x0801032f   Thumb Code     0  startup_stm32f40_41xxx.o(.text)
    SPI2_IRQHandler                          0x0801032f   Thumb Code     0  startup_stm32f40_41xxx.o(.text)
    SPI3_IRQHandler                          0x0801032f   Thumb Code     0  startup_stm32f40_41xxx.o(.text)
    TAMP_STAMP_IRQHandler                    0x0801032f   Thumb Code     0  startup_stm32f40_41xxx.o(.text)
    TIM1_BRK_TIM9_IRQHandler                 0x0801032f   Thumb Code     0  startup_stm32f40_41xxx.o(.text)
    TIM1_CC_IRQHandler                       0x0801032f   Thumb Code     0  startup_stm32f40_41xxx.o(.text)
    TIM1_TRG_COM_TIM11_IRQHandler            0x0801032f   Thumb Code     0  startup_stm32f40_41xxx.o(.text)
    TIM1_UP_TIM10_IRQHandler                 0x0801032f   Thumb Code     0  startup_stm32f40_41xxx.o(.text)
    TIM2_IRQHandler                          0x0801032f   Thumb Code     0  startup_stm32f40_41xxx.o(.text)
    TIM3_IRQHandler                          0x0801032f   Thumb Code     0  startup_stm32f40_41xxx.o(.text)
    TIM4_IRQHandler                          0x0801032f   Thumb Code     0  startup_stm32f40_41xxx.o(.text)
    TIM5_IRQHandler                          0x0801032f   Thumb Code     0  startup_stm32f40_41xxx.o(.text)
    TIM6_DAC_IRQHandler                      0x0801032f   Thumb Code     0  startup_stm32f40_41xxx.o(.text)
    TIM7_IRQHandler                          0x0801032f   Thumb Code     0  startup_stm32f40_41xxx.o(.text)
    TIM8_BRK_TIM12_IRQHandler                0x0801032f   Thumb Code     0  startup_stm32f40_41xxx.o(.text)
    TIM8_CC_IRQHandler                       0x0801032f   Thumb Code     0  startup_stm32f40_41xxx.o(.text)
    TIM8_TRG_COM_TIM14_IRQHandler            0x0801032f   Thumb Code     0  startup_stm32f40_41xxx.o(.text)
    TIM8_UP_TIM13_IRQHandler                 0x0801032f   Thumb Code     0  startup_stm32f40_41xxx.o(.text)
    UART4_IRQHandler                         0x0801032f   Thumb Code     0  startup_stm32f40_41xxx.o(.text)
    UART5_IRQHandler                         0x0801032f   Thumb Code     0  startup_stm32f40_41xxx.o(.text)
    USART2_IRQHandler                        0x0801032f   Thumb Code     0  startup_stm32f40_41xxx.o(.text)
    USART3_IRQHandler                        0x0801032f   Thumb Code     0  startup_stm32f40_41xxx.o(.text)
    USART6_IRQHandler                        0x0801032f   Thumb Code     0  startup_stm32f40_41xxx.o(.text)
    WWDG_IRQHandler                          0x0801032f   Thumb Code     0  startup_stm32f40_41xxx.o(.text)
    __user_initial_stackheap                 0x08010331   Thumb Code     0  startup_stm32f40_41xxx.o(.text)
    __2sprintf                               0x08010355   Thumb Code    38  __2sprintf.o(.text)
    __2snprintf                              0x08010381   Thumb Code    50  __2snprintf.o(.text)
    _printf_pre_padding                      0x080103b9   Thumb Code    44  _printf_pad.o(.text)
    _printf_post_padding                     0x080103e5   Thumb Code    34  _printf_pad.o(.text)
    _printf_str                              0x08010407   Thumb Code    82  _printf_str.o(.text)
    _printf_int_dec                          0x08010459   Thumb Code   104  _printf_dec.o(.text)
    __printf                                 0x080104d1   Thumb Code   308  __printf_flags_wp.o(.text)
    strtol                                   0x08010609   Thumb Code   112  strtol.o(.text)
    strtoul                                  0x08010679   Thumb Code   114  strtoul.o(.text)
    strcpy                                   0x080106eb   Thumb Code    72  strcpy.o(.text)
    strlen                                   0x08010733   Thumb Code    62  strlen.o(.text)
    strncmp                                  0x08010771   Thumb Code   150  strncmp.o(.text)
    strcat                                   0x08010807   Thumb Code    24  strcat.o(.text)
    __aeabi_memcpy                           0x0801081f   Thumb Code     0  rt_memcpy_v6.o(.text)
    __rt_memcpy                              0x0801081f   Thumb Code   138  rt_memcpy_v6.o(.text)
    _memcpy_lastbytes                        0x08010885   Thumb Code     0  rt_memcpy_v6.o(.text)
    __aeabi_memset                           0x080108a9   Thumb Code    16  aeabi_memset.o(.text)
    __aeabi_memclr                           0x080108b9   Thumb Code     0  rt_memclr.o(.text)
    __rt_memclr                              0x080108b9   Thumb Code    68  rt_memclr.o(.text)
    _memset                                  0x080108bd   Thumb Code     0  rt_memclr.o(.text)
    __use_two_region_memory                  0x080108fd   Thumb Code     2  heapauxi.o(.text)
    __rt_heap_escrow$2region                 0x080108ff   Thumb Code     2  heapauxi.o(.text)
    __rt_heap_expand$2region                 0x08010901   Thumb Code     2  heapauxi.o(.text)
    __rt_ctype_table                         0x08010905   Thumb Code    16  rt_ctype_table.o(.text)
    __aeabi_errno_addr                       0x08010915   Thumb Code     8  rt_errno_addr_intlibspace.o(.text)
    __errno$intlibspace                      0x08010915   Thumb Code     0  rt_errno_addr_intlibspace.o(.text)
    __rt_errno_addr$intlibspace              0x08010915   Thumb Code     0  rt_errno_addr_intlibspace.o(.text)
    _printf_int_common                       0x0801091d   Thumb Code   178  _printf_intcommon.o(.text)
    _printf_char_common                      0x080109db   Thumb Code    32  _printf_char_common.o(.text)
    _sputc                                   0x08010a01   Thumb Code    10  _sputc.o(.text)
    _snputc                                  0x08010a0b   Thumb Code    16  _snputc.o(.text)
    _printf_cs_common                        0x08010a1b   Thumb Code    20  _printf_char.o(.text)
    _printf_char                             0x08010a2f   Thumb Code    16  _printf_char.o(.text)
    _printf_string                           0x08010a3f   Thumb Code     8  _printf_char.o(.text)
    _strtoul                                 0x08010a47   Thumb Code   158  _strtoul.o(.text)
    __aeabi_memcpy4                          0x08010ae5   Thumb Code     0  rt_memcpy_w.o(.text)
    __aeabi_memcpy8                          0x08010ae5   Thumb Code     0  rt_memcpy_w.o(.text)
    __rt_memcpy_w                            0x08010ae5   Thumb Code   100  rt_memcpy_w.o(.text)
    _memcpy_lastbytes_aligned                0x08010b2d   Thumb Code     0  rt_memcpy_w.o(.text)
    __aeabi_memclr4                          0x08010b49   Thumb Code     0  rt_memclr_w.o(.text)
    __aeabi_memclr8                          0x08010b49   Thumb Code     0  rt_memclr_w.o(.text)
    __rt_memclr_w                            0x08010b49   Thumb Code    78  rt_memclr_w.o(.text)
    _memset_w                                0x08010b4d   Thumb Code     0  rt_memclr_w.o(.text)
    __user_libspace                          0x08010b99   Thumb Code     8  libspace.o(.text)
    __user_perproc_libspace                  0x08010b99   Thumb Code     0  libspace.o(.text)
    __user_perthread_libspace                0x08010b99   Thumb Code     0  libspace.o(.text)
    __rt_locale                              0x08010ba1   Thumb Code     8  rt_locale_intlibspace.o(.text)
    _chval                                   0x08010ba9   Thumb Code    28  _chval.o(.text)
    __user_setup_stackheap                   0x08010bc5   Thumb Code    74  sys_stackheap_outer.o(.text)
    exit                                     0x08010c0f   Thumb Code    12  exit.o(.text)
    strcmp                                   0x08010c1d   Thumb Code   128  strcmpv7m.o(.text)
    _sys_exit                                0x08010c9d   Thumb Code     8  sys_exit.o(.text)
    __I$use$semihosting                      0x08010ca9   Thumb Code     0  use_no_semi.o(.text)
    __use_no_semihosting_swi                 0x08010ca9   Thumb Code     2  use_no_semi.o(.text)
    BusFault_Handler                         0x08010cab   Thumb Code     4  stm32f4xx_it.o(i.BusFault_Handler)
    __semihosting_library_function           0x08010cab   Thumb Code     0  indicate_semi.o(.text)
    DMA2_Stream7_IRQHandler                  0x08010cb1   Thumb Code    34  usart.o(i.DMA2_Stream7_IRQHandler)
    DMA_ClearFlag                            0x08010ce1   Thumb Code    38  stm32f4xx_dma.o(i.DMA_ClearFlag)
    DMA_ClearITPendingBit                    0x08010d15   Thumb Code    38  stm32f4xx_dma.o(i.DMA_ClearITPendingBit)
    DMA_Cmd                                  0x08010d49   Thumb Code    22  stm32f4xx_dma.o(i.DMA_Cmd)
    DMA_DeInit                               0x08010d61   Thumb Code   324  stm32f4xx_dma.o(i.DMA_DeInit)
    DMA_GetCmdStatus                         0x08010eb9   Thumb Code    20  stm32f4xx_dma.o(i.DMA_GetCmdStatus)
    DMA_GetITStatus                          0x08010ecd   Thumb Code    82  stm32f4xx_dma.o(i.DMA_GetITStatus)
    DMA_ITConfig                             0x08010f31   Thumb Code    58  stm32f4xx_dma.o(i.DMA_ITConfig)
    DMA_Init                                 0x08010f6d   Thumb Code    82  stm32f4xx_dma.o(i.DMA_Init)
    DebugMon_Handler                         0x08010fc5   Thumb Code     2  stm32f4xx_it.o(i.DebugMon_Handler)
    GPIO_Init                                0x08010fc7   Thumb Code   144  stm32f4xx_gpio.o(i.GPIO_Init)
    GPIO_PinAFConfig                         0x08011057   Thumb Code    70  stm32f4xx_gpio.o(i.GPIO_PinAFConfig)
    MemManage_Handler                        0x0801109d   Thumb Code     4  stm32f4xx_it.o(i.MemManage_Handler)
    NMI_Handler                              0x080110a1   Thumb Code     2  stm32f4xx_it.o(i.NMI_Handler)
    NVIC_Init                                0x080110a5   Thumb Code   106  misc.o(i.NVIC_Init)
    NVIC_PriorityGroupConfig                 0x0801111d   Thumb Code    10  misc.o(i.NVIC_PriorityGroupConfig)
    NVIC_SetVectorTable                      0x08011131   Thumb Code    12  misc.o(i.NVIC_SetVectorTable)
    RCC_AHB1PeriphClockCmd                   0x08011145   Thumb Code    26  stm32f4xx_rcc.o(i.RCC_AHB1PeriphClockCmd)
    RCC_APB2PeriphClockCmd                   0x08011165   Thumb Code    26  stm32f4xx_rcc.o(i.RCC_APB2PeriphClockCmd)
    RCC_GetClocksFreq                        0x08011185   Thumb Code   214  stm32f4xx_rcc.o(i.RCC_GetClocksFreq)
    SysTick_Handler                          0x08011359   Thumb Code    46  port.o(i.SysTick_Handler)
    SystemInit                               0x0801138d   Thumb Code    88  system_stm32f4xx.o(i.SystemInit)
    USART1_IRQHandler                        0x080113f5   Thumb Code    70  usart.o(i.USART1_IRQHandler)
    USART_ClearFlag                          0x08011445   Thumb Code    18  stm32f4xx_usart.o(i.USART_ClearFlag)
    USART_ClearITPendingBit                  0x08011457   Thumb Code    30  stm32f4xx_usart.o(i.USART_ClearITPendingBit)
    USART_Cmd                                0x08011475   Thumb Code    24  stm32f4xx_usart.o(i.USART_Cmd)
    USART_DMACmd                             0x0801148d   Thumb Code    18  stm32f4xx_usart.o(i.USART_DMACmd)
    USART_GetITStatus                        0x0801149f   Thumb Code    84  stm32f4xx_usart.o(i.USART_GetITStatus)
    USART_ITConfig                           0x080114f3   Thumb Code    74  stm32f4xx_usart.o(i.USART_ITConfig)
    USART_Init                               0x0801153d   Thumb Code   204  stm32f4xx_usart.o(i.USART_Init)
    USART_ReceiveData                        0x08011611   Thumb Code    10  stm32f4xx_usart.o(i.USART_ReceiveData)
    UsageFault_Handler                       0x0801161b   Thumb Code     4  stm32f4xx_it.o(i.UsageFault_Handler)
    _is_digit                                0x0801161f   Thumb Code    14  __printf_wp.o(i._is_digit)
    cli_interpret_command                    0x0801162d   Thumb Code   220  cli_register.o(i.cli_interpret_command)
    cli_print_info                           0x08011739   Thumb Code    74  cli_task.o(i.cli_print_info)
    cli_task_create                          0x080117f9   Thumb Code   254  cli_task.o(i.cli_task_create)
    eTaskGetState                            0x08011e25   Thumb Code   100  tasks.o(i.eTaskGetState)
    main                                     0x08012515   Thumb Code    36  main.o(i.main)
    pvPortMalloc                             0x08012ae9   Thumb Code   206  heap_5.o(i.pvPortMalloc)
    pvTaskIncrementMutexHeldCount            0x08012bcd   Thumb Code    26  tasks.o(i.pvTaskIncrementMutexHeldCount)
    pxPortInitialiseStack                    0x08012bed   Thumb Code    38  port.o(i.pxPortInitialiseStack)
    serial_cli_init                          0x08012c19   Thumb Code    16  serial.o(i.serial_cli_init)
    serial_cli_printInfo_init                0x08012c29   Thumb Code    12  serial.o(i.serial_cli_printInfo_init)
    serial_cli_print_info                    0x08012c35   Thumb Code    18  serial.o(i.serial_cli_print_info)
    uart_debug_DMA_init                      0x08012dc5   Thumb Code   178  usart.o(i.uart_debug_DMA_init)
    uart_debug_init                          0x08012e85   Thumb Code   216  usart.o(i.uart_debug_init)
    uart_send_data_by_DMA                    0x08012f69   Thumb Code    42  usart.o(i.uart_send_data_by_DMA)
    uxListRemove                             0x08012f9d   Thumb Code    40  list.o(i.uxListRemove)
    uxTaskGetSystemState                     0x08012fc5   Thumb Code   134  tasks.o(i.uxTaskGetSystemState)
    vListInitialise                          0x08013061   Thumb Code    26  list.o(i.vListInitialise)
    vListInitialiseItem                      0x0801307b   Thumb Code     6  list.o(i.vListInitialiseItem)
    vListInsert                              0x08013081   Thumb Code    52  list.o(i.vListInsert)
    vListInsertEnd                           0x080130b5   Thumb Code    24  list.o(i.vListInsertEnd)
    vPortEnterCritical                       0x080130cd   Thumb Code    76  port.o(i.vPortEnterCritical)
    vPortExitCritical                        0x08013121   Thumb Code    56  port.o(i.vPortExitCritical)
    vPortFree                                0x0801315d   Thumb Code   140  heap_5.o(i.vPortFree)
    vPortSetupTimerInterrupt                 0x080131f1   Thumb Code    20  port.o(i.vPortSetupTimerInterrupt)
    vPortValidateInterruptPriority           0x08013209   Thumb Code   106  port.o(i.vPortValidateInterruptPriority)
    vTaskGetInfo                             0x08013281   Thumb Code   126  tasks.o(i.vTaskGetInfo)
    vTaskInternalSetTimeOutState             0x08013305   Thumb Code    14  tasks.o(i.vTaskInternalSetTimeOutState)
    vTaskList                                0x0801331d   Thumb Code   204  tasks.o(i.vTaskList)
    vTaskMissedYield                         0x080133fd   Thumb Code     8  tasks.o(i.vTaskMissedYield)
    vTaskPlaceOnEventList                    0x08013409   Thumb Code    52  tasks.o(i.vTaskPlaceOnEventList)
    vTaskPriorityDisinheritAfterTimeout      0x08013441   Thumb Code   230  tasks.o(i.vTaskPriorityDisinheritAfterTimeout)
    vTaskStartScheduler                      0x08013535   Thumb Code   108  tasks.o(i.vTaskStartScheduler)
    vTaskSuspendAll                          0x080135bd   Thumb Code    12  tasks.o(i.vTaskSuspendAll)
    vTaskSwitchContext                       0x080135cd   Thumb Code   118  tasks.o(i.vTaskSwitchContext)
    xPortGetFreeHeapSize                     0x08013659   Thumb Code     6  heap_5.o(i.xPortGetFreeHeapSize)
    xPortGetMinimumEverFreeHeapSize          0x08013665   Thumb Code     6  heap_5.o(i.xPortGetMinimumEverFreeHeapSize)
    xPortStartScheduler                      0x08013671   Thumb Code   330  port.o(i.xPortStartScheduler)
    xQueueCreateMutex                        0x080137d9   Thumb Code    34  queue.o(i.xQueueCreateMutex)
    xQueueGenericCreate                      0x080137fb   Thumb Code    88  queue.o(i.xQueueGenericCreate)
    xQueueGenericReset                       0x08013855   Thumb Code   146  queue.o(i.xQueueGenericReset)
    xQueueGenericSend                        0x080138ed   Thumb Code   380  queue.o(i.xQueueGenericSend)
    xQueueGenericSendFromISR                 0x08013a6d   Thumb Code   248  queue.o(i.xQueueGenericSendFromISR)
    xQueueGiveFromISR                        0x08013b65   Thumb Code   224  queue.o(i.xQueueGiveFromISR)
    xQueueReceive                            0x08013c45   Thumb Code   316  queue.o(i.xQueueReceive)
    xQueueSemaphoreTake                      0x08013d85   Thumb Code   394  queue.o(i.xQueueSemaphoreTake)
    xTaskCheckForTimeOut                     0x08013f15   Thumb Code   132  tasks.o(i.xTaskCheckForTimeOut)
    xTaskCreate                              0x08013fa1   Thumb Code    96  tasks.o(i.xTaskCreate)
    xTaskIncrementTick                       0x08014001   Thumb Code   282  tasks.o(i.xTaskIncrementTick)
    xTaskPriorityDisinherit                  0x08014149   Thumb Code   188  tasks.o(i.xTaskPriorityDisinherit)
    xTaskPriorityInherit                     0x08014211   Thumb Code   186  tasks.o(i.xTaskPriorityInherit)
    xTaskRemoveFromEventList                 0x080142d9   Thumb Code   128  tasks.o(i.xTaskRemoveFromEventList)
    xTaskResumeAll                           0x08014371   Thumb Code   224  tasks.o(i.xTaskResumeAll)
    _get_lc_ctype                            0x08014475   Thumb Code    44  lc_ctype_c.o(locale$$code)
    _fp_init                                 0x080144a1   Thumb Code    10  fpinit.o(x$fpl$fpinit)
    __fplib_config_fpu_vfp                   0x080144a9   Thumb Code     0  fpinit.o(x$fpl$fpinit)
    __fplib_config_pureend_doubles           0x080144a9   Thumb Code     0  fpinit.o(x$fpl$fpinit)
    Region$$Table$$Base                      0x08014df4   Number         0  anon$$obj.o(Region$$Table)
    Region$$Table$$Limit                     0x08014e14   Number         0  anon$$obj.o(Region$$Table)
    __ctype                                  0x08014e21   Data           0  lc_ctype_c.o(locale$$data)
    pcMenuNameString                         0x20000010   Data           4  cli_task.o(.data)
    xCliDebugStatus                          0x20000014   Data           4  cli_task.o(.data)
    pxCurrentTCB                             0x20000070   Data           4  tasks.o(.data)
    cCliOutputString                         0x200000dc   Data         200  cli_task.o(.bss)
    __libspace_start                         0x200005c0   Data          96  libspace.o(.bss)
    __temporary_stack_top$libspace           0x20000620   Data           0  libspace.o(.bss)



==============================================================================

Memory Map of the image

  Image Entry point : 0x08010189

  Load Region LR_IROM1 (Base: 0x08010000, Size: 0x00005000, Max: 0x000effff, ABSOLUTE)

    Execution Region ER_IROM1 (Base: 0x08010000, Size: 0x00004f24, Max: 0x000effff, ABSOLUTE)

    Base Addr    Size         Type   Attr      Idx    E Section Name        Object

    0x08010000   0x00000188   Data   RO            3    RESET               startup_stm32f40_41xxx.o
    0x08010188   0x00000008   Code   RO         2725  * !!!main             c_w.l(__main.o)
    0x08010190   0x00000034   Code   RO         2919    !!!scatter          c_w.l(__scatter.o)
    0x080101c4   0x0000001a   Code   RO         2921    !!handler_copy      c_w.l(__scatter_copy.o)
    0x080101de   0x00000002   PAD
    0x080101e0   0x0000001c   Code   RO         2923    !!handler_zi        c_w.l(__scatter_zi.o)
    0x080101fc   0x00000000   Code   RO         2704    .ARM.Collect$$_printf_percent$$00000000  c_w.l(_printf_percent.o)
    0x080101fc   0x00000006   Code   RO         2702    .ARM.Collect$$_printf_percent$$00000009  c_w.l(_printf_d.o)
    0x08010202   0x00000006   Code   RO         2703    .ARM.Collect$$_printf_percent$$0000000A  c_w.l(_printf_u.o)
    0x08010208   0x00000006   Code   RO         2700    .ARM.Collect$$_printf_percent$$00000013  c_w.l(_printf_c.o)
    0x0801020e   0x00000006   Code   RO         2701    .ARM.Collect$$_printf_percent$$00000014  c_w.l(_printf_s.o)
    0x08010214   0x00000004   Code   RO         2745    .ARM.Collect$$_printf_percent$$00000017  c_w.l(_printf_percent_end.o)
    0x08010218   0x00000002   Code   RO         2793    .ARM.Collect$$libinit$$00000000  c_w.l(libinit.o)
    0x0801021a   0x00000004   Code   RO         2794    .ARM.Collect$$libinit$$00000001  c_w.l(libinit2.o)
    0x0801021e   0x00000000   Code   RO         2797    .ARM.Collect$$libinit$$00000004  c_w.l(libinit2.o)
    0x0801021e   0x00000000   Code   RO         2800    .ARM.Collect$$libinit$$0000000A  c_w.l(libinit2.o)
    0x0801021e   0x00000000   Code   RO         2802    .ARM.Collect$$libinit$$0000000C  c_w.l(libinit2.o)
    0x0801021e   0x00000000   Code   RO         2804    .ARM.Collect$$libinit$$0000000E  c_w.l(libinit2.o)
    0x0801021e   0x00000006   Code   RO         2805    .ARM.Collect$$libinit$$0000000F  c_w.l(libinit2.o)
    0x08010224   0x00000000   Code   RO         2807    .ARM.Collect$$libinit$$00000011  c_w.l(libinit2.o)
    0x08010224   0x0000000c   Code   RO         2808    .ARM.Collect$$libinit$$00000012  c_w.l(libinit2.o)
    0x08010230   0x00000000   Code   RO         2809    .ARM.Collect$$libinit$$00000013  c_w.l(libinit2.o)
    0x08010230   0x00000000   Code   RO         2811    .ARM.Collect$$libinit$$00000015  c_w.l(libinit2.o)
    0x08010230   0x00000000   Code   RO         2813    .ARM.Collect$$libinit$$00000017  c_w.l(libinit2.o)
    0x08010230   0x00000000   Code   RO         2815    .ARM.Collect$$libinit$$00000019  c_w.l(libinit2.o)
    0x08010230   0x00000000   Code   RO         2817    .ARM.Collect$$libinit$$0000001B  c_w.l(libinit2.o)
    0x08010230   0x00000000   Code   RO         2819    .ARM.Collect$$libinit$$0000001D  c_w.l(libinit2.o)
    0x08010230   0x00000000   Code   RO         2821    .ARM.Collect$$libinit$$0000001F  c_w.l(libinit2.o)
    0x08010230   0x00000000   Code   RO         2823    .ARM.Collect$$libinit$$00000021  c_w.l(libinit2.o)
    0x08010230   0x00000000   Code   RO         2825    .ARM.Collect$$libinit$$00000023  c_w.l(libinit2.o)
    0x08010230   0x00000000   Code   RO         2827    .ARM.Collect$$libinit$$00000025  c_w.l(libinit2.o)
    0x08010230   0x00000000   Code   RO         2831    .ARM.Collect$$libinit$$0000002C  c_w.l(libinit2.o)
    0x08010230   0x00000000   Code   RO         2833    .ARM.Collect$$libinit$$0000002E  c_w.l(libinit2.o)
    0x08010230   0x00000000   Code   RO         2835    .ARM.Collect$$libinit$$00000030  c_w.l(libinit2.o)
    0x08010230   0x00000000   Code   RO         2837    .ARM.Collect$$libinit$$00000032  c_w.l(libinit2.o)
    0x08010230   0x00000002   Code   RO         2838    .ARM.Collect$$libinit$$00000033  c_w.l(libinit2.o)
    0x08010232   0x00000002   Code   RO         2868    .ARM.Collect$$libshutdown$$00000000  c_w.l(libshutdown.o)
    0x08010234   0x00000000   Code   RO         2880    .ARM.Collect$$libshutdown$$00000003  c_w.l(libshutdown2.o)
    0x08010234   0x00000000   Code   RO         2883    .ARM.Collect$$libshutdown$$00000006  c_w.l(libshutdown2.o)
    0x08010234   0x00000000   Code   RO         2886    .ARM.Collect$$libshutdown$$00000009  c_w.l(libshutdown2.o)
    0x08010234   0x00000000   Code   RO         2888    .ARM.Collect$$libshutdown$$0000000B  c_w.l(libshutdown2.o)
    0x08010234   0x00000000   Code   RO         2891    .ARM.Collect$$libshutdown$$0000000E  c_w.l(libshutdown2.o)
    0x08010234   0x00000002   Code   RO         2892    .ARM.Collect$$libshutdown$$0000000F  c_w.l(libshutdown2.o)
    0x08010236   0x00000000   Code   RO         2727    .ARM.Collect$$rtentry$$00000000  c_w.l(__rtentry.o)
    0x08010236   0x00000000   Code   RO         2756    .ARM.Collect$$rtentry$$00000002  c_w.l(__rtentry2.o)
    0x08010236   0x00000006   Code   RO         2768    .ARM.Collect$$rtentry$$00000004  c_w.l(__rtentry4.o)
    0x0801023c   0x00000000   Code   RO         2758    .ARM.Collect$$rtentry$$00000009  c_w.l(__rtentry2.o)
    0x0801023c   0x00000004   Code   RO         2759    .ARM.Collect$$rtentry$$0000000A  c_w.l(__rtentry2.o)
    0x08010240   0x00000000   Code   RO         2761    .ARM.Collect$$rtentry$$0000000C  c_w.l(__rtentry2.o)
    0x08010240   0x00000008   Code   RO         2762    .ARM.Collect$$rtentry$$0000000D  c_w.l(__rtentry2.o)
    0x08010248   0x00000002   Code   RO         2839    .ARM.Collect$$rtexit$$00000000  c_w.l(rtexit.o)
    0x0801024a   0x00000000   Code   RO         2846    .ARM.Collect$$rtexit$$00000002  c_w.l(rtexit2.o)
    0x0801024a   0x00000004   Code   RO         2847    .ARM.Collect$$rtexit$$00000003  c_w.l(rtexit2.o)
    0x0801024e   0x00000006   Code   RO         2848    .ARM.Collect$$rtexit$$00000004  c_w.l(rtexit2.o)
    0x08010254   0x000000be   Code   RO          988    .emb_text           port.o
    0x08010312   0x00000002   PAD
    0x08010314   0x00000040   Code   RO            4    .text               startup_stm32f40_41xxx.o
    0x08010354   0x0000002c   Code   RO         2664    .text               c_w.l(__2sprintf.o)
    0x08010380   0x00000038   Code   RO         2666    .text               c_w.l(__2snprintf.o)
    0x080103b8   0x0000004e   Code   RO         2674    .text               c_w.l(_printf_pad.o)
    0x08010406   0x00000052   Code   RO         2676    .text               c_w.l(_printf_str.o)
    0x08010458   0x00000078   Code   RO         2678    .text               c_w.l(_printf_dec.o)
    0x080104d0   0x00000138   Code   RO         2692    .text               c_w.l(__printf_flags_wp.o)
    0x08010608   0x00000070   Code   RO         2705    .text               c_w.l(strtol.o)
    0x08010678   0x00000072   Code   RO         2707    .text               c_w.l(strtoul.o)
    0x080106ea   0x00000048   Code   RO         2709    .text               c_w.l(strcpy.o)
    0x08010732   0x0000003e   Code   RO         2711    .text               c_w.l(strlen.o)
    0x08010770   0x00000096   Code   RO         2713    .text               c_w.l(strncmp.o)
    0x08010806   0x00000018   Code   RO         2715    .text               c_w.l(strcat.o)
    0x0801081e   0x0000008a   Code   RO         2717    .text               c_w.l(rt_memcpy_v6.o)
    0x080108a8   0x00000010   Code   RO         2719    .text               c_w.l(aeabi_memset.o)
    0x080108b8   0x00000044   Code   RO         2721    .text               c_w.l(rt_memclr.o)
    0x080108fc   0x00000006   Code   RO         2723    .text               c_w.l(heapauxi.o)
    0x08010902   0x00000002   PAD
    0x08010904   0x00000010   Code   RO         2728    .text               c_w.l(rt_ctype_table.o)
    0x08010914   0x00000008   Code   RO         2733    .text               c_w.l(rt_errno_addr_intlibspace.o)
    0x0801091c   0x000000b2   Code   RO         2735    .text               c_w.l(_printf_intcommon.o)
    0x080109ce   0x00000002   PAD
    0x080109d0   0x00000030   Code   RO         2737    .text               c_w.l(_printf_char_common.o)
    0x08010a00   0x0000000a   Code   RO         2739    .text               c_w.l(_sputc.o)
    0x08010a0a   0x00000010   Code   RO         2741    .text               c_w.l(_snputc.o)
    0x08010a1a   0x0000002c   Code   RO         2743    .text               c_w.l(_printf_char.o)
    0x08010a46   0x0000009e   Code   RO         2746    .text               c_w.l(_strtoul.o)
    0x08010ae4   0x00000064   Code   RO         2748    .text               c_w.l(rt_memcpy_w.o)
    0x08010b48   0x0000004e   Code   RO         2750    .text               c_w.l(rt_memclr_w.o)
    0x08010b96   0x00000002   PAD
    0x08010b98   0x00000008   Code   RO         2752    .text               c_w.l(libspace.o)
    0x08010ba0   0x00000008   Code   RO         2773    .text               c_w.l(rt_locale_intlibspace.o)
    0x08010ba8   0x0000001c   Code   RO         2777    .text               c_w.l(_chval.o)
    0x08010bc4   0x0000004a   Code   RO         2782    .text               c_w.l(sys_stackheap_outer.o)
    0x08010c0e   0x0000000c   Code   RO         2784    .text               c_w.l(exit.o)
    0x08010c1a   0x00000002   PAD
    0x08010c1c   0x00000080   Code   RO         2786    .text               c_w.l(strcmpv7m.o)
    0x08010c9c   0x0000000c   Code   RO         2858    .text               c_w.l(sys_exit.o)
    0x08010ca8   0x00000002   Code   RO         2869    .text               c_w.l(use_no_semi.o)
    0x08010caa   0x00000000   Code   RO         2871    .text               c_w.l(indicate_semi.o)
    0x08010caa   0x00000004   Code   RO         1123    i.BusFault_Handler  stm32f4xx_it.o
    0x08010cae   0x00000002   PAD
    0x08010cb0   0x00000030   Code   RO          348    i.DMA2_Stream7_IRQHandler  usart.o
    0x08010ce0   0x00000034   Code   RO         1263    i.DMA_ClearFlag     stm32f4xx_dma.o
    0x08010d14   0x00000034   Code   RO         1264    i.DMA_ClearITPendingBit  stm32f4xx_dma.o
    0x08010d48   0x00000016   Code   RO         1265    i.DMA_Cmd           stm32f4xx_dma.o
    0x08010d5e   0x00000002   PAD
    0x08010d60   0x00000158   Code   RO         1266    i.DMA_DeInit        stm32f4xx_dma.o
    0x08010eb8   0x00000014   Code   RO         1270    i.DMA_GetCmdStatus  stm32f4xx_dma.o
    0x08010ecc   0x00000064   Code   RO         1275    i.DMA_GetITStatus   stm32f4xx_dma.o
    0x08010f30   0x0000003a   Code   RO         1276    i.DMA_ITConfig      stm32f4xx_dma.o
    0x08010f6a   0x00000002   PAD
    0x08010f6c   0x00000058   Code   RO         1277    i.DMA_Init          stm32f4xx_dma.o
    0x08010fc4   0x00000002   Code   RO         1124    i.DebugMon_Handler  stm32f4xx_it.o
    0x08010fc6   0x00000090   Code   RO         1465    i.GPIO_Init         stm32f4xx_gpio.o
    0x08011056   0x00000046   Code   RO         1466    i.GPIO_PinAFConfig  stm32f4xx_gpio.o
    0x0801109c   0x00000004   Code   RO         1125    i.MemManage_Handler  stm32f4xx_it.o
    0x080110a0   0x00000002   Code   RO         1126    i.NMI_Handler       stm32f4xx_it.o
    0x080110a2   0x00000002   PAD
    0x080110a4   0x00000078   Code   RO         1215    i.NVIC_Init         misc.o
    0x0801111c   0x00000014   Code   RO         1216    i.NVIC_PriorityGroupConfig  misc.o
    0x08011130   0x00000014   Code   RO         1217    i.NVIC_SetVectorTable  misc.o
    0x08011144   0x00000020   Code   RO         1566    i.RCC_AHB1PeriphClockCmd  stm32f4xx_rcc.o
    0x08011164   0x00000020   Code   RO         1578    i.RCC_APB2PeriphClockCmd  stm32f4xx_rcc.o
    0x08011184   0x000000e8   Code   RO         1587    i.RCC_GetClocksFreq  stm32f4xx_rcc.o
    0x0801126c   0x000000ec   Code   RO         1174    i.SetSysClock       system_stm32f4xx.o
    0x08011358   0x00000034   Code   RO          989    i.SysTick_Handler   port.o
    0x0801138c   0x00000068   Code   RO         1176    i.SystemInit        system_stm32f4xx.o
    0x080113f4   0x00000050   Code   RO          349    i.USART1_IRQHandler  usart.o
    0x08011444   0x00000012   Code   RO         2473    i.USART_ClearFlag   stm32f4xx_usart.o
    0x08011456   0x0000001e   Code   RO         2474    i.USART_ClearITPendingBit  stm32f4xx_usart.o
    0x08011474   0x00000018   Code   RO         2477    i.USART_Cmd         stm32f4xx_usart.o
    0x0801148c   0x00000012   Code   RO         2478    i.USART_DMACmd      stm32f4xx_usart.o
    0x0801149e   0x00000054   Code   RO         2481    i.USART_GetITStatus  stm32f4xx_usart.o
    0x080114f2   0x0000004a   Code   RO         2483    i.USART_ITConfig    stm32f4xx_usart.o
    0x0801153c   0x000000d4   Code   RO         2484    i.USART_Init        stm32f4xx_usart.o
    0x08011610   0x0000000a   Code   RO         2491    i.USART_ReceiveData  stm32f4xx_usart.o
    0x0801161a   0x00000004   Code   RO         1127    i.UsageFault_Handler  stm32f4xx_it.o
    0x0801161e   0x0000000e   Code   RO         2690    i._is_digit         c_w.l(__printf_wp.o)
    0x0801162c   0x0000010c   Code   RO          205    i.cli_interpret_command  cli_register.o
    0x08011738   0x00000058   Code   RO          112    i.cli_print_info    cli_task.o
    0x08011790   0x00000038   Code   RO          113    i.cli_receive_char_callback  cli_task.o
    0x080117c8   0x00000030   Code   RO          114    i.cli_send_frame_over_callback  cli_task.o
    0x080117f8   0x00000140   Code   RO          115    i.cli_task_create   cli_task.o
    0x08011938   0x000001a8   Code   RO          116    i.cli_task_receive  cli_task.o
    0x08011ae0   0x0000003c   Code   RO          117    i.cli_task_send     cli_task.o
    0x08011b1c   0x00000308   Code   RO          206    i.debugPrintOnOff   cli_register.o
    0x08011e24   0x00000074   Code   RO          643    i.eTaskGetState     tasks.o
    0x08011e98   0x00000028   Code   RO          207    i.getLongValue      cli_register.o
    0x08011ec0   0x00000028   Code   RO          208    i.getULongValue     cli_register.o
    0x08011ee8   0x000002b8   Code   RO          209    i.help              cli_register.o
    0x080121a0   0x000002b0   Code   RO          210    i.infoSysVersion    cli_register.o
    0x08012450   0x000000c4   Code   RO          211    i.listShowAllCommond  cli_register.o
    0x08012514   0x00000028   Code   RO           13    i.main              main.o
    0x0801253c   0x00000098   Code   RO          645    i.prvAddCurrentTaskToDelayedList  tasks.o
    0x080125d4   0x000000b8   Code   RO          646    i.prvAddNewTaskToReadyList  tasks.o
    0x0801268c   0x00000002   Code   RO          647    i.prvCheckTasksWaitingTermination  tasks.o
    0x0801268e   0x0000002a   Code   RO          471    i.prvCopyDataFromQueue  queue.o
    0x080126b8   0x0000007c   Code   RO          472    i.prvCopyDataToQueue  queue.o
    0x08012734   0x00000014   Code   RO          473    i.prvGetDisinheritPriorityAfterTimeout  queue.o
    0x08012748   0x00000008   Code   RO          648    i.prvIdleTask       tasks.o
    0x08012750   0x0000001c   Code   RO          474    i.prvInitialiseMutex  queue.o
    0x0801276c   0x0000002a   Code   RO          475    i.prvInitialiseNewQueue  queue.o
    0x08012796   0x000000b6   Code   RO          649    i.prvInitialiseNewTask  tasks.o
    0x0801284c   0x0000005c   Code   RO          650    i.prvInitialiseTaskLists  tasks.o
    0x080128a8   0x00000068   Code   RO         1065    i.prvInsertBlockIntoFreeList  heap_5.o
    0x08012910   0x0000001a   Code   RO          476    i.prvIsQueueEmpty   queue.o
    0x0801292a   0x0000001e   Code   RO          477    i.prvIsQueueFull    queue.o
    0x08012948   0x0000006a   Code   RO          651    i.prvListTasksWithinSingleList  tasks.o
    0x080129b2   0x00000002   PAD
    0x080129b4   0x00000034   Code   RO          652    i.prvResetNextTaskUnblockTime  tasks.o
    0x080129e8   0x00000016   Code   RO          653    i.prvTaskCheckFreeStackSpace  tasks.o
    0x080129fe   0x00000002   PAD
    0x08012a00   0x00000040   Code   RO          990    i.prvTaskExitError  port.o
    0x08012a40   0x0000007e   Code   RO          478    i.prvUnlockQueue    queue.o
    0x08012abe   0x0000002a   Code   RO          655    i.prvWriteNameToBuffer  tasks.o
    0x08012ae8   0x000000e4   Code   RO         1066    i.pvPortMalloc      heap_5.o
    0x08012bcc   0x00000020   Code   RO          656    i.pvTaskIncrementMutexHeldCount  tasks.o
    0x08012bec   0x0000002c   Code   RO          991    i.pxPortInitialiseStack  port.o
    0x08012c18   0x00000010   Code   RO          270    i.serial_cli_init   serial.o
    0x08012c28   0x0000000c   Code   RO          271    i.serial_cli_printInfo_init  serial.o
    0x08012c34   0x00000018   Code   RO          272    i.serial_cli_print_info  serial.o
    0x08012c4c   0x000000b4   Code   RO          212    i.systemStackStatsShow  cli_register.o
    0x08012d00   0x000000c4   Code   RO          213    i.taskStackStatsShow  cli_register.o
    0x08012dc4   0x000000c0   Code   RO          350    i.uart_debug_DMA_init  usart.o
    0x08012e84   0x000000e4   Code   RO          351    i.uart_debug_init   usart.o
    0x08012f68   0x00000034   Code   RO          352    i.uart_send_data_by_DMA  usart.o
    0x08012f9c   0x00000028   Code   RO          423    i.uxListRemove      list.o
    0x08012fc4   0x0000009c   Code   RO          659    i.uxTaskGetSystemState  tasks.o
    0x08013060   0x0000001a   Code   RO          424    i.vListInitialise   list.o
    0x0801307a   0x00000006   Code   RO          425    i.vListInitialiseItem  list.o
    0x08013080   0x00000034   Code   RO          426    i.vListInsert       list.o
    0x080130b4   0x00000018   Code   RO          427    i.vListInsertEnd    list.o
    0x080130cc   0x00000054   Code   RO          993    i.vPortEnterCritical  port.o
    0x08013120   0x0000003c   Code   RO          994    i.vPortExitCritical  port.o
    0x0801315c   0x00000094   Code   RO         1068    i.vPortFree         heap_5.o
    0x080131f0   0x00000018   Code   RO          995    i.vPortSetupTimerInterrupt  port.o
    0x08013208   0x00000078   Code   RO          996    i.vPortValidateInterruptPriority  port.o
    0x08013280   0x00000084   Code   RO          665    i.vTaskGetInfo      tasks.o
    0x08013304   0x00000018   Code   RO          666    i.vTaskInternalSetTimeOutState  tasks.o
    0x0801331c   0x000000e0   Code   RO          667    i.vTaskList         tasks.o
    0x080133fc   0x0000000c   Code   RO          668    i.vTaskMissedYield  tasks.o
    0x08013408   0x00000038   Code   RO          671    i.vTaskPlaceOnEventList  tasks.o
    0x08013440   0x000000f4   Code   RO          673    i.vTaskPriorityDisinheritAfterTimeout  tasks.o
    0x08013534   0x00000088   Code   RO          680    i.vTaskStartScheduler  tasks.o
    0x080135bc   0x00000010   Code   RO          682    i.vTaskSuspendAll   tasks.o
    0x080135cc   0x0000008c   Code   RO          683    i.vTaskSwitchContext  tasks.o
    0x08013658   0x0000000c   Code   RO         1069    i.xPortGetFreeHeapSize  heap_5.o
    0x08013664   0x0000000c   Code   RO         1070    i.xPortGetMinimumEverFreeHeapSize  heap_5.o
    0x08013670   0x00000168   Code   RO          997    i.xPortStartScheduler  port.o
    0x080137d8   0x00000022   Code   RO          486    i.xQueueCreateMutex  queue.o
    0x080137fa   0x00000058   Code   RO          487    i.xQueueGenericCreate  queue.o
    0x08013852   0x00000002   PAD
    0x08013854   0x00000098   Code   RO          488    i.xQueueGenericReset  queue.o
    0x080138ec   0x00000180   Code   RO          489    i.xQueueGenericSend  queue.o
    0x08013a6c   0x000000f8   Code   RO          490    i.xQueueGenericSendFromISR  queue.o
    0x08013b64   0x000000e0   Code   RO          491    i.xQueueGiveFromISR  queue.o
    0x08013c44   0x00000140   Code   RO          496    i.xQueueReceive     queue.o
    0x08013d84   0x00000190   Code   RO          498    i.xQueueSemaphoreTake  queue.o
    0x08013f14   0x0000008c   Code   RO          684    i.xTaskCheckForTimeOut  tasks.o
    0x08013fa0   0x00000060   Code   RO          685    i.xTaskCreate       tasks.o
    0x08014000   0x00000148   Code   RO          691    i.xTaskIncrementTick  tasks.o
    0x08014148   0x000000c8   Code   RO          694    i.xTaskPriorityDisinherit  tasks.o
    0x08014210   0x000000c8   Code   RO          695    i.xTaskPriorityInherit  tasks.o
    0x080142d8   0x00000098   Code   RO          696    i.xTaskRemoveFromEventList  tasks.o
    0x08014370   0x00000104   Code   RO          697    i.xTaskResumeAll    tasks.o
    0x08014474   0x0000002c   Code   RO         2780    locale$$code        c_w.l(lc_ctype_c.o)
    0x080144a0   0x0000000a   Code   RO         2843    x$fpl$fpinit        fz_wm.l(fpinit.o)
    0x080144aa   0x00000002   PAD
    0x080144ac   0x00000014   Data   RO          119    .constdata          cli_task.o
    0x080144c0   0x000000bc   Data   RO          215    .constdata          cli_register.o
    0x0801457c   0x00000011   Data   RO         2693    .constdata          c_w.l(__printf_flags_wp.o)
    0x0801458d   0x00000003   PAD
    0x08014590   0x000000e5   Data   RO          120    .conststring        cli_task.o
    0x08014675   0x00000003   PAD
    0x08014678   0x00000779   Data   RO          216    .conststring        cli_register.o
    0x08014df1   0x00000003   PAD
    0x08014df4   0x00000020   Data   RO         2917    Region$$Table       anon$$obj.o
    0x08014e14   0x00000110   Data   RO         2779    locale$$data        c_w.l(lc_ctype_c.o)


    Execution Region RW_IRAM1 (Base: 0x20000000, Size: 0x00000c20, Max: 0x00020000, ABSOLUTE)

    Base Addr    Size         Type   Attr      Idx    E Section Name        Object

    0x20000000   0x0000004b   Data   RW          121    .data               cli_task.o
    0x2000004b   0x00000001   PAD
    0x2000004c   0x0000001c   Data   RW          217    .data               cli_register.o
    0x20000068   0x00000008   Data   RW          353    .data               usart.o
    0x20000070   0x00000038   Data   RW          700    .data               tasks.o
    0x200000a8   0x0000000c   Data   RW          998    .data               port.o
    0x200000b4   0x00000018   Data   RW         1071    .data               heap_5.o
    0x200000cc   0x00000010   Data   RW         1619    .data               stm32f4xx_rcc.o
    0x200000dc   0x000001c2   Zero   RW          118    .bss                cli_task.o
    0x2000029e   0x00000190   Zero   RW          214    .bss                cli_register.o
    0x2000042e   0x00000002   PAD
    0x20000430   0x00000190   Zero   RW          699    .bss                tasks.o
    0x200005c0   0x00000060   Zero   RW         2753    .bss                c_w.l(libspace.o)
    0x20000620   0x00000200   Zero   RW            2    HEAP                startup_stm32f40_41xxx.o
    0x20000820   0x00000400   Zero   RW            1    STACK               startup_stm32f40_41xxx.o


==============================================================================

Image component sizes


      Code (inc. data)   RO Data    RW Data    ZI Data      Debug   Object Name

      3080        634       2101         28        400       8091   cli_register.o
       996        194        249         75        450      19263   cli_task.o
       504         50          0         24          0       7340   heap_5.o
       148          0          0          0          0       5386   list.o
        40          4          0          0          0     295363   main.o
       160         32          0          0          0       2685   misc.o
       998         92          0         12          0      11633   port.o
      2288         20          0          0          0      16072   queue.o
        52          6          0          0          0       2086   serial.o
        64         26        392          0       1536       1052   startup_stm32f40_41xxx.o
       736         72          0          0          0       7594   stm32f4xx_dma.o
       214          0          0          0          0       2219   stm32f4xx_gpio.o
        16          0          0          0          0       2725   stm32f4xx_it.o
       296         30          0         16          0       4714   stm32f4xx_rcc.o
       470          8          0          0          0       7301   stm32f4xx_usart.o
       340         32          0          0          0       2113   system_stm32f4xx.o
      3506        396          0         56        400      25725   tasks.o
       600         60          0          8          0       4030   usart.o

    ----------------------------------------------------------------------
     14524       1656       2780        220       2788     425392   Object Totals
         0          0         32          0          0          0   (incl. Generated)
        16          0          6          1          2          0   (incl. Padding)

    ----------------------------------------------------------------------

      Code (inc. data)   RO Data    RW Data    ZI Data      Debug   Library Member Name

        56          6          0          0          0         88   __2snprintf.o
        44          6          0          0          0         84   __2sprintf.o
         8          0          0          0          0         68   __main.o
       312          4         17          0          0         92   __printf_flags_wp.o
        14          0          0          0          0         68   __printf_wp.o
         0          0          0          0          0          0   __rtentry.o
        12          0          0          0          0          0   __rtentry2.o
         6          0          0          0          0          0   __rtentry4.o
        52          8          0          0          0          0   __scatter.o
        26          0          0          0          0          0   __scatter_copy.o
        28          0          0          0          0          0   __scatter_zi.o
        28          0          0          0          0         68   _chval.o
         6          0          0          0          0          0   _printf_c.o
        44          0          0          0          0        108   _printf_char.o
        48          6          0          0          0         96   _printf_char_common.o
         6          0          0          0          0          0   _printf_d.o
       120         16          0          0          0         92   _printf_dec.o
       178          0          0          0          0         88   _printf_intcommon.o
        78          0          0          0          0        108   _printf_pad.o
         0          0          0          0          0          0   _printf_percent.o
         4          0          0          0          0          0   _printf_percent_end.o
         6          0          0          0          0          0   _printf_s.o
        82          0          0          0          0         80   _printf_str.o
         6          0          0          0          0          0   _printf_u.o
        16          0          0          0          0         68   _snputc.o
        10          0          0          0          0         68   _sputc.o
       158          0          0          0          0         92   _strtoul.o
        16          0          0          0          0         68   aeabi_memset.o
        12          0          0          0          0         72   exit.o
         6          0          0          0          0        152   heapauxi.o
         0          0          0          0          0          0   indicate_semi.o
        44         10        272          0          0         76   lc_ctype_c.o
         2          0          0          0          0          0   libinit.o
        24          0          0          0          0          0   libinit2.o
         2          0          0          0          0          0   libshutdown.o
         2          0          0          0          0          0   libshutdown2.o
         8          4          0          0         96         68   libspace.o
        16          4          0          0          0         76   rt_ctype_table.o
         8          4          0          0          0         68   rt_errno_addr_intlibspace.o
         8          4          0          0          0         68   rt_locale_intlibspace.o
        68          0          0          0          0         68   rt_memclr.o
        78          0          0          0          0         80   rt_memclr_w.o
       138          0          0          0          0         68   rt_memcpy_v6.o
       100          0          0          0          0         80   rt_memcpy_w.o
         2          0          0          0          0          0   rtexit.o
        10          0          0          0          0          0   rtexit2.o
        24          0          0          0          0         68   strcat.o
       128          0          0          0          0         68   strcmpv7m.o
        72          0          0          0          0         80   strcpy.o
        62          0          0          0          0         76   strlen.o
       150          0          0          0          0         80   strncmp.o
       112          0          0          0          0         88   strtol.o
       114          0          0          0          0         92   strtoul.o
        12          4          0          0          0         68   sys_exit.o
        74          0          0          0          0         80   sys_stackheap_outer.o
         2          0          0          0          0         68   use_no_semi.o
        10          0          0          0          0        116   fpinit.o

    ----------------------------------------------------------------------
      2664         76        292          0         96       3096   Library Totals
        12          0          3          0          0          0   (incl. Padding)

    ----------------------------------------------------------------------

      Code (inc. data)   RO Data    RW Data    ZI Data      Debug   Library Name

      2642         76        289          0         96       2980   c_w.l
        10          0          0          0          0        116   fz_wm.l

    ----------------------------------------------------------------------
      2664         76        292          0         96       3096   Library Totals

    ----------------------------------------------------------------------

==============================================================================


      Code (inc. data)   RO Data    RW Data    ZI Data      Debug   

     17188       1732       3072        220       2884     415472   Grand Totals
     17188       1732       3072        220       2884     415472   ELF Image Totals
     17188       1732       3072        220          0          0   ROM Totals

==============================================================================

    Total RO  Size (Code + RO Data)                20260 (  19.79kB)
    Total RW  Size (RW Data + ZI Data)              3104 (   3.03kB)
    Total ROM Size (Code + RO Data + RW Data)      20480 (  20.00kB)

==============================================================================

